11018 02:45:23 rt_sigaction(SIGABRT, {sa_handler=SIG_DFL, sa_mask=[ABRT], sa_flags=SA_RESTORER|SA_RESTART, sa_restorer=0x7f59ba53e520},  <unfinished ...>
11017 02:45:23 <... arch_prctl resumed>) = 0
11018 02:45:23 <... rt_sigaction resumed>{sa_handler=SIG_DFL, sa_mask=[], sa_flags=0}, 8) = 0
11017 02:45:23 set_tid_address(0x7f548d707b10 <unfinished ...>
11018 02:45:23 rt_sigaction(SIGBUS, {sa_handler=SIG_DFL, sa_mask=[BUS], sa_flags=SA_RESTORER|SA_RESTART, sa_restorer=0x7f59ba53e520},  <unfinished ...>
11017 02:45:23 <... set_tid_address resumed>) = 11017
11018 02:45:23 <... rt_sigaction resumed>{sa_handler=SIG_DFL, sa_mask=[], sa_flags=0}, 8) = 0
11017 02:45:23 set_robust_list(0x7f548d707b20, 24 <unfinished ...>
11018 02:45:23 rt_sigaction(SIGFPE, {sa_handler=SIG_DFL, sa_mask=[FPE], sa_flags=SA_RESTORER|SA_RESTART, sa_restorer=0x7f59ba53e520},  <unfinished ...>
11017 02:45:23 <... set_robust_list resumed>) = 0
11018 02:45:23 <... rt_sigaction resumed>{sa_handler=SIG_DFL, sa_mask=[], sa_flags=0}, 8) = 0
11017 02:45:23 rseq(0x7f548d7081e0, 0x20, 0, 0x53053053 <unfinished ...>
11018 02:45:23 rt_sigaction(SIGUSR1, {sa_handler=SIG_DFL, sa_mask=[USR1], sa_flags=SA_RESTORER|SA_RESTART, sa_restorer=0x7f59ba53e520},  <unfinished ...>
11017 02:45:23 <... rseq resumed>)      = 0
11018 02:45:23 <... rt_sigaction resumed>{sa_handler=0x11c7100, sa_mask=~[KILL STOP RTMIN RT_1], sa_flags=SA_RESTORER, sa_restorer=0x7f59ba53e520}, 8) = 0
11018 02:45:23 rt_sigaction(SIGSEGV, {sa_handler=SIG_DFL, sa_mask=[SEGV], sa_flags=SA_RESTORER|SA_RESTART, sa_restorer=0x7f59ba53e520}, {sa_handler=0xfcf220, sa_mask=[], sa_flags=SA_RESTORER|SA_SIGINFO, sa_restorer=0x7f59ba53e520}, 8) = 0
11018 02:45:23 rt_sigaction(SIGUSR2, {sa_handler=SIG_DFL, sa_mask=[USR2], sa_flags=SA_RESTORER|SA_RESTART, sa_restorer=0x7f59ba53e520}, {sa_handler=SIG_DFL, sa_mask=[], sa_flags=0}, 8) = 0
11018 02:45:23 rt_sigaction(SIGPIPE, {sa_handler=SIG_DFL, sa_mask=[PIPE], sa_flags=SA_RESTORER|SA_RESTART, sa_restorer=0x7f59ba53e520}, {sa_handler=SIG_IGN, sa_mask=[], sa_flags=SA_RESTORER, sa_restorer=0x7f59ba53e520}, 8) = 0
11017 02:45:23 mprotect(0x7f548d922000, 16384, PROT_READ <unfinished ...>
11018 02:45:23 rt_sigaction(SIGALRM, {sa_handler=SIG_DFL, sa_mask=[ALRM], sa_flags=SA_RESTORER|SA_RESTART, sa_restorer=0x7f59ba53e520},  <unfinished ...>
11017 02:45:23 <... mprotect resumed>)  = 0
11018 02:45:23 <... rt_sigaction resumed>{sa_handler=SIG_DFL, sa_mask=[], sa_flags=0}, 8) = 0
11017 02:45:23 mprotect(0x7f548d938000, 4096, PROT_READ <unfinished ...>
11018 02:45:23 rt_sigaction(SIGTERM, {sa_handler=SIG_DFL, sa_mask=[TERM], sa_flags=SA_RESTORER|SA_RESTART, sa_restorer=0x7f59ba53e520},  <unfinished ...>
11017 02:45:23 <... mprotect resumed>)  = 0
11018 02:45:23 <... rt_sigaction resumed>{sa_handler=0xfcf0b0, sa_mask=~[KILL STOP RTMIN RT_1], sa_flags=SA_RESTORER|SA_RESETHAND, sa_restorer=0x7f59ba53e520}, 8) = 0
11017 02:45:23 mprotect(0x7f548d958000, 4096, PROT_READ <unfinished ...>
11018 02:45:23 rt_sigaction(SIGSTKFLT, {sa_handler=SIG_DFL, sa_mask=[STKFLT], sa_flags=SA_RESTORER|SA_RESTART, sa_restorer=0x7f59ba53e520},  <unfinished ...>
11017 02:45:23 <... mprotect resumed>)  = 0
11018 02:45:23 <... rt_sigaction resumed>{sa_handler=SIG_DFL, sa_mask=[], sa_flags=0}, 8) = 0
11018 02:45:23 rt_sigaction(SIGCHLD, {sa_handler=SIG_DFL, sa_mask=[CHLD], sa_flags=SA_RESTORER|SA_RESTART, sa_restorer=0x7f59ba53e520},  <unfinished ...>
11017 02:45:23 mprotect(0x7f548da3f000, 4096, PROT_READ <unfinished ...>
11018 02:45:23 <... rt_sigaction resumed>{sa_handler=0x207bbc0, sa_mask=~[KILL STOP RTMIN RT_1], sa_flags=SA_RESTORER|SA_RESTART, sa_restorer=0x7f59ba53e520}, 8) = 0
11017 02:45:23 <... mprotect resumed>)  = 0
11018 02:45:23 rt_sigaction(SIGCONT, {sa_handler=SIG_DFL, sa_mask=[CONT], sa_flags=SA_RESTORER|SA_RESTART, sa_restorer=0x7f59ba53e520}, {sa_handler=SIG_DFL, sa_mask=[], sa_flags=0}, 8) = 0
11018 02:45:23 rt_sigaction(SIGTSTP, {sa_handler=SIG_DFL, sa_mask=[TSTP], sa_flags=SA_RESTORER|SA_RESTART, sa_restorer=0x7f59ba53e520}, {sa_handler=SIG_DFL, sa_mask=[], sa_flags=0}, 8) = 0
11018 02:45:23 rt_sigaction(SIGTTIN, {sa_handler=SIG_DFL, sa_mask=[TTIN], sa_flags=SA_RESTORER|SA_RESTART, sa_restorer=0x7f59ba53e520}, {sa_handler=SIG_DFL, sa_mask=[], sa_flags=0}, 8) = 0
11018 02:45:23 rt_sigaction(SIGTTOU, {sa_handler=SIG_DFL, sa_mask=[TTOU], sa_flags=SA_RESTORER|SA_RESTART, sa_restorer=0x7f59ba53e520}, {sa_handler=SIG_DFL, sa_mask=[], sa_flags=0}, 8) = 0
11018 02:45:23 rt_sigaction(SIGURG, {sa_handler=SIG_DFL, sa_mask=[URG], sa_flags=SA_RESTORER|SA_RESTART, sa_restorer=0x7f59ba53e520}, {sa_handler=SIG_DFL, sa_mask=[], sa_flags=0}, 8) = 0
11018 02:45:23 rt_sigaction(SIGXCPU, {sa_handler=SIG_DFL, sa_mask=[XCPU], sa_flags=SA_RESTORER|SA_RESTART, sa_restorer=0x7f59ba53e520}, {sa_handler=SIG_DFL, sa_mask=[], sa_flags=0}, 8) = 0
11018 02:45:23 rt_sigaction(SIGXFSZ, {sa_handler=SIG_DFL, sa_mask=[XFSZ], sa_flags=SA_RESTORER|SA_RESTART, sa_restorer=0x7f59ba53e520}, {sa_handler=SIG_IGN, sa_mask=[], sa_flags=SA_RESTORER, sa_restorer=0x7f59ba53e520}, 8) = 0
11018 02:45:23 rt_sigaction(SIGVTALRM, {sa_handler=SIG_DFL, sa_mask=[VTALRM], sa_flags=SA_RESTORER|SA_RESTART, sa_restorer=0x7f59ba53e520}, {sa_handler=SIG_DFL, sa_mask=[], sa_flags=0}, 8) = 0
11018 02:45:23 rt_sigaction(SIGPROF, {sa_handler=SIG_DFL, sa_mask=[PROF], sa_flags=SA_RESTORER|SA_RESTART, sa_restorer=0x7f59ba53e520}, {sa_handler=SIG_DFL, sa_mask=[], sa_flags=0}, 8) = 0
11018 02:45:23 rt_sigaction(SIGWINCH, {sa_handler=SIG_DFL, sa_mask=[WINCH], sa_flags=SA_RESTORER|SA_RESTART, sa_restorer=0x7f59ba53e520}, {sa_handler=0x207bbc0, sa_mask=~[KILL STOP RTMIN RT_1], sa_flags=SA_RESTORER|SA_RESTART, sa_restorer=0x7f59ba53e520}, 8) = 0
11018 02:45:23 rt_sigaction(SIGIO, {sa_handler=SIG_DFL, sa_mask=[IO], sa_flags=SA_RESTORER|SA_RESTART, sa_restorer=0x7f59ba53e520}, {sa_handler=SIG_DFL, sa_mask=[], sa_flags=0}, 8) = 0
11018 02:45:23 rt_sigaction(SIGPWR, {sa_handler=SIG_DFL, sa_mask=[PWR], sa_flags=SA_RESTORER|SA_RESTART, sa_restorer=0x7f59ba53e520}, {sa_handler=SIG_DFL, sa_mask=[], sa_flags=0}, 8) = 0
11018 02:45:23 rt_sigaction(SIGSYS, {sa_handler=SIG_DFL, sa_mask=[SYS], sa_flags=SA_RESTORER|SA_RESTART, sa_restorer=0x7f59ba53e520}, {sa_handler=SIG_DFL, sa_mask=[], sa_flags=0}, 8) = 0
11018 02:45:23 fcntl(0, F_SETFD, 0)     = 0
11018 02:45:23 fcntl(0, F_GETFL)        = 0x8002 (flags O_RDWR|O_LARGEFILE)
11017 02:45:23 mprotect(0x7f548dc5c000, 45056, PROT_READ <unfinished ...>
11018 02:45:23 fcntl(1, F_SETFD, 0 <unfinished ...>
11017 02:45:23 <... mprotect resumed>)  = 0
11018 02:45:23 <... fcntl resumed>)     = 0
11017 02:45:23 mprotect(0x7f548dc70000, 4096, PROT_READ <unfinished ...>
11018 02:45:23 fcntl(1, F_GETFL <unfinished ...>
11017 02:45:23 <... mprotect resumed>)  = 0
11018 02:45:23 <... fcntl resumed>)     = 0x8002 (flags O_RDWR|O_LARGEFILE)
11018 02:45:23 fcntl(2, F_SETFD, 0)     = 0
11018 02:45:23 fcntl(2, F_GETFL)        = 0x8002 (flags O_RDWR|O_LARGEFILE)
11018 02:45:23 dup2(26, 3)              = 3
11018 02:45:23 rt_sigprocmask(SIG_SETMASK, [], NULL, 8) = 0
11018 02:45:23 execve("/usr/bin/node", ["/usr/bin/node", "/home/hussein/node-course-conten"...], 0x3d2e7580 /* 28 vars */ <unfinished ...>
11006 02:45:23 <... read resumed>"", 4) = 0
11006 02:45:23 close(27 <unfinished ...>
11018 02:45:23 <... execve resumed>)    = 0
11006 02:45:23 <... close resumed>)     = 0
11017 02:45:23 mprotect(0x6936000, 16384, PROT_READ <unfinished ...>
11006 02:45:23 close(26 <unfinished ...>
11018 02:45:23 brk(NULL <unfinished ...>
11006 02:45:23 <... close resumed>)     = 0
11017 02:45:23 <... mprotect resumed>)  = 0
11006 02:45:23 ioctl(25, FIONBIO, [1] <unfinished ...>
11018 02:45:23 <... brk resumed>)       = 0x94e5000
11006 02:45:23 <... ioctl resumed>)     = 0
11017 02:45:23 mmap(NULL, 8192, PROT_READ|PROT_WRITE, MAP_PRIVATE|MAP_ANONYMOUS, -1, 0 <unfinished ...>
11018 02:45:23 arch_prctl(0x3001 /* ARCH_??? */, 0x7ffe14de27d0 <unfinished ...>
11017 02:45:23 <... mmap resumed>)      = 0x7f548d705000
11018 02:45:23 <... arch_prctl resumed>) = -1 EINVAL (Invalid argument)
11017 02:45:23 mprotect(0x7f548dcb2000, 8192, PROT_READ <unfinished ...>
11018 02:45:23 mmap(NULL, 8192, PROT_READ|PROT_WRITE, MAP_PRIVATE|MAP_ANONYMOUS, -1, 0 <unfinished ...>
11017 02:45:23 <... mprotect resumed>)  = 0
11018 02:45:23 <... mmap resumed>)      = 0x7f49922a6000
11018 02:45:23 access("/etc/ld.so.preload", R_OK <unfinished ...>
11017 02:45:23 prlimit64(0, RLIMIT_STACK, NULL,  <unfinished ...>
11018 02:45:23 <... access resumed>)    = -1 ENOENT (No such file or directory)
11017 02:45:23 <... prlimit64 resumed>{rlim_cur=8192*1024, rlim_max=RLIM64_INFINITY}) = 0
11018 02:45:23 openat(AT_FDCWD, "/etc/ld.so.cache", O_RDONLY|O_CLOEXEC) = 4
11017 02:45:23 munmap(0x7f548dc72000, 24095 <unfinished ...>
11018 02:45:23 newfstatat(4, "",  <unfinished ...>
11017 02:45:23 <... munmap resumed>)    = 0
11018 02:45:23 <... newfstatat resumed>{st_mode=S_IFREG|0644, st_size=24095, ...}, AT_EMPTY_PATH) = 0
11018 02:45:23 mmap(NULL, 24095, PROT_READ, MAP_PRIVATE, 4, 0) = 0x7f49922a0000
11017 02:45:23 getrandom( <unfinished ...>
11018 02:45:23 close(4 <unfinished ...>
11017 02:45:23 <... getrandom resumed>"\xe6\x45\xbe\x49\x13\x9e\x9a\x05", 8, GRND_NONBLOCK) = 8
11018 02:45:23 <... close resumed>)     = 0
11017 02:45:23 brk(NULL <unfinished ...>
11018 02:45:23 openat(AT_FDCWD, "/lib/x86_64-linux-gnu/libdl.so.2", O_RDONLY|O_CLOEXEC <unfinished ...>
11017 02:45:23 <... brk resumed>)       = 0x1f510000
11018 02:45:23 <... openat resumed>)    = 4
11017 02:45:23 brk(0x1f531000 <unfinished ...>
11018 02:45:23 read(4,  <unfinished ...>
11017 02:45:23 <... brk resumed>)       = 0x1f531000
11018 02:45:23 <... read resumed>"\177ELF\2\1\1\0\0\0\0\0\0\0\0\0\3\0>\0\1\0\0\0\0\0\0\0\0\0\0\0"..., 832) = 832
11018 02:45:23 newfstatat(4, "", {st_mode=S_IFREG|0644, st_size=14432, ...}, AT_EMPTY_PATH) = 0
11006 02:45:23 socketpair(AF_UNIX, SOCK_STREAM|SOCK_CLOEXEC, 0,  <unfinished ...>
11018 02:45:23 mmap(NULL, 16424, PROT_READ, MAP_PRIVATE|MAP_DENYWRITE, 4, 0 <unfinished ...>
11006 02:45:23 <... socketpair resumed>[26, 27]) = 0
11017 02:45:23 futex(0x7f548dc6a77c, FUTEX_WAKE_PRIVATE, 2147483647 <unfinished ...>
11018 02:45:23 <... mmap resumed>)      = 0x7f499229b000
11006 02:45:23 pipe2( <unfinished ...>
11017 02:45:23 <... futex resumed>)     = 0
11018 02:45:23 mmap(0x7f499229c000, 4096, PROT_READ|PROT_EXEC, MAP_PRIVATE|MAP_FIXED|MAP_DENYWRITE, 4, 0x1000 <unfinished ...>
11006 02:45:23 <... pipe2 resumed>[28, 29], O_CLOEXEC) = 0
11018 02:45:23 <... mmap resumed>)      = 0x7f499229c000
11006 02:45:23 rt_sigprocmask(SIG_BLOCK, ~[ILL TRAP ABRT BUS KILL SEGV STOP SYS RTMIN RT_1],  <unfinished ...>
11018 02:45:23 mmap(0x7f499229d000, 4096, PROT_READ, MAP_PRIVATE|MAP_FIXED|MAP_DENYWRITE, 4, 0x2000 <unfinished ...>
11006 02:45:23 <... rt_sigprocmask resumed>[], 8) = 0
11018 02:45:23 <... mmap resumed>)      = 0x7f499229d000
11006 02:45:23 clone(child_stack=NULL, flags=CLONE_CHILD_CLEARTID|CLONE_CHILD_SETTID|SIGCHLD <unfinished ...>
11018 02:45:23 mmap(0x7f499229e000, 8192, PROT_READ|PROT_WRITE, MAP_PRIVATE|MAP_FIXED|MAP_DENYWRITE, 4, 0x2000) = 0x7f499229e000
11018 02:45:23 close(4)                 = 0
11018 02:45:23 openat(AT_FDCWD, "/lib/x86_64-linux-gnu/libstdc++.so.6", O_RDONLY|O_CLOEXEC) = 4
11018 02:45:23 read(4, "\177ELF\2\1\1\3\0\0\0\0\0\0\0\0\3\0>\0\1\0\0\0\0\0\0\0\0\0\0\0"..., 832) = 832
11018 02:45:23 newfstatat(4, "",  <unfinished ...>
11006 02:45:23 <... clone resumed>, child_tidptr=0x7f59ba4f7b10) = 11019
11018 02:45:23 <... newfstatat resumed>{st_mode=S_IFREG|0644, st_size=2260296, ...}, AT_EMPTY_PATH) = 0
11019 02:45:23 set_robust_list(0x7f59ba4f7b20, 24 <unfinished ...>
11017 02:45:23 brk(0x1f552000 <unfinished ...>
11006 02:45:23 rt_sigprocmask(SIG_SETMASK, [],  <unfinished ...>
11019 02:45:23 <... set_robust_list resumed>) = 0
11018 02:45:23 mmap(NULL, 2275520, PROT_READ, MAP_PRIVATE|MAP_DENYWRITE, 4, 0 <unfinished ...>
11017 02:45:23 <... brk resumed>)       = 0x1f552000
11006 02:45:23 <... rt_sigprocmask resumed>NULL, 8) = 0
11018 02:45:23 <... mmap resumed>)      = 0x7f499206f000
11006 02:45:23 close(29 <unfinished ...>
11018 02:45:23 mprotect(0x7f4992109000, 1576960, PROT_NONE <unfinished ...>
11006 02:45:23 <... close resumed>)     = 0
11018 02:45:23 <... mprotect resumed>)  = 0
11006 02:45:23 read(28,  <unfinished ...>
11019 02:45:23 close(5 <unfinished ...>
11018 02:45:23 mmap(0x7f4992109000, 1118208, PROT_READ|PROT_EXEC, MAP_PRIVATE|MAP_FIXED|MAP_DENYWRITE, 4, 0x9a000 <unfinished ...>
11019 02:45:23 <... close resumed>)     = 0
11018 02:45:23 <... mmap resumed>)      = 0x7f4992109000
11019 02:45:23 close(6 <unfinished ...>
11018 02:45:23 mmap(0x7f499221a000, 454656, PROT_READ, MAP_PRIVATE|MAP_FIXED|MAP_DENYWRITE, 4, 0x1ab000 <unfinished ...>
11019 02:45:23 <... close resumed>)     = 0
11018 02:45:23 <... mmap resumed>)      = 0x7f499221a000
11019 02:45:23 pipe2( <unfinished ...>
11018 02:45:23 mmap(0x7f499228a000, 57344, PROT_READ|PROT_WRITE, MAP_PRIVATE|MAP_FIXED|MAP_DENYWRITE, 4, 0x21a000 <unfinished ...>
11019 02:45:23 <... pipe2 resumed>[5, 6], O_CLOEXEC) = 0
11018 02:45:23 <... mmap resumed>)      = 0x7f499228a000
11019 02:45:23 write(6, "*", 1 <unfinished ...>
11017 02:45:23 futex(0x697ec58, FUTEX_WAKE_PRIVATE, 2147483647 <unfinished ...>
11019 02:45:23 <... write resumed>)     = 1
11018 02:45:23 mmap(0x7f4992298000, 10432, PROT_READ|PROT_WRITE, MAP_PRIVATE|MAP_FIXED|MAP_ANONYMOUS, -1, 0 <unfinished ...>
11017 02:45:23 <... futex resumed>)     = 0
11019 02:45:23 rt_sigaction(SIGHUP, {sa_handler=SIG_DFL, sa_mask=[HUP], sa_flags=SA_RESTORER|SA_RESTART, sa_restorer=0x7f59ba53e520},  <unfinished ...>
11018 02:45:23 <... mmap resumed>)      = 0x7f4992298000
11019 02:45:23 <... rt_sigaction resumed>{sa_handler=SIG_DFL, sa_mask=[], sa_flags=0}, 8) = 0
11018 02:45:23 close(4 <unfinished ...>
11019 02:45:23 rt_sigaction(SIGINT, {sa_handler=SIG_DFL, sa_mask=[INT], sa_flags=SA_RESTORER|SA_RESTART, sa_restorer=0x7f59ba53e520},  <unfinished ...>
11018 02:45:23 <... close resumed>)     = 0
11019 02:45:23 <... rt_sigaction resumed>{sa_handler=0xfcf0b0, sa_mask=~[KILL STOP RTMIN RT_1], sa_flags=SA_RESTORER|SA_RESETHAND, sa_restorer=0x7f59ba53e520}, 8) = 0
11017 02:45:23 brk(0x1f573000 <unfinished ...>
11019 02:45:23 rt_sigaction(SIGQUIT, {sa_handler=SIG_DFL, sa_mask=[QUIT], sa_flags=SA_RESTORER|SA_RESTART, sa_restorer=0x7f59ba53e520},  <unfinished ...>
11018 02:45:23 openat(AT_FDCWD, "/lib/x86_64-linux-gnu/libm.so.6", O_RDONLY|O_CLOEXEC <unfinished ...>
11017 02:45:23 <... brk resumed>)       = 0x1f573000
11019 02:45:23 <... rt_sigaction resumed>{sa_handler=SIG_DFL, sa_mask=[], sa_flags=0}, 8) = 0
11018 02:45:23 <... openat resumed>)    = 4
11019 02:45:23 rt_sigaction(SIGILL, {sa_handler=SIG_DFL, sa_mask=[ILL], sa_flags=SA_RESTORER|SA_RESTART, sa_restorer=0x7f59ba53e520},  <unfinished ...>
11018 02:45:23 read(4,  <unfinished ...>
11019 02:45:23 <... rt_sigaction resumed>{sa_handler=SIG_DFL, sa_mask=[], sa_flags=0}, 8) = 0
11018 02:45:23 <... read resumed>"\177ELF\2\1\1\3\0\0\0\0\0\0\0\0\3\0>\0\1\0\0\0\0\0\0\0\0\0\0\0"..., 832) = 832
11019 02:45:23 rt_sigaction(SIGTRAP, {sa_handler=SIG_DFL, sa_mask=[TRAP], sa_flags=SA_RESTORER|SA_RESTART, sa_restorer=0x7f59ba53e520},  <unfinished ...>
11018 02:45:23 newfstatat(4, "",  <unfinished ...>
11019 02:45:23 <... rt_sigaction resumed>{sa_handler=SIG_DFL, sa_mask=[], sa_flags=0}, 8) = 0
11018 02:45:23 <... newfstatat resumed>{st_mode=S_IFREG|0644, st_size=940560, ...}, AT_EMPTY_PATH) = 0
11019 02:45:23 rt_sigaction(SIGABRT, {sa_handler=SIG_DFL, sa_mask=[ABRT], sa_flags=SA_RESTORER|SA_RESTART, sa_restorer=0x7f59ba53e520},  <unfinished ...>
11018 02:45:23 mmap(NULL, 942344, PROT_READ, MAP_PRIVATE|MAP_DENYWRITE, 4, 0 <unfinished ...>
11019 02:45:23 <... rt_sigaction resumed>{sa_handler=SIG_DFL, sa_mask=[], sa_flags=0}, 8) = 0
11018 02:45:23 <... mmap resumed>)      = 0x7f4991f88000
11019 02:45:23 rt_sigaction(SIGBUS, {sa_handler=SIG_DFL, sa_mask=[BUS], sa_flags=SA_RESTORER|SA_RESTART, sa_restorer=0x7f59ba53e520},  <unfinished ...>
11018 02:45:23 mmap(0x7f4991f96000, 507904, PROT_READ|PROT_EXEC, MAP_PRIVATE|MAP_FIXED|MAP_DENYWRITE, 4, 0xe000 <unfinished ...>
11019 02:45:23 <... rt_sigaction resumed>{sa_handler=SIG_DFL, sa_mask=[], sa_flags=0}, 8) = 0
11018 02:45:23 <... mmap resumed>)      = 0x7f4991f96000
11019 02:45:23 rt_sigaction(SIGFPE, {sa_handler=SIG_DFL, sa_mask=[FPE], sa_flags=SA_RESTORER|SA_RESTART, sa_restorer=0x7f59ba53e520},  <unfinished ...>
11018 02:45:23 mmap(0x7f4992012000, 372736, PROT_READ, MAP_PRIVATE|MAP_FIXED|MAP_DENYWRITE, 4, 0x8a000 <unfinished ...>
11019 02:45:23 <... rt_sigaction resumed>{sa_handler=SIG_DFL, sa_mask=[], sa_flags=0}, 8) = 0
11018 02:45:23 <... mmap resumed>)      = 0x7f4992012000
11019 02:45:23 rt_sigaction(SIGUSR1, {sa_handler=SIG_DFL, sa_mask=[USR1], sa_flags=SA_RESTORER|SA_RESTART, sa_restorer=0x7f59ba53e520},  <unfinished ...>
11018 02:45:23 mmap(0x7f499206d000, 8192, PROT_READ|PROT_WRITE, MAP_PRIVATE|MAP_FIXED|MAP_DENYWRITE, 4, 0xe4000 <unfinished ...>
11019 02:45:23 <... rt_sigaction resumed>{sa_handler=0x11c7100, sa_mask=~[KILL STOP RTMIN RT_1], sa_flags=SA_RESTORER, sa_restorer=0x7f59ba53e520}, 8) = 0
11017 02:45:23 getpid( <unfinished ...>
11019 02:45:23 rt_sigaction(SIGSEGV, {sa_handler=SIG_DFL, sa_mask=[SEGV], sa_flags=SA_RESTORER|SA_RESTART, sa_restorer=0x7f59ba53e520},  <unfinished ...>
11018 02:45:23 <... mmap resumed>)      = 0x7f499206d000
11017 02:45:23 <... getpid resumed>)    = 11017
11019 02:45:23 <... rt_sigaction resumed>{sa_handler=0xfcf220, sa_mask=[], sa_flags=SA_RESTORER|SA_SIGINFO, sa_restorer=0x7f59ba53e520}, 8) = 0
11018 02:45:23 close(4 <unfinished ...>
11017 02:45:23 capget({version=_LINUX_CAPABILITY_VERSION_3, pid=11017},  <unfinished ...>
11019 02:45:23 rt_sigaction(SIGUSR2, {sa_handler=SIG_DFL, sa_mask=[USR2], sa_flags=SA_RESTORER|SA_RESTART, sa_restorer=0x7f59ba53e520},  <unfinished ...>
11018 02:45:23 <... close resumed>)     = 0
11019 02:45:23 <... rt_sigaction resumed>{sa_handler=SIG_DFL, sa_mask=[], sa_flags=0}, 8) = 0
11017 02:45:23 <... capget resumed>{effective=0, permitted=0, inheritable=0}) = 0
11019 02:45:23 rt_sigaction(SIGPIPE, {sa_handler=SIG_DFL, sa_mask=[PIPE], sa_flags=SA_RESTORER|SA_RESTART, sa_restorer=0x7f59ba53e520},  <unfinished ...>
11018 02:45:23 openat(AT_FDCWD, "/lib/x86_64-linux-gnu/libgcc_s.so.1", O_RDONLY|O_CLOEXEC <unfinished ...>
11017 02:45:23 getuid( <unfinished ...>
11019 02:45:23 <... rt_sigaction resumed>{sa_handler=SIG_IGN, sa_mask=[], sa_flags=SA_RESTORER, sa_restorer=0x7f59ba53e520}, 8) = 0
11018 02:45:23 <... openat resumed>)    = 4
11017 02:45:23 <... getuid resumed>)    = 1000
11019 02:45:23 rt_sigaction(SIGALRM, {sa_handler=SIG_DFL, sa_mask=[ALRM], sa_flags=SA_RESTORER|SA_RESTART, sa_restorer=0x7f59ba53e520},  <unfinished ...>
11018 02:45:23 read(4,  <unfinished ...>
11017 02:45:23 geteuid( <unfinished ...>
11019 02:45:23 <... rt_sigaction resumed>{sa_handler=SIG_DFL, sa_mask=[], sa_flags=0}, 8) = 0
11018 02:45:23 <... read resumed>"\177ELF\2\1\1\0\0\0\0\0\0\0\0\0\3\0>\0\1\0\0\0\0\0\0\0\0\0\0\0"..., 832) = 832
11017 02:45:23 <... geteuid resumed>)   = 1000
11019 02:45:23 rt_sigaction(SIGTERM, {sa_handler=SIG_DFL, sa_mask=[TERM], sa_flags=SA_RESTORER|SA_RESTART, sa_restorer=0x7f59ba53e520},  <unfinished ...>
11018 02:45:23 newfstatat(4, "",  <unfinished ...>
11017 02:45:23 getgid( <unfinished ...>
11019 02:45:23 <... rt_sigaction resumed>{sa_handler=0xfcf0b0, sa_mask=~[KILL STOP RTMIN RT_1], sa_flags=SA_RESTORER|SA_RESETHAND, sa_restorer=0x7f59ba53e520}, 8) = 0
11018 02:45:23 <... newfstatat resumed>{st_mode=S_IFREG|0644, st_size=125488, ...}, AT_EMPTY_PATH) = 0
11017 02:45:23 <... getgid resumed>)    = 1000
11019 02:45:23 rt_sigaction(SIGSTKFLT, {sa_handler=SIG_DFL, sa_mask=[STKFLT], sa_flags=SA_RESTORER|SA_RESTART, sa_restorer=0x7f59ba53e520},  <unfinished ...>
11018 02:45:23 mmap(NULL, 127720, PROT_READ, MAP_PRIVATE|MAP_DENYWRITE, 4, 0 <unfinished ...>
11017 02:45:23 getegid( <unfinished ...>
11019 02:45:23 <... rt_sigaction resumed>{sa_handler=SIG_DFL, sa_mask=[], sa_flags=0}, 8) = 0
11018 02:45:23 <... mmap resumed>)      = 0x7f4991f68000
11017 02:45:23 <... getegid resumed>)   = 1000
11019 02:45:23 rt_sigaction(SIGCHLD, {sa_handler=SIG_DFL, sa_mask=[CHLD], sa_flags=SA_RESTORER|SA_RESTART, sa_restorer=0x7f59ba53e520},  <unfinished ...>
11018 02:45:23 mmap(0x7f4991f6b000, 94208, PROT_READ|PROT_EXEC, MAP_PRIVATE|MAP_FIXED|MAP_DENYWRITE, 4, 0x3000 <unfinished ...>
11019 02:45:23 <... rt_sigaction resumed>{sa_handler=0x207bbc0, sa_mask=~[KILL STOP RTMIN RT_1], sa_flags=SA_RESTORER|SA_RESTART, sa_restorer=0x7f59ba53e520}, 8) = 0
11017 02:45:23 fstat(0,  <unfinished ...>
11019 02:45:23 rt_sigaction(SIGCONT, {sa_handler=SIG_DFL, sa_mask=[CONT], sa_flags=SA_RESTORER|SA_RESTART, sa_restorer=0x7f59ba53e520},  <unfinished ...>
11018 02:45:23 <... mmap resumed>)      = 0x7f4991f6b000
11017 02:45:23 <... fstat resumed>{st_mode=S_IFCHR|0620, st_rdev=makedev(0x88, 0), ...}) = 0
11019 02:45:23 <... rt_sigaction resumed>{sa_handler=SIG_DFL, sa_mask=[], sa_flags=0}, 8) = 0
11018 02:45:23 mmap(0x7f4991f82000, 16384, PROT_READ, MAP_PRIVATE|MAP_FIXED|MAP_DENYWRITE, 4, 0x1a000 <unfinished ...>
11017 02:45:23 fstat(1,  <unfinished ...>
11019 02:45:23 rt_sigaction(SIGTSTP, {sa_handler=SIG_DFL, sa_mask=[TSTP], sa_flags=SA_RESTORER|SA_RESTART, sa_restorer=0x7f59ba53e520},  <unfinished ...>
11018 02:45:23 <... mmap resumed>)      = 0x7f4991f82000
11017 02:45:23 <... fstat resumed>{st_mode=S_IFCHR|0620, st_rdev=makedev(0x88, 0), ...}) = 0
11019 02:45:23 <... rt_sigaction resumed>{sa_handler=SIG_DFL, sa_mask=[], sa_flags=0}, 8) = 0
11018 02:45:23 mmap(0x7f4991f86000, 8192, PROT_READ|PROT_WRITE, MAP_PRIVATE|MAP_FIXED|MAP_DENYWRITE, 4, 0x1d000 <unfinished ...>
11017 02:45:23 fstat(2,  <unfinished ...>
11019 02:45:23 rt_sigaction(SIGTTIN, {sa_handler=SIG_DFL, sa_mask=[TTIN], sa_flags=SA_RESTORER|SA_RESTART, sa_restorer=0x7f59ba53e520},  <unfinished ...>
11018 02:45:23 <... mmap resumed>)      = 0x7f4991f86000
11017 02:45:23 <... fstat resumed>{st_mode=S_IFCHR|0620, st_rdev=makedev(0x88, 0), ...}) = 0
11019 02:45:23 <... rt_sigaction resumed>{sa_handler=SIG_DFL, sa_mask=[], sa_flags=0}, 8) = 0
11018 02:45:23 close(4 <unfinished ...>
11017 02:45:23 rt_sigprocmask(SIG_SETMASK, [USR1],  <unfinished ...>
11019 02:45:23 rt_sigaction(SIGTTOU, {sa_handler=SIG_DFL, sa_mask=[TTOU], sa_flags=SA_RESTORER|SA_RESTART, sa_restorer=0x7f59ba53e520},  <unfinished ...>
11018 02:45:23 <... close resumed>)     = 0
11019 02:45:23 <... rt_sigaction resumed>{sa_handler=SIG_DFL, sa_mask=[], sa_flags=0}, 8) = 0
11017 02:45:23 <... rt_sigprocmask resumed>NULL, 8) = 0
11019 02:45:23 rt_sigaction(SIGURG, {sa_handler=SIG_DFL, sa_mask=[URG], sa_flags=SA_RESTORER|SA_RESTART, sa_restorer=0x7f59ba53e520},  <unfinished ...>
11018 02:45:23 openat(AT_FDCWD, "/lib/x86_64-linux-gnu/libpthread.so.0", O_RDONLY|O_CLOEXEC <unfinished ...>
11017 02:45:23 rt_sigaction(SIGHUP, NULL,  <unfinished ...>
11019 02:45:23 <... rt_sigaction resumed>{sa_handler=SIG_DFL, sa_mask=[], sa_flags=0}, 8) = 0
11018 02:45:23 <... openat resumed>)    = 4
11017 02:45:23 <... rt_sigaction resumed>{sa_handler=SIG_DFL, sa_mask=[], sa_flags=0}, 8) = 0
11019 02:45:23 rt_sigaction(SIGXCPU, {sa_handler=SIG_DFL, sa_mask=[XCPU], sa_flags=SA_RESTORER|SA_RESTART, sa_restorer=0x7f59ba53e520},  <unfinished ...>
11018 02:45:23 read(4,  <unfinished ...>
11017 02:45:23 rt_sigaction(SIGINT, NULL,  <unfinished ...>
11019 02:45:23 <... rt_sigaction resumed>{sa_handler=SIG_DFL, sa_mask=[], sa_flags=0}, 8) = 0
11018 02:45:23 <... read resumed>"\177ELF\2\1\1\0\0\0\0\0\0\0\0\0\3\0>\0\1\0\0\0\0\0\0\0\0\0\0\0"..., 832) = 832
11017 02:45:23 <... rt_sigaction resumed>{sa_handler=SIG_DFL, sa_mask=[], sa_flags=0}, 8) = 0
11019 02:45:23 rt_sigaction(SIGXFSZ, {sa_handler=SIG_DFL, sa_mask=[XFSZ], sa_flags=SA_RESTORER|SA_RESTART, sa_restorer=0x7f59ba53e520},  <unfinished ...>
11018 02:45:23 newfstatat(4, "",  <unfinished ...>
11017 02:45:23 rt_sigaction(SIGQUIT, NULL,  <unfinished ...>
11019 02:45:23 <... rt_sigaction resumed>{sa_handler=SIG_IGN, sa_mask=[], sa_flags=SA_RESTORER, sa_restorer=0x7f59ba53e520}, 8) = 0
11018 02:45:23 <... newfstatat resumed>{st_mode=S_IFREG|0644, st_size=21448, ...}, AT_EMPTY_PATH) = 0
11017 02:45:23 <... rt_sigaction resumed>{sa_handler=SIG_DFL, sa_mask=[], sa_flags=0}, 8) = 0
11019 02:45:23 rt_sigaction(SIGVTALRM, {sa_handler=SIG_DFL, sa_mask=[VTALRM], sa_flags=SA_RESTORER|SA_RESTART, sa_restorer=0x7f59ba53e520},  <unfinished ...>
11018 02:45:23 mmap(NULL, 16424, PROT_READ, MAP_PRIVATE|MAP_DENYWRITE, 4, 0 <unfinished ...>
11017 02:45:23 rt_sigaction(SIGILL, NULL,  <unfinished ...>
11019 02:45:23 <... rt_sigaction resumed>{sa_handler=SIG_DFL, sa_mask=[], sa_flags=0}, 8) = 0
11018 02:45:23 <... mmap resumed>)      = 0x7f4991f63000
11017 02:45:23 <... rt_sigaction resumed>{sa_handler=SIG_DFL, sa_mask=[], sa_flags=0}, 8) = 0
11019 02:45:23 rt_sigaction(SIGPROF, {sa_handler=SIG_DFL, sa_mask=[PROF], sa_flags=SA_RESTORER|SA_RESTART, sa_restorer=0x7f59ba53e520},  <unfinished ...>
11018 02:45:23 mmap(0x7f4991f64000, 4096, PROT_READ|PROT_EXEC, MAP_PRIVATE|MAP_FIXED|MAP_DENYWRITE, 4, 0x1000 <unfinished ...>
11017 02:45:23 rt_sigaction(SIGTRAP, NULL,  <unfinished ...>
11019 02:45:23 <... rt_sigaction resumed>{sa_handler=SIG_DFL, sa_mask=[], sa_flags=0}, 8) = 0
11018 02:45:23 <... mmap resumed>)      = 0x7f4991f64000
11017 02:45:23 <... rt_sigaction resumed>{sa_handler=SIG_DFL, sa_mask=[], sa_flags=0}, 8) = 0
11019 02:45:23 rt_sigaction(SIGWINCH, {sa_handler=SIG_DFL, sa_mask=[WINCH], sa_flags=SA_RESTORER|SA_RESTART, sa_restorer=0x7f59ba53e520},  <unfinished ...>
11018 02:45:23 mmap(0x7f4991f65000, 4096, PROT_READ, MAP_PRIVATE|MAP_FIXED|MAP_DENYWRITE, 4, 0x2000 <unfinished ...>
11017 02:45:23 rt_sigaction(SIGABRT, NULL,  <unfinished ...>
11019 02:45:23 <... rt_sigaction resumed>{sa_handler=0x207bbc0, sa_mask=~[KILL STOP RTMIN RT_1], sa_flags=SA_RESTORER|SA_RESTART, sa_restorer=0x7f59ba53e520}, 8) = 0
11018 02:45:23 <... mmap resumed>)      = 0x7f4991f65000
11017 02:45:23 <... rt_sigaction resumed>{sa_handler=SIG_DFL, sa_mask=[], sa_flags=0}, 8) = 0
11019 02:45:23 rt_sigaction(SIGIO, {sa_handler=SIG_DFL, sa_mask=[IO], sa_flags=SA_RESTORER|SA_RESTART, sa_restorer=0x7f59ba53e520},  <unfinished ...>
11018 02:45:23 mmap(0x7f4991f66000, 8192, PROT_READ|PROT_WRITE, MAP_PRIVATE|MAP_FIXED|MAP_DENYWRITE, 4, 0x2000 <unfinished ...>
11017 02:45:23 rt_sigaction(SIGBUS, NULL,  <unfinished ...>
11019 02:45:23 <... rt_sigaction resumed>{sa_handler=SIG_DFL, sa_mask=[], sa_flags=0}, 8) = 0
11018 02:45:23 <... mmap resumed>)      = 0x7f4991f66000
11017 02:45:23 <... rt_sigaction resumed>{sa_handler=SIG_DFL, sa_mask=[], sa_flags=0}, 8) = 0
11019 02:45:23 rt_sigaction(SIGPWR, {sa_handler=SIG_DFL, sa_mask=[PWR], sa_flags=SA_RESTORER|SA_RESTART, sa_restorer=0x7f59ba53e520},  <unfinished ...>
11018 02:45:23 close(4 <unfinished ...>
11019 02:45:23 <... rt_sigaction resumed>{sa_handler=SIG_DFL, sa_mask=[], sa_flags=0}, 8) = 0
11017 02:45:23 rt_sigaction(SIGFPE, NULL,  <unfinished ...>
11019 02:45:23 rt_sigaction(SIGSYS, {sa_handler=SIG_DFL, sa_mask=[SYS], sa_flags=SA_RESTORER|SA_RESTART, sa_restorer=0x7f59ba53e520},  <unfinished ...>
11018 02:45:23 <... close resumed>)     = 0
11017 02:45:23 <... rt_sigaction resumed>{sa_handler=SIG_DFL, sa_mask=[], sa_flags=0}, 8) = 0
11019 02:45:23 <... rt_sigaction resumed>{sa_handler=SIG_DFL, sa_mask=[], sa_flags=0}, 8) = 0
11018 02:45:23 openat(AT_FDCWD, "/lib/x86_64-linux-gnu/libc.so.6", O_RDONLY|O_CLOEXEC <unfinished ...>
11017 02:45:23 rt_sigaction(SIGUSR1, NULL,  <unfinished ...>
11019 02:45:23 fcntl(0, F_SETFD, 0 <unfinished ...>
11018 02:45:23 <... openat resumed>)    = 4
11017 02:45:23 <... rt_sigaction resumed>{sa_handler=SIG_DFL, sa_mask=[], sa_flags=0}, 8) = 0
11019 02:45:23 <... fcntl resumed>)     = 0
11018 02:45:23 read(4,  <unfinished ...>
11017 02:45:23 rt_sigaction(SIGSEGV, NULL,  <unfinished ...>
11019 02:45:23 fcntl(0, F_GETFL <unfinished ...>
11018 02:45:23 <... read resumed>"\177ELF\2\1\1\3\0\0\0\0\0\0\0\0\3\0>\0\1\0\0\0P\237\2\0\0\0\0\0"..., 832) = 832
11017 02:45:23 <... rt_sigaction resumed>{sa_handler=SIG_DFL, sa_mask=[], sa_flags=0}, 8) = 0
11019 02:45:23 <... fcntl resumed>)     = 0x8002 (flags O_RDWR|O_LARGEFILE)
11018 02:45:23 pread64(4,  <unfinished ...>
11017 02:45:23 rt_sigaction(SIGUSR2, NULL,  <unfinished ...>
11019 02:45:23 fcntl(1, F_SETFD, 0 <unfinished ...>
11018 02:45:23 <... pread64 resumed>"\6\0\0\0\4\0\0\0@\0\0\0\0\0\0\0@\0\0\0\0\0\0\0@\0\0\0\0\0\0\0"..., 784, 64) = 784
11017 02:45:23 <... rt_sigaction resumed>{sa_handler=SIG_DFL, sa_mask=[], sa_flags=0}, 8) = 0
11019 02:45:23 <... fcntl resumed>)     = 0
11018 02:45:23 pread64(4,  <unfinished ...>
11017 02:45:23 rt_sigaction(SIGPIPE, {sa_handler=SIG_IGN, sa_mask=[], sa_flags=SA_RESTORER, sa_restorer=0x7f548d74e520},  <unfinished ...>
11019 02:45:23 fcntl(1, F_GETFL <unfinished ...>
11018 02:45:23 <... pread64 resumed>"\4\0\0\0 \0\0\0\5\0\0\0GNU\0\2\0\0\300\4\0\0\0\3\0\0\0\0\0\0\0"..., 48, 848) = 48
11017 02:45:23 <... rt_sigaction resumed>NULL, 8) = 0
11019 02:45:23 <... fcntl resumed>)     = 0x8002 (flags O_RDWR|O_LARGEFILE)
11018 02:45:23 pread64(4,  <unfinished ...>
11017 02:45:23 rt_sigaction(SIGALRM, NULL,  <unfinished ...>
11019 02:45:23 fcntl(2, F_SETFD, 0 <unfinished ...>
11018 02:45:23 <... pread64 resumed>"\4\0\0\0\24\0\0\0\3\0\0\0GNU\0I\17\357\204\3$\f\221\2039x\324\224\323\236S"..., 68, 896) = 68
11017 02:45:23 <... rt_sigaction resumed>{sa_handler=SIG_DFL, sa_mask=[], sa_flags=0}, 8) = 0
11019 02:45:23 <... fcntl resumed>)     = 0
11018 02:45:23 newfstatat(4, "",  <unfinished ...>
11017 02:45:23 rt_sigaction(SIGTERM, NULL,  <unfinished ...>
11019 02:45:23 fcntl(2, F_GETFL <unfinished ...>
11018 02:45:23 <... newfstatat resumed>{st_mode=S_IFREG|0755, st_size=2220400, ...}, AT_EMPTY_PATH) = 0
11017 02:45:23 <... rt_sigaction resumed>{sa_handler=SIG_DFL, sa_mask=[], sa_flags=0}, 8) = 0
11019 02:45:23 <... fcntl resumed>)     = 0x8002 (flags O_RDWR|O_LARGEFILE)
11018 02:45:23 pread64(4,  <unfinished ...>
11017 02:45:23 rt_sigaction(SIGSTKFLT, NULL,  <unfinished ...>
11019 02:45:23 dup2(27, 3 <unfinished ...>
11018 02:45:23 <... pread64 resumed>"\6\0\0\0\4\0\0\0@\0\0\0\0\0\0\0@\0\0\0\0\0\0\0@\0\0\0\0\0\0\0"..., 784, 64) = 784
11017 02:45:23 <... rt_sigaction resumed>{sa_handler=SIG_DFL, sa_mask=[], sa_flags=0}, 8) = 0
11019 02:45:23 <... dup2 resumed>)      = 3
11018 02:45:23 mmap(NULL, 2264656, PROT_READ, MAP_PRIVATE|MAP_DENYWRITE, 4, 0 <unfinished ...>
11017 02:45:23 rt_sigaction(SIGCHLD, NULL,  <unfinished ...>
11019 02:45:23 rt_sigprocmask(SIG_SETMASK, [],  <unfinished ...>
11018 02:45:23 <... mmap resumed>)      = 0x7f4991d3a000
11017 02:45:23 <... rt_sigaction resumed>{sa_handler=SIG_DFL, sa_mask=[], sa_flags=0}, 8) = 0
11019 02:45:23 <... rt_sigprocmask resumed>NULL, 8) = 0
11018 02:45:23 mprotect(0x7f4991d62000, 2023424, PROT_NONE <unfinished ...>
11017 02:45:23 rt_sigaction(SIGCONT, NULL,  <unfinished ...>
11019 02:45:23 execve("/usr/bin/node", ["/usr/bin/node", "/home/hussein/node-course-conten"...], 0x3d2e7580 /* 28 vars */ <unfinished ...>
11018 02:45:23 <... mprotect resumed>)  = 0
11017 02:45:23 <... rt_sigaction resumed>{sa_handler=SIG_DFL, sa_mask=[], sa_flags=0}, 8) = 0
11018 02:45:23 mmap(0x7f4991d62000, 1658880, PROT_READ|PROT_EXEC, MAP_PRIVATE|MAP_FIXED|MAP_DENYWRITE, 4, 0x28000 <unfinished ...>
11017 02:45:23 rt_sigaction(SIGTSTP, NULL,  <unfinished ...>
11018 02:45:23 <... mmap resumed>)      = 0x7f4991d62000
11017 02:45:23 <... rt_sigaction resumed>{sa_handler=SIG_DFL, sa_mask=[], sa_flags=0}, 8) = 0
11018 02:45:23 mmap(0x7f4991ef7000, 360448, PROT_READ, MAP_PRIVATE|MAP_FIXED|MAP_DENYWRITE, 4, 0x1bd000 <unfinished ...>
11017 02:45:23 rt_sigaction(SIGTTIN, NULL,  <unfinished ...>
11018 02:45:23 <... mmap resumed>)      = 0x7f4991ef7000
11017 02:45:23 <... rt_sigaction resumed>{sa_handler=SIG_DFL, sa_mask=[], sa_flags=0}, 8) = 0
11018 02:45:23 mmap(0x7f4991f50000, 24576, PROT_READ|PROT_WRITE, MAP_PRIVATE|MAP_FIXED|MAP_DENYWRITE, 4, 0x215000 <unfinished ...>
11017 02:45:23 rt_sigaction(SIGTTOU, NULL,  <unfinished ...>
11018 02:45:23 <... mmap resumed>)      = 0x7f4991f50000
11017 02:45:23 <... rt_sigaction resumed>{sa_handler=SIG_DFL, sa_mask=[], sa_flags=0}, 8) = 0
11018 02:45:23 mmap(0x7f4991f56000, 52816, PROT_READ|PROT_WRITE, MAP_PRIVATE|MAP_FIXED|MAP_ANONYMOUS, -1, 0 <unfinished ...>
11017 02:45:23 rt_sigaction(SIGURG, NULL,  <unfinished ...>
11018 02:45:23 <... mmap resumed>)      = 0x7f4991f56000
11017 02:45:23 <... rt_sigaction resumed>{sa_handler=SIG_DFL, sa_mask=[], sa_flags=0}, 8) = 0
11018 02:45:23 close(4 <unfinished ...>
11006 02:45:23 <... read resumed>"", 4) = 0
11018 02:45:23 <... close resumed>)     = 0
11017 02:45:23 rt_sigaction(SIGXCPU, NULL,  <unfinished ...>
11006 02:45:23 close(28 <unfinished ...>
11019 02:45:23 <... execve resumed>)    = 0
11018 02:45:23 mmap(NULL, 8192, PROT_READ|PROT_WRITE, MAP_PRIVATE|MAP_ANONYMOUS, -1, 0 <unfinished ...>
11017 02:45:23 <... rt_sigaction resumed>{sa_handler=SIG_DFL, sa_mask=[], sa_flags=0}, 8) = 0
11006 02:45:23 <... close resumed>)     = 0
11018 02:45:23 <... mmap resumed>)      = 0x7f4991d38000
11006 02:45:23 close(27 <unfinished ...>
11019 02:45:23 brk(NULL <unfinished ...>
11017 02:45:23 rt_sigaction(SIGXFSZ, {sa_handler=SIG_IGN, sa_mask=[], sa_flags=SA_RESTORER, sa_restorer=0x7f548d74e520},  <unfinished ...>
11006 02:45:23 <... close resumed>)     = 0
11019 02:45:23 <... brk resumed>)       = 0x37fbb000
11018 02:45:23 mmap(NULL, 12288, PROT_READ|PROT_WRITE, MAP_PRIVATE|MAP_ANONYMOUS, -1, 0 <unfinished ...>
11017 02:45:23 <... rt_sigaction resumed>NULL, 8) = 0
11006 02:45:23 ioctl(26, FIONBIO, [1] <unfinished ...>
11019 02:45:23 arch_prctl(0x3001 /* ARCH_??? */, 0x7ffe8491f280 <unfinished ...>
11018 02:45:23 <... mmap resumed>)      = 0x7f4991d35000
11017 02:45:23 rt_sigaction(SIGVTALRM, NULL,  <unfinished ...>
11006 02:45:23 <... ioctl resumed>)     = 0
11019 02:45:23 <... arch_prctl resumed>) = -1 EINVAL (Invalid argument)
11018 02:45:23 arch_prctl(ARCH_SET_FS, 0x7f4991d35840 <unfinished ...>
11017 02:45:23 <... rt_sigaction resumed>{sa_handler=SIG_DFL, sa_mask=[], sa_flags=0}, 8) = 0
11018 02:45:23 <... arch_prctl resumed>) = 0
11019 02:45:23 mmap(NULL, 8192, PROT_READ|PROT_WRITE, MAP_PRIVATE|MAP_ANONYMOUS, -1, 0 <unfinished ...>
11017 02:45:23 rt_sigaction(SIGPROF, NULL,  <unfinished ...>
11018 02:45:23 set_tid_address(0x7f4991d35b10 <unfinished ...>
11019 02:45:23 <... mmap resumed>)      = 0x7f0dbfb31000
11018 02:45:23 <... set_tid_address resumed>) = 11018
11017 02:45:23 <... rt_sigaction resumed>{sa_handler=SIG_DFL, sa_mask=[], sa_flags=0}, 8) = 0
11019 02:45:23 access("/etc/ld.so.preload", R_OK <unfinished ...>
11018 02:45:23 set_robust_list(0x7f4991d35b20, 24 <unfinished ...>
11017 02:45:23 rt_sigaction(SIGWINCH, NULL,  <unfinished ...>
11019 02:45:23 <... access resumed>)    = -1 ENOENT (No such file or directory)
11018 02:45:23 <... set_robust_list resumed>) = 0
11017 02:45:23 <... rt_sigaction resumed>{sa_handler=SIG_DFL, sa_mask=[], sa_flags=0}, 8) = 0
11019 02:45:23 openat(AT_FDCWD, "/etc/ld.so.cache", O_RDONLY|O_CLOEXEC <unfinished ...>
11018 02:45:23 rseq(0x7f4991d361e0, 0x20, 0, 0x53053053 <unfinished ...>
11017 02:45:23 rt_sigaction(SIGIO, NULL,  <unfinished ...>
11019 02:45:23 <... openat resumed>)    = 4
11018 02:45:23 <... rseq resumed>)      = 0
11017 02:45:23 <... rt_sigaction resumed>{sa_handler=SIG_DFL, sa_mask=[], sa_flags=0}, 8) = 0
11019 02:45:23 newfstatat(4, "",  <unfinished ...>
11017 02:45:23 rt_sigaction(SIGPWR, NULL,  <unfinished ...>
11019 02:45:23 <... newfstatat resumed>{st_mode=S_IFREG|0644, st_size=24095, ...}, AT_EMPTY_PATH) = 0
11017 02:45:23 <... rt_sigaction resumed>{sa_handler=SIG_DFL, sa_mask=[], sa_flags=0}, 8) = 0
11019 02:45:23 mmap(NULL, 24095, PROT_READ, MAP_PRIVATE, 4, 0 <unfinished ...>
11006 02:45:23 socketpair(AF_UNIX, SOCK_STREAM|SOCK_CLOEXEC, 0,  <unfinished ...>
11017 02:45:23 rt_sigaction(SIGSYS, NULL,  <unfinished ...>
11006 02:45:23 <... socketpair resumed>[27, 28]) = 0
11019 02:45:23 <... mmap resumed>)      = 0x7f0dbfb2b000
11017 02:45:23 <... rt_sigaction resumed>{sa_handler=SIG_DFL, sa_mask=[], sa_flags=0}, 8) = 0
11006 02:45:23 pipe2( <unfinished ...>
11019 02:45:23 close(4 <unfinished ...>
11018 02:45:23 mprotect(0x7f4991f50000, 16384, PROT_READ <unfinished ...>
11017 02:45:23 fcntl(0, F_GETFL <unfinished ...>
11006 02:45:23 <... pipe2 resumed>[29, 30], O_CLOEXEC) = 0
11019 02:45:23 <... close resumed>)     = 0
11018 02:45:23 <... mprotect resumed>)  = 0
11017 02:45:23 <... fcntl resumed>)     = 0x8002 (flags O_RDWR|O_LARGEFILE)
11006 02:45:23 rt_sigprocmask(SIG_BLOCK, ~[ILL TRAP ABRT BUS KILL SEGV STOP SYS RTMIN RT_1],  <unfinished ...>
11019 02:45:23 openat(AT_FDCWD, "/lib/x86_64-linux-gnu/libdl.so.2", O_RDONLY|O_CLOEXEC <unfinished ...>
11018 02:45:23 mprotect(0x7f4991f66000, 4096, PROT_READ <unfinished ...>
11017 02:45:23 ioctl(0, TCGETS <unfinished ...>
11006 02:45:23 <... rt_sigprocmask resumed>[], 8) = 0
11019 02:45:23 <... openat resumed>)    = 4
11018 02:45:23 <... mprotect resumed>)  = 0
11017 02:45:23 <... ioctl resumed>, {B9600 opost isig icanon echo ...}) = 0
11006 02:45:23 clone(child_stack=NULL, flags=CLONE_CHILD_CLEARTID|CLONE_CHILD_SETTID|SIGCHLD <unfinished ...>
11019 02:45:23 read(4,  <unfinished ...>
11018 02:45:23 mprotect(0x7f4991f86000, 4096, PROT_READ <unfinished ...>
11017 02:45:23 ioctl(0, TCGETS <unfinished ...>
11019 02:45:23 <... read resumed>"\177ELF\2\1\1\0\0\0\0\0\0\0\0\0\3\0>\0\1\0\0\0\0\0\0\0\0\0\0\0"..., 832) = 832
11018 02:45:23 <... mprotect resumed>)  = 0
11017 02:45:23 <... ioctl resumed>, {B9600 opost isig icanon echo ...}) = 0
11019 02:45:23 newfstatat(4, "",  <unfinished ...>
11018 02:45:23 mprotect(0x7f499206d000, 4096, PROT_READ <unfinished ...>
11017 02:45:23 fcntl(1, F_GETFL <unfinished ...>
11019 02:45:23 <... newfstatat resumed>{st_mode=S_IFREG|0644, st_size=14432, ...}, AT_EMPTY_PATH) = 0
11018 02:45:23 <... mprotect resumed>)  = 0
11017 02:45:23 <... fcntl resumed>)     = 0x8002 (flags O_RDWR|O_LARGEFILE)
11019 02:45:23 mmap(NULL, 16424, PROT_READ, MAP_PRIVATE|MAP_DENYWRITE, 4, 0) = 0x7f0dbfb26000
11017 02:45:23 ioctl(1, TCGETS <unfinished ...>
11006 02:45:23 <... clone resumed>, child_tidptr=0x7f59ba4f7b10) = 11020
11020 02:45:23 set_robust_list(0x7f59ba4f7b20, 24 <unfinished ...>
11019 02:45:23 mmap(0x7f0dbfb27000, 4096, PROT_READ|PROT_EXEC, MAP_PRIVATE|MAP_FIXED|MAP_DENYWRITE, 4, 0x1000 <unfinished ...>
11017 02:45:23 <... ioctl resumed>, {B9600 opost isig icanon echo ...}) = 0
11020 02:45:23 <... set_robust_list resumed>) = 0
11006 02:45:23 rt_sigprocmask(SIG_SETMASK, [],  <unfinished ...>
11019 02:45:23 <... mmap resumed>)      = 0x7f0dbfb27000
11017 02:45:23 ioctl(1, TCGETS <unfinished ...>
11006 02:45:23 <... rt_sigprocmask resumed>NULL, 8) = 0
11019 02:45:23 mmap(0x7f0dbfb28000, 4096, PROT_READ, MAP_PRIVATE|MAP_FIXED|MAP_DENYWRITE, 4, 0x2000 <unfinished ...>
11017 02:45:23 <... ioctl resumed>, {B9600 opost isig icanon echo ...}) = 0
11006 02:45:23 close(30 <unfinished ...>
11019 02:45:23 <... mmap resumed>)      = 0x7f0dbfb28000
11006 02:45:23 <... close resumed>)     = 0
11017 02:45:23 fcntl(2, F_GETFL <unfinished ...>
11019 02:45:23 mmap(0x7f0dbfb29000, 8192, PROT_READ|PROT_WRITE, MAP_PRIVATE|MAP_FIXED|MAP_DENYWRITE, 4, 0x2000 <unfinished ...>
11006 02:45:23 read(29,  <unfinished ...>
11020 02:45:23 close(5 <unfinished ...>
11017 02:45:23 <... fcntl resumed>)     = 0x8002 (flags O_RDWR|O_LARGEFILE)
11019 02:45:23 <... mmap resumed>)      = 0x7f0dbfb29000
11020 02:45:23 <... close resumed>)     = 0
11017 02:45:23 ioctl(2, TCGETS <unfinished ...>
11020 02:45:23 close(6 <unfinished ...>
11019 02:45:23 close(4 <unfinished ...>
11017 02:45:23 <... ioctl resumed>, {B9600 opost isig icanon echo ...}) = 0
11020 02:45:23 <... close resumed>)     = 0
11019 02:45:23 <... close resumed>)     = 0
11017 02:45:23 ioctl(2, TCGETS <unfinished ...>
11020 02:45:23 pipe2( <unfinished ...>
11019 02:45:23 openat(AT_FDCWD, "/lib/x86_64-linux-gnu/libstdc++.so.6", O_RDONLY|O_CLOEXEC <unfinished ...>
11017 02:45:23 <... ioctl resumed>, {B9600 opost isig icanon echo ...}) = 0
11020 02:45:23 <... pipe2 resumed>[5, 6], O_CLOEXEC) = 0
11019 02:45:23 <... openat resumed>)    = 4
11020 02:45:23 write(6, "*", 1 <unfinished ...>
11017 02:45:23 rt_sigaction(SIGINT, {sa_handler=0xfcf0b0, sa_mask=~[RTMIN RT_1], sa_flags=SA_RESTORER|SA_RESETHAND|0xffffffff00000000, sa_restorer=0x7f548d74e520},  <unfinished ...>
11019 02:45:23 read(4,  <unfinished ...>
11020 02:45:23 <... write resumed>)     = 1
11017 02:45:23 <... rt_sigaction resumed>NULL, 8) = 0
11019 02:45:23 <... read resumed>"\177ELF\2\1\1\3\0\0\0\0\0\0\0\0\3\0>\0\1\0\0\0\0\0\0\0\0\0\0\0"..., 832) = 832
11020 02:45:23 rt_sigaction(SIGHUP, {sa_handler=SIG_DFL, sa_mask=[HUP], sa_flags=SA_RESTORER|SA_RESTART, sa_restorer=0x7f59ba53e520},  <unfinished ...>
11017 02:45:23 rt_sigaction(SIGTERM, {sa_handler=0xfcf0b0, sa_mask=~[RTMIN RT_1], sa_flags=SA_RESTORER|SA_RESETHAND|0xffffffff00000000, sa_restorer=0x7f548d74e520},  <unfinished ...>
11020 02:45:23 <... rt_sigaction resumed>{sa_handler=SIG_DFL, sa_mask=[], sa_flags=0}, 8) = 0
11019 02:45:23 newfstatat(4, "",  <unfinished ...>
11018 02:45:23 mprotect(0x7f499228a000, 45056, PROT_READ <unfinished ...>
11017 02:45:23 <... rt_sigaction resumed>NULL, 8) = 0
11020 02:45:23 rt_sigaction(SIGINT, {sa_handler=SIG_DFL, sa_mask=[INT], sa_flags=SA_RESTORER|SA_RESTART, sa_restorer=0x7f59ba53e520},  <unfinished ...>
11019 02:45:23 <... newfstatat resumed>{st_mode=S_IFREG|0644, st_size=2260296, ...}, AT_EMPTY_PATH) = 0
11018 02:45:23 <... mprotect resumed>)  = 0
11017 02:45:23 prlimit64(0, RLIMIT_NOFILE, NULL,  <unfinished ...>
11020 02:45:23 <... rt_sigaction resumed>{sa_handler=0xfcf0b0, sa_mask=~[KILL STOP RTMIN RT_1], sa_flags=SA_RESTORER|SA_RESETHAND, sa_restorer=0x7f59ba53e520}, 8) = 0
11019 02:45:23 mmap(NULL, 2275520, PROT_READ, MAP_PRIVATE|MAP_DENYWRITE, 4, 0 <unfinished ...>
11018 02:45:23 mprotect(0x7f499229e000, 4096, PROT_READ <unfinished ...>
11017 02:45:23 <... prlimit64 resumed>{rlim_cur=1024*1024, rlim_max=1024*1024}) = 0
11020 02:45:23 rt_sigaction(SIGQUIT, {sa_handler=SIG_DFL, sa_mask=[QUIT], sa_flags=SA_RESTORER|SA_RESTART, sa_restorer=0x7f59ba53e520},  <unfinished ...>
11019 02:45:23 <... mmap resumed>)      = 0x7f0dbf8fa000
11018 02:45:23 <... mprotect resumed>)  = 0
11020 02:45:23 <... rt_sigaction resumed>{sa_handler=SIG_DFL, sa_mask=[], sa_flags=0}, 8) = 0
11019 02:45:23 mprotect(0x7f0dbf994000, 1576960, PROT_NONE <unfinished ...>
11020 02:45:23 rt_sigaction(SIGILL, {sa_handler=SIG_DFL, sa_mask=[ILL], sa_flags=SA_RESTORER|SA_RESTART, sa_restorer=0x7f59ba53e520},  <unfinished ...>
11019 02:45:23 <... mprotect resumed>)  = 0
11020 02:45:23 <... rt_sigaction resumed>{sa_handler=SIG_DFL, sa_mask=[], sa_flags=0}, 8) = 0
11019 02:45:23 mmap(0x7f0dbf994000, 1118208, PROT_READ|PROT_EXEC, MAP_PRIVATE|MAP_FIXED|MAP_DENYWRITE, 4, 0x9a000 <unfinished ...>
11017 02:45:23 fcntl(0, F_SETFD, FD_CLOEXEC <unfinished ...>
11020 02:45:23 rt_sigaction(SIGTRAP, {sa_handler=SIG_DFL, sa_mask=[TRAP], sa_flags=SA_RESTORER|SA_RESTART, sa_restorer=0x7f59ba53e520},  <unfinished ...>
11019 02:45:23 <... mmap resumed>)      = 0x7f0dbf994000
11020 02:45:23 <... rt_sigaction resumed>{sa_handler=SIG_DFL, sa_mask=[], sa_flags=0}, 8) = 0
11017 02:45:23 <... fcntl resumed>)     = 0
11020 02:45:23 rt_sigaction(SIGABRT, {sa_handler=SIG_DFL, sa_mask=[ABRT], sa_flags=SA_RESTORER|SA_RESTART, sa_restorer=0x7f59ba53e520},  <unfinished ...>
11019 02:45:23 mmap(0x7f0dbfaa5000, 454656, PROT_READ, MAP_PRIVATE|MAP_FIXED|MAP_DENYWRITE, 4, 0x1ab000 <unfinished ...>
11017 02:45:23 fcntl(1, F_SETFD, FD_CLOEXEC <unfinished ...>
11020 02:45:23 <... rt_sigaction resumed>{sa_handler=SIG_DFL, sa_mask=[], sa_flags=0}, 8) = 0
11019 02:45:23 <... mmap resumed>)      = 0x7f0dbfaa5000
11017 02:45:23 <... fcntl resumed>)     = 0
11020 02:45:23 rt_sigaction(SIGBUS, {sa_handler=SIG_DFL, sa_mask=[BUS], sa_flags=SA_RESTORER|SA_RESTART, sa_restorer=0x7f59ba53e520},  <unfinished ...>
11019 02:45:23 mmap(0x7f0dbfb15000, 57344, PROT_READ|PROT_WRITE, MAP_PRIVATE|MAP_FIXED|MAP_DENYWRITE, 4, 0x21a000 <unfinished ...>
11017 02:45:23 fcntl(2, F_SETFD, FD_CLOEXEC <unfinished ...>
11020 02:45:23 <... rt_sigaction resumed>{sa_handler=SIG_DFL, sa_mask=[], sa_flags=0}, 8) = 0
11019 02:45:23 <... mmap resumed>)      = 0x7f0dbfb15000
11017 02:45:23 <... fcntl resumed>)     = 0
11020 02:45:23 rt_sigaction(SIGFPE, {sa_handler=SIG_DFL, sa_mask=[FPE], sa_flags=SA_RESTORER|SA_RESTART, sa_restorer=0x7f59ba53e520},  <unfinished ...>
11019 02:45:23 mmap(0x7f0dbfb23000, 10432, PROT_READ|PROT_WRITE, MAP_PRIVATE|MAP_FIXED|MAP_ANONYMOUS, -1, 0 <unfinished ...>
11017 02:45:23 fcntl(3, F_SETFD, FD_CLOEXEC <unfinished ...>
11020 02:45:23 <... rt_sigaction resumed>{sa_handler=SIG_DFL, sa_mask=[], sa_flags=0}, 8) = 0
11019 02:45:23 <... mmap resumed>)      = 0x7f0dbfb23000
11017 02:45:23 <... fcntl resumed>)     = 0
11020 02:45:23 rt_sigaction(SIGUSR1, {sa_handler=SIG_DFL, sa_mask=[USR1], sa_flags=SA_RESTORER|SA_RESTART, sa_restorer=0x7f59ba53e520},  <unfinished ...>
11019 02:45:23 close(4 <unfinished ...>
11020 02:45:23 <... rt_sigaction resumed>{sa_handler=0x11c7100, sa_mask=~[KILL STOP RTMIN RT_1], sa_flags=SA_RESTORER, sa_restorer=0x7f59ba53e520}, 8) = 0
11017 02:45:23 fcntl(4, F_SETFD, FD_CLOEXEC <unfinished ...>
11020 02:45:23 rt_sigaction(SIGSEGV, {sa_handler=SIG_DFL, sa_mask=[SEGV], sa_flags=SA_RESTORER|SA_RESTART, sa_restorer=0x7f59ba53e520},  <unfinished ...>
11019 02:45:23 <... close resumed>)     = 0
11017 02:45:23 <... fcntl resumed>)     = -1 EBADF (Bad file descriptor)
11020 02:45:23 <... rt_sigaction resumed>{sa_handler=0xfcf220, sa_mask=[], sa_flags=SA_RESTORER|SA_SIGINFO, sa_restorer=0x7f59ba53e520}, 8) = 0
11019 02:45:23 openat(AT_FDCWD, "/lib/x86_64-linux-gnu/libm.so.6", O_RDONLY|O_CLOEXEC <unfinished ...>
11018 02:45:23 mprotect(0x6936000, 16384, PROT_READ <unfinished ...>
11017 02:45:23 fcntl(5, F_SETFD, FD_CLOEXEC <unfinished ...>
11020 02:45:23 rt_sigaction(SIGUSR2, {sa_handler=SIG_DFL, sa_mask=[USR2], sa_flags=SA_RESTORER|SA_RESTART, sa_restorer=0x7f59ba53e520},  <unfinished ...>
11019 02:45:23 <... openat resumed>)    = 4
11018 02:45:23 <... mprotect resumed>)  = 0
11017 02:45:23 <... fcntl resumed>)     = -1 EBADF (Bad file descriptor)
11020 02:45:23 <... rt_sigaction resumed>{sa_handler=SIG_DFL, sa_mask=[], sa_flags=0}, 8) = 0
11019 02:45:23 read(4,  <unfinished ...>
11018 02:45:23 mmap(NULL, 8192, PROT_READ|PROT_WRITE, MAP_PRIVATE|MAP_ANONYMOUS, -1, 0 <unfinished ...>
11017 02:45:23 fcntl(6, F_SETFD, FD_CLOEXEC <unfinished ...>
11020 02:45:23 rt_sigaction(SIGPIPE, {sa_handler=SIG_DFL, sa_mask=[PIPE], sa_flags=SA_RESTORER|SA_RESTART, sa_restorer=0x7f59ba53e520},  <unfinished ...>
11019 02:45:23 <... read resumed>"\177ELF\2\1\1\3\0\0\0\0\0\0\0\0\3\0>\0\1\0\0\0\0\0\0\0\0\0\0\0"..., 832) = 832
11018 02:45:23 <... mmap resumed>)      = 0x7f4991d33000
11017 02:45:23 <... fcntl resumed>)     = -1 EBADF (Bad file descriptor)
11020 02:45:23 <... rt_sigaction resumed>{sa_handler=SIG_IGN, sa_mask=[], sa_flags=SA_RESTORER, sa_restorer=0x7f59ba53e520}, 8) = 0
11019 02:45:23 newfstatat(4, "",  <unfinished ...>
11018 02:45:23 mprotect(0x7f49922e0000, 8192, PROT_READ <unfinished ...>
11017 02:45:23 fcntl(7, F_SETFD, FD_CLOEXEC <unfinished ...>
11020 02:45:23 rt_sigaction(SIGALRM, {sa_handler=SIG_DFL, sa_mask=[ALRM], sa_flags=SA_RESTORER|SA_RESTART, sa_restorer=0x7f59ba53e520},  <unfinished ...>
11019 02:45:23 <... newfstatat resumed>{st_mode=S_IFREG|0644, st_size=940560, ...}, AT_EMPTY_PATH) = 0
11018 02:45:23 <... mprotect resumed>)  = 0
11017 02:45:23 <... fcntl resumed>)     = -1 EBADF (Bad file descriptor)
11020 02:45:23 <... rt_sigaction resumed>{sa_handler=SIG_DFL, sa_mask=[], sa_flags=0}, 8) = 0
11019 02:45:23 mmap(NULL, 942344, PROT_READ, MAP_PRIVATE|MAP_DENYWRITE, 4, 0 <unfinished ...>
11017 02:45:23 fcntl(8, F_SETFD, FD_CLOEXEC <unfinished ...>
11020 02:45:23 rt_sigaction(SIGTERM, {sa_handler=SIG_DFL, sa_mask=[TERM], sa_flags=SA_RESTORER|SA_RESTART, sa_restorer=0x7f59ba53e520},  <unfinished ...>
11019 02:45:23 <... mmap resumed>)      = 0x7f0dbf813000
11018 02:45:23 prlimit64(0, RLIMIT_STACK, NULL,  <unfinished ...>
11017 02:45:23 <... fcntl resumed>)     = -1 EBADF (Bad file descriptor)
11020 02:45:23 <... rt_sigaction resumed>{sa_handler=0xfcf0b0, sa_mask=~[KILL STOP RTMIN RT_1], sa_flags=SA_RESTORER|SA_RESETHAND, sa_restorer=0x7f59ba53e520}, 8) = 0
11019 02:45:23 mmap(0x7f0dbf821000, 507904, PROT_READ|PROT_EXEC, MAP_PRIVATE|MAP_FIXED|MAP_DENYWRITE, 4, 0xe000 <unfinished ...>
11018 02:45:23 <... prlimit64 resumed>{rlim_cur=8192*1024, rlim_max=RLIM64_INFINITY}) = 0
11017 02:45:23 fcntl(9, F_SETFD, FD_CLOEXEC <unfinished ...>
11020 02:45:23 rt_sigaction(SIGSTKFLT, {sa_handler=SIG_DFL, sa_mask=[STKFLT], sa_flags=SA_RESTORER|SA_RESTART, sa_restorer=0x7f59ba53e520},  <unfinished ...>
11019 02:45:23 <... mmap resumed>)      = 0x7f0dbf821000
11017 02:45:23 <... fcntl resumed>)     = -1 EBADF (Bad file descriptor)
11020 02:45:23 <... rt_sigaction resumed>{sa_handler=SIG_DFL, sa_mask=[], sa_flags=0}, 8) = 0
11019 02:45:23 mmap(0x7f0dbf89d000, 372736, PROT_READ, MAP_PRIVATE|MAP_FIXED|MAP_DENYWRITE, 4, 0x8a000 <unfinished ...>
11018 02:45:23 munmap(0x7f49922a0000, 24095 <unfinished ...>
11017 02:45:23 fcntl(10, F_SETFD, FD_CLOEXEC <unfinished ...>
11020 02:45:23 rt_sigaction(SIGCHLD, {sa_handler=SIG_DFL, sa_mask=[CHLD], sa_flags=SA_RESTORER|SA_RESTART, sa_restorer=0x7f59ba53e520},  <unfinished ...>
11019 02:45:23 <... mmap resumed>)      = 0x7f0dbf89d000
11018 02:45:23 <... munmap resumed>)    = 0
11017 02:45:23 <... fcntl resumed>)     = -1 EBADF (Bad file descriptor)
