12319 05:54:26 rt_sigaction(SIGCONT, {sa_handler=SIG_DFL, sa_mask=[CONT], sa_flags=SA_RESTORER|SA_RESTART, sa_restorer=0x7fca4d6f2520},  <unfinished ...>
12318 05:54:26 mprotect(0x7f675f0df000, 4096, PROT_READ <unfinished ...>
12319 05:54:26 <... rt_sigaction resumed>{sa_handler=SIG_DFL, sa_mask=[], sa_flags=0}, 8) = 0
12318 05:54:26 <... mprotect resumed>)  = 0
12319 05:54:26 rt_sigaction(SIGTSTP, {sa_handler=SIG_DFL, sa_mask=[TSTP], sa_flags=SA_RESTORER|SA_RESTART, sa_restorer=0x7fca4d6f2520}, {sa_handler=SIG_DFL, sa_mask=[], sa_flags=0}, 8) = 0
12318 05:54:26 mprotect(0x7f675f1c6000, 4096, PROT_READ <unfinished ...>
12319 05:54:26 rt_sigaction(SIGTTIN, {sa_handler=SIG_DFL, sa_mask=[TTIN], sa_flags=SA_RESTORER|SA_RESTART, sa_restorer=0x7fca4d6f2520},  <unfinished ...>
12318 05:54:26 <... mprotect resumed>)  = 0
12319 05:54:26 <... rt_sigaction resumed>{sa_handler=SIG_DFL, sa_mask=[], sa_flags=0}, 8) = 0
12319 05:54:26 rt_sigaction(SIGTTOU, {sa_handler=SIG_DFL, sa_mask=[TTOU], sa_flags=SA_RESTORER|SA_RESTART, sa_restorer=0x7fca4d6f2520}, {sa_handler=SIG_DFL, sa_mask=[], sa_flags=0}, 8) = 0
12319 05:54:26 rt_sigaction(SIGURG, {sa_handler=SIG_DFL, sa_mask=[URG], sa_flags=SA_RESTORER|SA_RESTART, sa_restorer=0x7fca4d6f2520}, {sa_handler=SIG_DFL, sa_mask=[], sa_flags=0}, 8) = 0
12319 05:54:26 rt_sigaction(SIGXCPU, {sa_handler=SIG_DFL, sa_mask=[XCPU], sa_flags=SA_RESTORER|SA_RESTART, sa_restorer=0x7fca4d6f2520}, {sa_handler=SIG_DFL, sa_mask=[], sa_flags=0}, 8) = 0
12319 05:54:26 rt_sigaction(SIGXFSZ, {sa_handler=SIG_DFL, sa_mask=[XFSZ], sa_flags=SA_RESTORER|SA_RESTART, sa_restorer=0x7fca4d6f2520}, {sa_handler=SIG_IGN, sa_mask=[], sa_flags=SA_RESTORER, sa_restorer=0x7fca4d6f2520}, 8) = 0
12319 05:54:26 rt_sigaction(SIGVTALRM, {sa_handler=SIG_DFL, sa_mask=[VTALRM], sa_flags=SA_RESTORER|SA_RESTART, sa_restorer=0x7fca4d6f2520}, {sa_handler=SIG_DFL, sa_mask=[], sa_flags=0}, 8) = 0
12319 05:54:26 rt_sigaction(SIGPROF, {sa_handler=SIG_DFL, sa_mask=[PROF], sa_flags=SA_RESTORER|SA_RESTART, sa_restorer=0x7fca4d6f2520}, {sa_handler=SIG_DFL, sa_mask=[], sa_flags=0}, 8) = 0
12319 05:54:26 rt_sigaction(SIGWINCH, {sa_handler=SIG_DFL, sa_mask=[WINCH], sa_flags=SA_RESTORER|SA_RESTART, sa_restorer=0x7fca4d6f2520}, {sa_handler=0x207bbc0, sa_mask=~[KILL STOP RTMIN RT_1], sa_flags=SA_RESTORER|SA_RESTART, sa_restorer=0x7fca4d6f2520}, 8) = 0
12319 05:54:26 rt_sigaction(SIGIO, {sa_handler=SIG_DFL, sa_mask=[IO], sa_flags=SA_RESTORER|SA_RESTART, sa_restorer=0x7fca4d6f2520}, {sa_handler=SIG_DFL, sa_mask=[], sa_flags=0}, 8) = 0
12319 05:54:26 rt_sigaction(SIGPWR, {sa_handler=SIG_DFL, sa_mask=[PWR], sa_flags=SA_RESTORER|SA_RESTART, sa_restorer=0x7fca4d6f2520}, {sa_handler=SIG_DFL, sa_mask=[], sa_flags=0}, 8) = 0
12319 05:54:26 rt_sigaction(SIGSYS, {sa_handler=SIG_DFL, sa_mask=[SYS], sa_flags=SA_RESTORER|SA_RESTART, sa_restorer=0x7fca4d6f2520}, {sa_handler=SIG_DFL, sa_mask=[], sa_flags=0}, 8) = 0
12319 05:54:26 fcntl(0, F_SETFD, 0)     = 0
12319 05:54:26 fcntl(0, F_GETFL)        = 0x8002 (flags O_RDWR|O_LARGEFILE)
12319 05:54:26 fcntl(1, F_SETFD, 0)     = 0
12319 05:54:26 fcntl(1, F_GETFL)        = 0x8002 (flags O_RDWR|O_LARGEFILE)
12319 05:54:26 fcntl(2, F_SETFD, 0)     = 0
12319 05:54:26 fcntl(2, F_GETFL)        = 0x8002 (flags O_RDWR|O_LARGEFILE)
12319 05:54:26 dup2(26, 3 <unfinished ...>
12318 05:54:26 mprotect(0x7f675f3e3000, 45056, PROT_READ <unfinished ...>
12319 05:54:26 <... dup2 resumed>)      = 3
12318 05:54:26 <... mprotect resumed>)  = 0
12319 05:54:26 rt_sigprocmask(SIG_SETMASK, [],  <unfinished ...>
12318 05:54:26 mprotect(0x7f675f3f7000, 4096, PROT_READ <unfinished ...>
12319 05:54:26 <... rt_sigprocmask resumed>NULL, 8) = 0
12318 05:54:26 <... mprotect resumed>)  = 0
12319 05:54:26 execve("/usr/bin/node", ["/usr/bin/node", "/home/hussein/node-course-conten"...], 0x219e24f0 /* 28 vars */ <unfinished ...>
12307 05:54:26 <... read resumed>"", 4) = 0
12307 05:54:26 close(27 <unfinished ...>
12319 05:54:26 <... execve resumed>)    = 0
12307 05:54:26 <... close resumed>)     = 0
12307 05:54:26 close(26 <unfinished ...>
12319 05:54:26 brk(NULL <unfinished ...>
12307 05:54:26 <... close resumed>)     = 0
12319 05:54:26 <... brk resumed>)       = 0x13b6e000
12307 05:54:26 ioctl(25, FIONBIO, [1] <unfinished ...>
12319 05:54:26 arch_prctl(0x3001 /* ARCH_??? */, 0x7fff002267f0 <unfinished ...>
12307 05:54:26 <... ioctl resumed>)     = 0
12319 05:54:26 <... arch_prctl resumed>) = -1 EINVAL (Invalid argument)
12318 05:54:26 mprotect(0x6936000, 16384, PROT_READ) = 0
12319 05:54:26 mmap(NULL, 8192, PROT_READ|PROT_WRITE, MAP_PRIVATE|MAP_ANONYMOUS, -1, 0 <unfinished ...>
12318 05:54:26 mmap(NULL, 8192, PROT_READ|PROT_WRITE, MAP_PRIVATE|MAP_ANONYMOUS, -1, 0 <unfinished ...>
12319 05:54:26 <... mmap resumed>)      = 0x7f21f238f000
12318 05:54:26 <... mmap resumed>)      = 0x7f675ee8c000
12319 05:54:26 access("/etc/ld.so.preload", R_OK <unfinished ...>
12318 05:54:26 mprotect(0x7f675f439000, 8192, PROT_READ <unfinished ...>
12319 05:54:26 <... access resumed>)    = -1 ENOENT (No such file or directory)
12318 05:54:26 <... mprotect resumed>)  = 0
12319 05:54:26 openat(AT_FDCWD, "/etc/ld.so.cache", O_RDONLY|O_CLOEXEC) = 4
12318 05:54:26 prlimit64(0, RLIMIT_STACK, NULL,  <unfinished ...>
12319 05:54:26 newfstatat(4, "",  <unfinished ...>
12318 05:54:26 <... prlimit64 resumed>{rlim_cur=8192*1024, rlim_max=RLIM64_INFINITY}) = 0
12319 05:54:26 <... newfstatat resumed>{st_mode=S_IFREG|0644, st_size=24095, ...}, AT_EMPTY_PATH) = 0
12318 05:54:26 munmap(0x7f675f3f9000, 24095 <unfinished ...>
12319 05:54:26 mmap(NULL, 24095, PROT_READ, MAP_PRIVATE, 4, 0 <unfinished ...>
12318 05:54:26 <... munmap resumed>)    = 0
12319 05:54:26 <... mmap resumed>)      = 0x7f21f2389000
12319 05:54:26 close(4)                 = 0
12318 05:54:26 getrandom( <unfinished ...>
12319 05:54:26 openat(AT_FDCWD, "/lib/x86_64-linux-gnu/libdl.so.2", O_RDONLY|O_CLOEXEC <unfinished ...>
12318 05:54:26 <... getrandom resumed>"\x38\x0e\x7f\x3d\x8a\x97\x09\xa8", 8, GRND_NONBLOCK) = 8
12319 05:54:26 <... openat resumed>)    = 4
12318 05:54:26 brk(NULL <unfinished ...>
12319 05:54:26 read(4,  <unfinished ...>
12318 05:54:26 <... brk resumed>)       = 0x34069000
12319 05:54:26 <... read resumed>"\177ELF\2\1\1\0\0\0\0\0\0\0\0\0\3\0>\0\1\0\0\0\0\0\0\0\0\0\0\0"..., 832) = 832
12318 05:54:26 brk(0x3408a000 <unfinished ...>
12319 05:54:26 newfstatat(4, "",  <unfinished ...>
12318 05:54:26 <... brk resumed>)       = 0x3408a000
12319 05:54:26 <... newfstatat resumed>{st_mode=S_IFREG|0644, st_size=14432, ...}, AT_EMPTY_PATH) = 0
12319 05:54:26 mmap(NULL, 16424, PROT_READ, MAP_PRIVATE|MAP_DENYWRITE, 4, 0) = 0x7f21f2384000
12319 05:54:26 mmap(0x7f21f2385000, 4096, PROT_READ|PROT_EXEC, MAP_PRIVATE|MAP_FIXED|MAP_DENYWRITE, 4, 0x1000 <unfinished ...>
12307 05:54:26 socketpair(AF_UNIX, SOCK_STREAM|SOCK_CLOEXEC, 0,  <unfinished ...>
12318 05:54:26 futex(0x7f675f3f177c, FUTEX_WAKE_PRIVATE, 2147483647 <unfinished ...>
12319 05:54:26 <... mmap resumed>)      = 0x7f21f2385000
12307 05:54:26 <... socketpair resumed>[26, 27]) = 0
12318 05:54:26 <... futex resumed>)     = 0
12307 05:54:26 pipe2( <unfinished ...>
12319 05:54:26 mmap(0x7f21f2386000, 4096, PROT_READ, MAP_PRIVATE|MAP_FIXED|MAP_DENYWRITE, 4, 0x2000 <unfinished ...>
12307 05:54:26 <... pipe2 resumed>[28, 29], O_CLOEXEC) = 0
12319 05:54:26 <... mmap resumed>)      = 0x7f21f2386000
12307 05:54:26 rt_sigprocmask(SIG_BLOCK, ~[ILL TRAP ABRT BUS KILL SEGV STOP SYS RTMIN RT_1],  <unfinished ...>
12319 05:54:26 mmap(0x7f21f2387000, 8192, PROT_READ|PROT_WRITE, MAP_PRIVATE|MAP_FIXED|MAP_DENYWRITE, 4, 0x2000 <unfinished ...>
12307 05:54:26 <... rt_sigprocmask resumed>[], 8) = 0
12319 05:54:26 <... mmap resumed>)      = 0x7f21f2387000
12307 05:54:26 clone(child_stack=NULL, flags=CLONE_CHILD_CLEARTID|CLONE_CHILD_SETTID|SIGCHLD <unfinished ...>
12319 05:54:26 close(4)                 = 0
12319 05:54:26 openat(AT_FDCWD, "/lib/x86_64-linux-gnu/libstdc++.so.6", O_RDONLY|O_CLOEXEC) = 4
12319 05:54:26 read(4, "\177ELF\2\1\1\3\0\0\0\0\0\0\0\0\3\0>\0\1\0\0\0\0\0\0\0\0\0\0\0"..., 832) = 832
12319 05:54:26 newfstatat(4, "", {st_mode=S_IFREG|0644, st_size=2260296, ...}, AT_EMPTY_PATH) = 0
12319 05:54:26 mmap(NULL, 2275520, PROT_READ, MAP_PRIVATE|MAP_DENYWRITE, 4, 0 <unfinished ...>
12307 05:54:26 <... clone resumed>, child_tidptr=0x7fca4d6abb10) = 12320
12319 05:54:26 <... mmap resumed>)      = 0x7f21f2158000
12320 05:54:26 set_robust_list(0x7fca4d6abb20, 24 <unfinished ...>
12318 05:54:26 brk(0x340ab000 <unfinished ...>
12319 05:54:26 mprotect(0x7f21f21f2000, 1576960, PROT_NONE <unfinished ...>
12307 05:54:26 rt_sigprocmask(SIG_SETMASK, [],  <unfinished ...>
12320 05:54:26 <... set_robust_list resumed>) = 0
12318 05:54:26 <... brk resumed>)       = 0x340ab000
12307 05:54:26 <... rt_sigprocmask resumed>NULL, 8) = 0
12319 05:54:26 <... mprotect resumed>)  = 0
12307 05:54:26 close(29 <unfinished ...>
12319 05:54:26 mmap(0x7f21f21f2000, 1118208, PROT_READ|PROT_EXEC, MAP_PRIVATE|MAP_FIXED|MAP_DENYWRITE, 4, 0x9a000 <unfinished ...>
12307 05:54:26 <... close resumed>)     = 0
12319 05:54:26 <... mmap resumed>)      = 0x7f21f21f2000
12307 05:54:26 read(28,  <unfinished ...>
12319 05:54:26 mmap(0x7f21f2303000, 454656, PROT_READ, MAP_PRIVATE|MAP_FIXED|MAP_DENYWRITE, 4, 0x1ab000 <unfinished ...>
12320 05:54:26 close(5 <unfinished ...>
12319 05:54:26 <... mmap resumed>)      = 0x7f21f2303000
12320 05:54:26 <... close resumed>)     = 0
12319 05:54:26 mmap(0x7f21f2373000, 57344, PROT_READ|PROT_WRITE, MAP_PRIVATE|MAP_FIXED|MAP_DENYWRITE, 4, 0x21a000 <unfinished ...>
12320 05:54:26 close(6 <unfinished ...>
12319 05:54:26 <... mmap resumed>)      = 0x7f21f2373000
12320 05:54:26 <... close resumed>)     = 0
12319 05:54:26 mmap(0x7f21f2381000, 10432, PROT_READ|PROT_WRITE, MAP_PRIVATE|MAP_FIXED|MAP_ANONYMOUS, -1, 0 <unfinished ...>
12320 05:54:26 pipe2( <unfinished ...>
12319 05:54:26 <... mmap resumed>)      = 0x7f21f2381000
12320 05:54:26 <... pipe2 resumed>[5, 6], O_CLOEXEC) = 0
12318 05:54:26 futex(0x697ec58, FUTEX_WAKE_PRIVATE, 2147483647 <unfinished ...>
12319 05:54:26 close(4 <unfinished ...>
12320 05:54:26 write(6, "*", 1 <unfinished ...>
12319 05:54:26 <... close resumed>)     = 0
12318 05:54:26 <... futex resumed>)     = 0
12320 05:54:26 <... write resumed>)     = 1
12319 05:54:26 openat(AT_FDCWD, "/lib/x86_64-linux-gnu/libm.so.6", O_RDONLY|O_CLOEXEC <unfinished ...>
12320 05:54:26 rt_sigaction(SIGHUP, {sa_handler=SIG_DFL, sa_mask=[HUP], sa_flags=SA_RESTORER|SA_RESTART, sa_restorer=0x7fca4d6f2520},  <unfinished ...>
12319 05:54:26 <... openat resumed>)    = 4
12320 05:54:26 <... rt_sigaction resumed>{sa_handler=SIG_DFL, sa_mask=[], sa_flags=0}, 8) = 0
12319 05:54:26 read(4,  <unfinished ...>
12320 05:54:26 rt_sigaction(SIGINT, {sa_handler=SIG_DFL, sa_mask=[INT], sa_flags=SA_RESTORER|SA_RESTART, sa_restorer=0x7fca4d6f2520},  <unfinished ...>
12318 05:54:26 brk(0x340cc000 <unfinished ...>
12319 05:54:26 <... read resumed>"\177ELF\2\1\1\3\0\0\0\0\0\0\0\0\3\0>\0\1\0\0\0\0\0\0\0\0\0\0\0"..., 832) = 832
12320 05:54:26 <... rt_sigaction resumed>{sa_handler=0xfcf0b0, sa_mask=~[KILL STOP RTMIN RT_1], sa_flags=SA_RESTORER|SA_RESETHAND, sa_restorer=0x7fca4d6f2520}, 8) = 0
12318 05:54:26 <... brk resumed>)       = 0x340cc000
12319 05:54:26 newfstatat(4, "",  <unfinished ...>
12320 05:54:26 rt_sigaction(SIGQUIT, {sa_handler=SIG_DFL, sa_mask=[QUIT], sa_flags=SA_RESTORER|SA_RESTART, sa_restorer=0x7fca4d6f2520},  <unfinished ...>
12319 05:54:26 <... newfstatat resumed>{st_mode=S_IFREG|0644, st_size=940560, ...}, AT_EMPTY_PATH) = 0
12320 05:54:26 <... rt_sigaction resumed>{sa_handler=SIG_DFL, sa_mask=[], sa_flags=0}, 8) = 0
12319 05:54:26 mmap(NULL, 942344, PROT_READ, MAP_PRIVATE|MAP_DENYWRITE, 4, 0 <unfinished ...>
12320 05:54:26 rt_sigaction(SIGILL, {sa_handler=SIG_DFL, sa_mask=[ILL], sa_flags=SA_RESTORER|SA_RESTART, sa_restorer=0x7fca4d6f2520},  <unfinished ...>
12319 05:54:26 <... mmap resumed>)      = 0x7f21f2071000
12320 05:54:26 <... rt_sigaction resumed>{sa_handler=SIG_DFL, sa_mask=[], sa_flags=0}, 8) = 0
12319 05:54:26 mmap(0x7f21f207f000, 507904, PROT_READ|PROT_EXEC, MAP_PRIVATE|MAP_FIXED|MAP_DENYWRITE, 4, 0xe000 <unfinished ...>
12320 05:54:26 rt_sigaction(SIGTRAP, {sa_handler=SIG_DFL, sa_mask=[TRAP], sa_flags=SA_RESTORER|SA_RESTART, sa_restorer=0x7fca4d6f2520},  <unfinished ...>
12319 05:54:26 <... mmap resumed>)      = 0x7f21f207f000
12320 05:54:26 <... rt_sigaction resumed>{sa_handler=SIG_DFL, sa_mask=[], sa_flags=0}, 8) = 0
12319 05:54:26 mmap(0x7f21f20fb000, 372736, PROT_READ, MAP_PRIVATE|MAP_FIXED|MAP_DENYWRITE, 4, 0x8a000 <unfinished ...>
12320 05:54:26 rt_sigaction(SIGABRT, {sa_handler=SIG_DFL, sa_mask=[ABRT], sa_flags=SA_RESTORER|SA_RESTART, sa_restorer=0x7fca4d6f2520},  <unfinished ...>
12319 05:54:26 <... mmap resumed>)      = 0x7f21f20fb000
12320 05:54:26 <... rt_sigaction resumed>{sa_handler=SIG_DFL, sa_mask=[], sa_flags=0}, 8) = 0
12319 05:54:26 mmap(0x7f21f2156000, 8192, PROT_READ|PROT_WRITE, MAP_PRIVATE|MAP_FIXED|MAP_DENYWRITE, 4, 0xe4000 <unfinished ...>
12320 05:54:26 rt_sigaction(SIGBUS, {sa_handler=SIG_DFL, sa_mask=[BUS], sa_flags=SA_RESTORER|SA_RESTART, sa_restorer=0x7fca4d6f2520},  <unfinished ...>
12319 05:54:26 <... mmap resumed>)      = 0x7f21f2156000
12320 05:54:26 <... rt_sigaction resumed>{sa_handler=SIG_DFL, sa_mask=[], sa_flags=0}, 8) = 0
12320 05:54:26 rt_sigaction(SIGFPE, {sa_handler=SIG_DFL, sa_mask=[FPE], sa_flags=SA_RESTORER|SA_RESTART, sa_restorer=0x7fca4d6f2520},  <unfinished ...>
12319 05:54:26 close(4 <unfinished ...>
12320 05:54:26 <... rt_sigaction resumed>{sa_handler=SIG_DFL, sa_mask=[], sa_flags=0}, 8) = 0
12319 05:54:26 <... close resumed>)     = 0
12320 05:54:26 rt_sigaction(SIGUSR1, {sa_handler=SIG_DFL, sa_mask=[USR1], sa_flags=SA_RESTORER|SA_RESTART, sa_restorer=0x7fca4d6f2520},  <unfinished ...>
12318 05:54:26 getpid( <unfinished ...>
12320 05:54:26 <... rt_sigaction resumed>{sa_handler=0x11c7100, sa_mask=~[KILL STOP RTMIN RT_1], sa_flags=SA_RESTORER, sa_restorer=0x7fca4d6f2520}, 8) = 0
12319 05:54:26 openat(AT_FDCWD, "/lib/x86_64-linux-gnu/libgcc_s.so.1", O_RDONLY|O_CLOEXEC <unfinished ...>
12318 05:54:26 <... getpid resumed>)    = 12318
12320 05:54:26 rt_sigaction(SIGSEGV, {sa_handler=SIG_DFL, sa_mask=[SEGV], sa_flags=SA_RESTORER|SA_RESTART, sa_restorer=0x7fca4d6f2520},  <unfinished ...>
12319 05:54:26 <... openat resumed>)    = 4
12318 05:54:26 capget({version=_LINUX_CAPABILITY_VERSION_3, pid=12318},  <unfinished ...>
12320 05:54:26 <... rt_sigaction resumed>{sa_handler=0xfcf220, sa_mask=[], sa_flags=SA_RESTORER|SA_SIGINFO, sa_restorer=0x7fca4d6f2520}, 8) = 0
12319 05:54:26 read(4,  <unfinished ...>
12318 05:54:26 <... capget resumed>{effective=0, permitted=0, inheritable=0}) = 0
12320 05:54:26 rt_sigaction(SIGUSR2, {sa_handler=SIG_DFL, sa_mask=[USR2], sa_flags=SA_RESTORER|SA_RESTART, sa_restorer=0x7fca4d6f2520},  <unfinished ...>
12319 05:54:26 <... read resumed>"\177ELF\2\1\1\0\0\0\0\0\0\0\0\0\3\0>\0\1\0\0\0\0\0\0\0\0\0\0\0"..., 832) = 832
12318 05:54:26 getuid( <unfinished ...>
12320 05:54:26 <... rt_sigaction resumed>{sa_handler=SIG_DFL, sa_mask=[], sa_flags=0}, 8) = 0
12319 05:54:26 newfstatat(4, "",  <unfinished ...>
12318 05:54:26 <... getuid resumed>)    = 1000
12320 05:54:26 rt_sigaction(SIGPIPE, {sa_handler=SIG_DFL, sa_mask=[PIPE], sa_flags=SA_RESTORER|SA_RESTART, sa_restorer=0x7fca4d6f2520},  <unfinished ...>
12319 05:54:26 <... newfstatat resumed>{st_mode=S_IFREG|0644, st_size=125488, ...}, AT_EMPTY_PATH) = 0
12318 05:54:26 geteuid( <unfinished ...>
12320 05:54:26 <... rt_sigaction resumed>{sa_handler=SIG_IGN, sa_mask=[], sa_flags=SA_RESTORER, sa_restorer=0x7fca4d6f2520}, 8) = 0
12319 05:54:26 mmap(NULL, 127720, PROT_READ, MAP_PRIVATE|MAP_DENYWRITE, 4, 0 <unfinished ...>
12318 05:54:26 <... geteuid resumed>)   = 1000
12320 05:54:26 rt_sigaction(SIGALRM, {sa_handler=SIG_DFL, sa_mask=[ALRM], sa_flags=SA_RESTORER|SA_RESTART, sa_restorer=0x7fca4d6f2520},  <unfinished ...>
12319 05:54:26 <... mmap resumed>)      = 0x7f21f2051000
12318 05:54:26 getgid( <unfinished ...>
12320 05:54:26 <... rt_sigaction resumed>{sa_handler=SIG_DFL, sa_mask=[], sa_flags=0}, 8) = 0
12319 05:54:26 mmap(0x7f21f2054000, 94208, PROT_READ|PROT_EXEC, MAP_PRIVATE|MAP_FIXED|MAP_DENYWRITE, 4, 0x3000 <unfinished ...>
12318 05:54:26 <... getgid resumed>)    = 1000
12320 05:54:26 rt_sigaction(SIGTERM, {sa_handler=SIG_DFL, sa_mask=[TERM], sa_flags=SA_RESTORER|SA_RESTART, sa_restorer=0x7fca4d6f2520},  <unfinished ...>
12319 05:54:26 <... mmap resumed>)      = 0x7f21f2054000
12318 05:54:26 getegid( <unfinished ...>
12320 05:54:26 <... rt_sigaction resumed>{sa_handler=0xfcf0b0, sa_mask=~[KILL STOP RTMIN RT_1], sa_flags=SA_RESTORER|SA_RESETHAND, sa_restorer=0x7fca4d6f2520}, 8) = 0
12319 05:54:26 mmap(0x7f21f206b000, 16384, PROT_READ, MAP_PRIVATE|MAP_FIXED|MAP_DENYWRITE, 4, 0x1a000 <unfinished ...>
12318 05:54:26 <... getegid resumed>)   = 1000
12320 05:54:26 rt_sigaction(SIGSTKFLT, {sa_handler=SIG_DFL, sa_mask=[STKFLT], sa_flags=SA_RESTORER|SA_RESTART, sa_restorer=0x7fca4d6f2520},  <unfinished ...>
12319 05:54:26 <... mmap resumed>)      = 0x7f21f206b000
12320 05:54:26 <... rt_sigaction resumed>{sa_handler=SIG_DFL, sa_mask=[], sa_flags=0}, 8) = 0
12318 05:54:26 fstat(0,  <unfinished ...>
12319 05:54:26 mmap(0x7f21f206f000, 8192, PROT_READ|PROT_WRITE, MAP_PRIVATE|MAP_FIXED|MAP_DENYWRITE, 4, 0x1d000 <unfinished ...>
12320 05:54:26 rt_sigaction(SIGCHLD, {sa_handler=SIG_DFL, sa_mask=[CHLD], sa_flags=SA_RESTORER|SA_RESTART, sa_restorer=0x7fca4d6f2520},  <unfinished ...>
12318 05:54:26 <... fstat resumed>{st_mode=S_IFCHR|0620, st_rdev=makedev(0x88, 0x5), ...}) = 0
12320 05:54:26 <... rt_sigaction resumed>{sa_handler=0x207bbc0, sa_mask=~[KILL STOP RTMIN RT_1], sa_flags=SA_RESTORER|SA_RESTART, sa_restorer=0x7fca4d6f2520}, 8) = 0
12319 05:54:26 <... mmap resumed>)      = 0x7f21f206f000
12318 05:54:26 fstat(1,  <unfinished ...>
12320 05:54:26 rt_sigaction(SIGCONT, {sa_handler=SIG_DFL, sa_mask=[CONT], sa_flags=SA_RESTORER|SA_RESTART, sa_restorer=0x7fca4d6f2520},  <unfinished ...>
12318 05:54:26 <... fstat resumed>{st_mode=S_IFCHR|0620, st_rdev=makedev(0x88, 0x5), ...}) = 0
12320 05:54:26 <... rt_sigaction resumed>{sa_handler=SIG_DFL, sa_mask=[], sa_flags=0}, 8) = 0
12319 05:54:26 close(4 <unfinished ...>
12318 05:54:26 fstat(2,  <unfinished ...>
12320 05:54:26 rt_sigaction(SIGTSTP, {sa_handler=SIG_DFL, sa_mask=[TSTP], sa_flags=SA_RESTORER|SA_RESTART, sa_restorer=0x7fca4d6f2520},  <unfinished ...>
12319 05:54:26 <... close resumed>)     = 0
12318 05:54:26 <... fstat resumed>{st_mode=S_IFCHR|0620, st_rdev=makedev(0x88, 0x5), ...}) = 0
12320 05:54:26 <... rt_sigaction resumed>{sa_handler=SIG_DFL, sa_mask=[], sa_flags=0}, 8) = 0
12319 05:54:26 openat(AT_FDCWD, "/lib/x86_64-linux-gnu/libpthread.so.0", O_RDONLY|O_CLOEXEC <unfinished ...>
12318 05:54:26 rt_sigprocmask(SIG_SETMASK, [USR1],  <unfinished ...>
12320 05:54:26 rt_sigaction(SIGTTIN, {sa_handler=SIG_DFL, sa_mask=[TTIN], sa_flags=SA_RESTORER|SA_RESTART, sa_restorer=0x7fca4d6f2520},  <unfinished ...>
12319 05:54:26 <... openat resumed>)    = 4
12318 05:54:26 <... rt_sigprocmask resumed>NULL, 8) = 0
12320 05:54:26 <... rt_sigaction resumed>{sa_handler=SIG_DFL, sa_mask=[], sa_flags=0}, 8) = 0
12319 05:54:26 read(4,  <unfinished ...>
12318 05:54:26 rt_sigaction(SIGHUP, NULL,  <unfinished ...>
12320 05:54:26 rt_sigaction(SIGTTOU, {sa_handler=SIG_DFL, sa_mask=[TTOU], sa_flags=SA_RESTORER|SA_RESTART, sa_restorer=0x7fca4d6f2520},  <unfinished ...>
12319 05:54:26 <... read resumed>"\177ELF\2\1\1\0\0\0\0\0\0\0\0\0\3\0>\0\1\0\0\0\0\0\0\0\0\0\0\0"..., 832) = 832
12318 05:54:26 <... rt_sigaction resumed>{sa_handler=SIG_DFL, sa_mask=[], sa_flags=0}, 8) = 0
12320 05:54:26 <... rt_sigaction resumed>{sa_handler=SIG_DFL, sa_mask=[], sa_flags=0}, 8) = 0
12319 05:54:26 newfstatat(4, "",  <unfinished ...>
12320 05:54:26 rt_sigaction(SIGURG, {sa_handler=SIG_DFL, sa_mask=[URG], sa_flags=SA_RESTORER|SA_RESTART, sa_restorer=0x7fca4d6f2520},  <unfinished ...>
12318 05:54:26 rt_sigaction(SIGINT, NULL,  <unfinished ...>
12319 05:54:26 <... newfstatat resumed>{st_mode=S_IFREG|0644, st_size=21448, ...}, AT_EMPTY_PATH) = 0
12320 05:54:26 <... rt_sigaction resumed>{sa_handler=SIG_DFL, sa_mask=[], sa_flags=0}, 8) = 0
12318 05:54:26 <... rt_sigaction resumed>{sa_handler=SIG_DFL, sa_mask=[], sa_flags=0}, 8) = 0
12319 05:54:26 mmap(NULL, 16424, PROT_READ, MAP_PRIVATE|MAP_DENYWRITE, 4, 0 <unfinished ...>
12320 05:54:26 rt_sigaction(SIGXCPU, {sa_handler=SIG_DFL, sa_mask=[XCPU], sa_flags=SA_RESTORER|SA_RESTART, sa_restorer=0x7fca4d6f2520},  <unfinished ...>
12318 05:54:26 rt_sigaction(SIGQUIT, NULL,  <unfinished ...>
12319 05:54:26 <... mmap resumed>)      = 0x7f21f204c000
12320 05:54:26 <... rt_sigaction resumed>{sa_handler=SIG_DFL, sa_mask=[], sa_flags=0}, 8) = 0
12318 05:54:26 <... rt_sigaction resumed>{sa_handler=SIG_DFL, sa_mask=[], sa_flags=0}, 8) = 0
12319 05:54:26 mmap(0x7f21f204d000, 4096, PROT_READ|PROT_EXEC, MAP_PRIVATE|MAP_FIXED|MAP_DENYWRITE, 4, 0x1000 <unfinished ...>
12320 05:54:26 rt_sigaction(SIGXFSZ, {sa_handler=SIG_DFL, sa_mask=[XFSZ], sa_flags=SA_RESTORER|SA_RESTART, sa_restorer=0x7fca4d6f2520},  <unfinished ...>
12318 05:54:26 rt_sigaction(SIGILL, NULL,  <unfinished ...>
12320 05:54:26 <... rt_sigaction resumed>{sa_handler=SIG_IGN, sa_mask=[], sa_flags=SA_RESTORER, sa_restorer=0x7fca4d6f2520}, 8) = 0
12319 05:54:26 <... mmap resumed>)      = 0x7f21f204d000
12318 05:54:26 <... rt_sigaction resumed>{sa_handler=SIG_DFL, sa_mask=[], sa_flags=0}, 8) = 0
12320 05:54:26 rt_sigaction(SIGVTALRM, {sa_handler=SIG_DFL, sa_mask=[VTALRM], sa_flags=SA_RESTORER|SA_RESTART, sa_restorer=0x7fca4d6f2520},  <unfinished ...>
12319 05:54:26 mmap(0x7f21f204e000, 4096, PROT_READ, MAP_PRIVATE|MAP_FIXED|MAP_DENYWRITE, 4, 0x2000 <unfinished ...>
12318 05:54:26 rt_sigaction(SIGTRAP, NULL,  <unfinished ...>
12320 05:54:26 <... rt_sigaction resumed>{sa_handler=SIG_DFL, sa_mask=[], sa_flags=0}, 8) = 0
12319 05:54:26 <... mmap resumed>)      = 0x7f21f204e000
12318 05:54:26 <... rt_sigaction resumed>{sa_handler=SIG_DFL, sa_mask=[], sa_flags=0}, 8) = 0
12320 05:54:26 rt_sigaction(SIGPROF, {sa_handler=SIG_DFL, sa_mask=[PROF], sa_flags=SA_RESTORER|SA_RESTART, sa_restorer=0x7fca4d6f2520},  <unfinished ...>
12319 05:54:26 mmap(0x7f21f204f000, 8192, PROT_READ|PROT_WRITE, MAP_PRIVATE|MAP_FIXED|MAP_DENYWRITE, 4, 0x2000 <unfinished ...>
12318 05:54:26 rt_sigaction(SIGABRT, NULL,  <unfinished ...>
12320 05:54:26 <... rt_sigaction resumed>{sa_handler=SIG_DFL, sa_mask=[], sa_flags=0}, 8) = 0
12319 05:54:26 <... mmap resumed>)      = 0x7f21f204f000
12318 05:54:26 <... rt_sigaction resumed>{sa_handler=SIG_DFL, sa_mask=[], sa_flags=0}, 8) = 0
12320 05:54:26 rt_sigaction(SIGWINCH, {sa_handler=SIG_DFL, sa_mask=[WINCH], sa_flags=SA_RESTORER|SA_RESTART, sa_restorer=0x7fca4d6f2520},  <unfinished ...>
12319 05:54:26 close(4 <unfinished ...>
12320 05:54:26 <... rt_sigaction resumed>{sa_handler=0x207bbc0, sa_mask=~[KILL STOP RTMIN RT_1], sa_flags=SA_RESTORER|SA_RESTART, sa_restorer=0x7fca4d6f2520}, 8) = 0
12318 05:54:26 rt_sigaction(SIGBUS, NULL,  <unfinished ...>
12320 05:54:26 rt_sigaction(SIGIO, {sa_handler=SIG_DFL, sa_mask=[IO], sa_flags=SA_RESTORER|SA_RESTART, sa_restorer=0x7fca4d6f2520},  <unfinished ...>
12319 05:54:26 <... close resumed>)     = 0
12318 05:54:26 <... rt_sigaction resumed>{sa_handler=SIG_DFL, sa_mask=[], sa_flags=0}, 8) = 0
12320 05:54:26 <... rt_sigaction resumed>{sa_handler=SIG_DFL, sa_mask=[], sa_flags=0}, 8) = 0
12319 05:54:26 openat(AT_FDCWD, "/lib/x86_64-linux-gnu/libc.so.6", O_RDONLY|O_CLOEXEC <unfinished ...>
12318 05:54:26 rt_sigaction(SIGFPE, NULL,  <unfinished ...>
12320 05:54:26 rt_sigaction(SIGPWR, {sa_handler=SIG_DFL, sa_mask=[PWR], sa_flags=SA_RESTORER|SA_RESTART, sa_restorer=0x7fca4d6f2520},  <unfinished ...>
12319 05:54:26 <... openat resumed>)    = 4
12318 05:54:26 <... rt_sigaction resumed>{sa_handler=SIG_DFL, sa_mask=[], sa_flags=0}, 8) = 0
12320 05:54:26 <... rt_sigaction resumed>{sa_handler=SIG_DFL, sa_mask=[], sa_flags=0}, 8) = 0
12319 05:54:26 read(4,  <unfinished ...>
12318 05:54:26 rt_sigaction(SIGUSR1, NULL,  <unfinished ...>
12320 05:54:26 rt_sigaction(SIGSYS, {sa_handler=SIG_DFL, sa_mask=[SYS], sa_flags=SA_RESTORER|SA_RESTART, sa_restorer=0x7fca4d6f2520},  <unfinished ...>
12319 05:54:26 <... read resumed>"\177ELF\2\1\1\3\0\0\0\0\0\0\0\0\3\0>\0\1\0\0\0P\237\2\0\0\0\0\0"..., 832) = 832
12318 05:54:26 <... rt_sigaction resumed>{sa_handler=SIG_DFL, sa_mask=[], sa_flags=0}, 8) = 0
12320 05:54:26 <... rt_sigaction resumed>{sa_handler=SIG_DFL, sa_mask=[], sa_flags=0}, 8) = 0
12319 05:54:26 pread64(4,  <unfinished ...>
12318 05:54:26 rt_sigaction(SIGSEGV, NULL,  <unfinished ...>
12320 05:54:26 fcntl(0, F_SETFD, 0 <unfinished ...>
12319 05:54:26 <... pread64 resumed>"\6\0\0\0\4\0\0\0@\0\0\0\0\0\0\0@\0\0\0\0\0\0\0@\0\0\0\0\0\0\0"..., 784, 64) = 784
12318 05:54:26 <... rt_sigaction resumed>{sa_handler=SIG_DFL, sa_mask=[], sa_flags=0}, 8) = 0
12320 05:54:26 <... fcntl resumed>)     = 0
12319 05:54:26 pread64(4,  <unfinished ...>
12318 05:54:26 rt_sigaction(SIGUSR2, NULL,  <unfinished ...>
12320 05:54:26 fcntl(0, F_GETFL <unfinished ...>
12319 05:54:26 <... pread64 resumed>"\4\0\0\0 \0\0\0\5\0\0\0GNU\0\2\0\0\300\4\0\0\0\3\0\0\0\0\0\0\0"..., 48, 848) = 48
12318 05:54:26 <... rt_sigaction resumed>{sa_handler=SIG_DFL, sa_mask=[], sa_flags=0}, 8) = 0
12320 05:54:26 <... fcntl resumed>)     = 0x8002 (flags O_RDWR|O_LARGEFILE)
12319 05:54:26 pread64(4,  <unfinished ...>
12318 05:54:26 rt_sigaction(SIGPIPE, {sa_handler=SIG_IGN, sa_mask=[], sa_flags=SA_RESTORER, sa_restorer=0x7f675eed5520},  <unfinished ...>
12320 05:54:26 fcntl(1, F_SETFD, 0 <unfinished ...>
12319 05:54:26 <... pread64 resumed>"\4\0\0\0\24\0\0\0\3\0\0\0GNU\0I\17\357\204\3$\f\221\2039x\324\224\323\236S"..., 68, 896) = 68
12318 05:54:26 <... rt_sigaction resumed>NULL, 8) = 0
12320 05:54:26 <... fcntl resumed>)     = 0
12319 05:54:26 newfstatat(4, "",  <unfinished ...>
12318 05:54:26 rt_sigaction(SIGALRM, NULL,  <unfinished ...>
12320 05:54:26 fcntl(1, F_GETFL <unfinished ...>
12319 05:54:26 <... newfstatat resumed>{st_mode=S_IFREG|0755, st_size=2220400, ...}, AT_EMPTY_PATH) = 0
12318 05:54:26 <... rt_sigaction resumed>{sa_handler=SIG_DFL, sa_mask=[], sa_flags=0}, 8) = 0
12320 05:54:26 <... fcntl resumed>)     = 0x8002 (flags O_RDWR|O_LARGEFILE)
12319 05:54:26 pread64(4,  <unfinished ...>
12318 05:54:26 rt_sigaction(SIGTERM, NULL,  <unfinished ...>
12320 05:54:26 fcntl(2, F_SETFD, 0 <unfinished ...>
12319 05:54:26 <... pread64 resumed>"\6\0\0\0\4\0\0\0@\0\0\0\0\0\0\0@\0\0\0\0\0\0\0@\0\0\0\0\0\0\0"..., 784, 64) = 784
12318 05:54:26 <... rt_sigaction resumed>{sa_handler=SIG_DFL, sa_mask=[], sa_flags=0}, 8) = 0
12320 05:54:26 <... fcntl resumed>)     = 0
12319 05:54:26 mmap(NULL, 2264656, PROT_READ, MAP_PRIVATE|MAP_DENYWRITE, 4, 0 <unfinished ...>
12318 05:54:26 rt_sigaction(SIGSTKFLT, NULL,  <unfinished ...>
12320 05:54:26 fcntl(2, F_GETFL <unfinished ...>
12319 05:54:26 <... mmap resumed>)      = 0x7f21f1e23000
12318 05:54:26 <... rt_sigaction resumed>{sa_handler=SIG_DFL, sa_mask=[], sa_flags=0}, 8) = 0
12320 05:54:26 <... fcntl resumed>)     = 0x8002 (flags O_RDWR|O_LARGEFILE)
12319 05:54:26 mprotect(0x7f21f1e4b000, 2023424, PROT_NONE <unfinished ...>
12318 05:54:26 rt_sigaction(SIGCHLD, NULL,  <unfinished ...>
12320 05:54:26 dup2(27, 3 <unfinished ...>
12319 05:54:26 <... mprotect resumed>)  = 0
12318 05:54:26 <... rt_sigaction resumed>{sa_handler=SIG_DFL, sa_mask=[], sa_flags=0}, 8) = 0
12320 05:54:26 <... dup2 resumed>)      = 3
12319 05:54:26 mmap(0x7f21f1e4b000, 1658880, PROT_READ|PROT_EXEC, MAP_PRIVATE|MAP_FIXED|MAP_DENYWRITE, 4, 0x28000 <unfinished ...>
12318 05:54:26 rt_sigaction(SIGCONT, NULL,  <unfinished ...>
12320 05:54:26 rt_sigprocmask(SIG_SETMASK, [],  <unfinished ...>
12319 05:54:26 <... mmap resumed>)      = 0x7f21f1e4b000
12318 05:54:26 <... rt_sigaction resumed>{sa_handler=SIG_DFL, sa_mask=[], sa_flags=0}, 8) = 0
12320 05:54:26 <... rt_sigprocmask resumed>NULL, 8) = 0
12319 05:54:26 mmap(0x7f21f1fe0000, 360448, PROT_READ, MAP_PRIVATE|MAP_FIXED|MAP_DENYWRITE, 4, 0x1bd000 <unfinished ...>
12318 05:54:26 rt_sigaction(SIGTSTP, NULL,  <unfinished ...>
12320 05:54:26 execve("/usr/bin/node", ["/usr/bin/node", "/home/hussein/node-course-conten"...], 0x219e24f0 /* 28 vars */ <unfinished ...>
12319 05:54:26 <... mmap resumed>)      = 0x7f21f1fe0000
12318 05:54:26 <... rt_sigaction resumed>{sa_handler=SIG_DFL, sa_mask=[], sa_flags=0}, 8) = 0
12319 05:54:26 mmap(0x7f21f2039000, 24576, PROT_READ|PROT_WRITE, MAP_PRIVATE|MAP_FIXED|MAP_DENYWRITE, 4, 0x215000 <unfinished ...>
12318 05:54:26 rt_sigaction(SIGTTIN, NULL,  <unfinished ...>
12319 05:54:26 <... mmap resumed>)      = 0x7f21f2039000
12318 05:54:26 <... rt_sigaction resumed>{sa_handler=SIG_DFL, sa_mask=[], sa_flags=0}, 8) = 0
12319 05:54:26 mmap(0x7f21f203f000, 52816, PROT_READ|PROT_WRITE, MAP_PRIVATE|MAP_FIXED|MAP_ANONYMOUS, -1, 0 <unfinished ...>
12318 05:54:26 rt_sigaction(SIGTTOU, NULL,  <unfinished ...>
12319 05:54:26 <... mmap resumed>)      = 0x7f21f203f000
12318 05:54:26 <... rt_sigaction resumed>{sa_handler=SIG_DFL, sa_mask=[], sa_flags=0}, 8) = 0
12319 05:54:26 close(4 <unfinished ...>
12318 05:54:26 rt_sigaction(SIGURG, NULL,  <unfinished ...>
12319 05:54:26 <... close resumed>)     = 0
12318 05:54:26 <... rt_sigaction resumed>{sa_handler=SIG_DFL, sa_mask=[], sa_flags=0}, 8) = 0
12319 05:54:26 mmap(NULL, 8192, PROT_READ|PROT_WRITE, MAP_PRIVATE|MAP_ANONYMOUS, -1, 0 <unfinished ...>
12318 05:54:26 rt_sigaction(SIGXCPU, NULL,  <unfinished ...>
12319 05:54:26 <... mmap resumed>)      = 0x7f21f1e21000
12318 05:54:26 <... rt_sigaction resumed>{sa_handler=SIG_DFL, sa_mask=[], sa_flags=0}, 8) = 0
12318 05:54:26 rt_sigaction(SIGXFSZ, {sa_handler=SIG_IGN, sa_mask=[], sa_flags=SA_RESTORER, sa_restorer=0x7f675eed5520},  <unfinished ...>
12319 05:54:26 mmap(NULL, 12288, PROT_READ|PROT_WRITE, MAP_PRIVATE|MAP_ANONYMOUS, -1, 0 <unfinished ...>
12318 05:54:26 <... rt_sigaction resumed>NULL, 8) = 0
12307 05:54:26 <... read resumed>"", 4) = 0
12320 05:54:26 <... execve resumed>)    = 0
12319 05:54:26 <... mmap resumed>)      = 0x7f21f1e1e000
12318 05:54:26 rt_sigaction(SIGVTALRM, NULL,  <unfinished ...>
12307 05:54:26 close(28 <unfinished ...>
12319 05:54:26 arch_prctl(ARCH_SET_FS, 0x7f21f1e1e840 <unfinished ...>
12320 05:54:26 brk(NULL <unfinished ...>
12318 05:54:26 <... rt_sigaction resumed>{sa_handler=SIG_DFL, sa_mask=[], sa_flags=0}, 8) = 0
12307 05:54:26 <... close resumed>)     = 0
12320 05:54:26 <... brk resumed>)       = 0x1730e000
12319 05:54:26 <... arch_prctl resumed>) = 0
12318 05:54:26 rt_sigaction(SIGPROF, NULL,  <unfinished ...>
12307 05:54:26 close(27 <unfinished ...>
12320 05:54:26 arch_prctl(0x3001 /* ARCH_??? */, 0x7ffc43bfb840 <unfinished ...>
12319 05:54:26 set_tid_address(0x7f21f1e1eb10 <unfinished ...>
12318 05:54:26 <... rt_sigaction resumed>{sa_handler=SIG_DFL, sa_mask=[], sa_flags=0}, 8) = 0
12307 05:54:26 <... close resumed>)     = 0
12320 05:54:26 <... arch_prctl resumed>) = -1 EINVAL (Invalid argument)
12319 05:54:26 <... set_tid_address resumed>) = 12319
12318 05:54:26 rt_sigaction(SIGWINCH, NULL,  <unfinished ...>
12307 05:54:26 ioctl(26, FIONBIO, [1] <unfinished ...>
12320 05:54:26 mmap(NULL, 8192, PROT_READ|PROT_WRITE, MAP_PRIVATE|MAP_ANONYMOUS, -1, 0 <unfinished ...>
12319 05:54:26 set_robust_list(0x7f21f1e1eb20, 24 <unfinished ...>
12318 05:54:26 <... rt_sigaction resumed>{sa_handler=SIG_DFL, sa_mask=[], sa_flags=0}, 8) = 0
12307 05:54:26 <... ioctl resumed>)     = 0
12320 05:54:26 <... mmap resumed>)      = 0x7f1eefc2c000
12319 05:54:26 <... set_robust_list resumed>) = 0
12318 05:54:26 rt_sigaction(SIGIO, NULL,  <unfinished ...>
12320 05:54:26 access("/etc/ld.so.preload", R_OK <unfinished ...>
12318 05:54:26 <... rt_sigaction resumed>{sa_handler=SIG_DFL, sa_mask=[], sa_flags=0}, 8) = 0
12320 05:54:26 <... access resumed>)    = -1 ENOENT (No such file or directory)
12318 05:54:26 rt_sigaction(SIGPWR, NULL,  <unfinished ...>
12320 05:54:26 openat(AT_FDCWD, "/etc/ld.so.cache", O_RDONLY|O_CLOEXEC <unfinished ...>
12318 05:54:26 <... rt_sigaction resumed>{sa_handler=SIG_DFL, sa_mask=[], sa_flags=0}, 8) = 0
12320 05:54:26 <... openat resumed>)    = 4
12318 05:54:26 rt_sigaction(SIGSYS, NULL,  <unfinished ...>
12320 05:54:26 newfstatat(4, "",  <unfinished ...>
12318 05:54:26 <... rt_sigaction resumed>{sa_handler=SIG_DFL, sa_mask=[], sa_flags=0}, 8) = 0
12320 05:54:26 <... newfstatat resumed>{st_mode=S_IFREG|0644, st_size=24095, ...}, AT_EMPTY_PATH) = 0
12318 05:54:26 fcntl(0, F_GETFL <unfinished ...>
12320 05:54:26 mmap(NULL, 24095, PROT_READ, MAP_PRIVATE, 4, 0 <unfinished ...>
12318 05:54:26 <... fcntl resumed>)     = 0x8002 (flags O_RDWR|O_LARGEFILE)
12320 05:54:26 <... mmap resumed>)      = 0x7f1eefc26000
12318 05:54:26 ioctl(0, TCGETS <unfinished ...>
12320 05:54:26 close(4 <unfinished ...>
12318 05:54:26 <... ioctl resumed>, {B38400 opost isig icanon echo ...}) = 0
12320 05:54:26 <... close resumed>)     = 0
12318 05:54:26 ioctl(0, TCGETS <unfinished ...>
12320 05:54:26 openat(AT_FDCWD, "/lib/x86_64-linux-gnu/libdl.so.2", O_RDONLY|O_CLOEXEC <unfinished ...>
12318 05:54:26 <... ioctl resumed>, {B38400 opost isig icanon echo ...}) = 0
12320 05:54:26 <... openat resumed>)    = 4
12307 05:54:26 socketpair(AF_UNIX, SOCK_STREAM|SOCK_CLOEXEC, 0,  <unfinished ...>
12318 05:54:26 fcntl(1, F_GETFL <unfinished ...>
12320 05:54:26 read(4,  <unfinished ...>
12319 05:54:26 rseq(0x7f21f1e1f1e0, 0x20, 0, 0x53053053 <unfinished ...>
12307 05:54:26 <... socketpair resumed>[27, 28]) = 0
12320 05:54:26 <... read resumed>"\177ELF\2\1\1\0\0\0\0\0\0\0\0\0\3\0>\0\1\0\0\0\0\0\0\0\0\0\0\0"..., 832) = 832
12319 05:54:26 <... rseq resumed>)      = 0
12318 05:54:26 <... fcntl resumed>)     = 0x8002 (flags O_RDWR|O_LARGEFILE)
12307 05:54:26 pipe2( <unfinished ...>
12320 05:54:26 newfstatat(4, "",  <unfinished ...>
12318 05:54:26 ioctl(1, TCGETS <unfinished ...>
12320 05:54:26 <... newfstatat resumed>{st_mode=S_IFREG|0644, st_size=14432, ...}, AT_EMPTY_PATH) = 0
12318 05:54:26 <... ioctl resumed>, {B38400 opost isig icanon echo ...}) = 0
12320 05:54:26 mmap(NULL, 16424, PROT_READ, MAP_PRIVATE|MAP_DENYWRITE, 4, 0 <unfinished ...>
12318 05:54:26 ioctl(1, TCGETS <unfinished ...>
12320 05:54:26 <... mmap resumed>)      = 0x7f1eefc21000
12318 05:54:26 <... ioctl resumed>, {B38400 opost isig icanon echo ...}) = 0
12320 05:54:26 mmap(0x7f1eefc22000, 4096, PROT_READ|PROT_EXEC, MAP_PRIVATE|MAP_FIXED|MAP_DENYWRITE, 4, 0x1000 <unfinished ...>
12319 05:54:26 mprotect(0x7f21f2039000, 16384, PROT_READ <unfinished ...>
12318 05:54:26 fcntl(2, F_GETFL <unfinished ...>
12307 05:54:26 <... pipe2 resumed>[29, 30], O_CLOEXEC) = 0
12320 05:54:26 <... mmap resumed>)      = 0x7f1eefc22000
12319 05:54:26 <... mprotect resumed>)  = 0
12318 05:54:26 <... fcntl resumed>)     = 0x8002 (flags O_RDWR|O_LARGEFILE)
12307 05:54:26 rt_sigprocmask(SIG_BLOCK, ~[ILL TRAP ABRT BUS KILL SEGV STOP SYS RTMIN RT_1],  <unfinished ...>
12320 05:54:26 mmap(0x7f1eefc23000, 4096, PROT_READ, MAP_PRIVATE|MAP_FIXED|MAP_DENYWRITE, 4, 0x2000 <unfinished ...>
12319 05:54:26 mprotect(0x7f21f204f000, 4096, PROT_READ <unfinished ...>
12307 05:54:26 <... rt_sigprocmask resumed>[], 8) = 0
12318 05:54:26 ioctl(2, TCGETS <unfinished ...>
12307 05:54:26 clone(child_stack=NULL, flags=CLONE_CHILD_CLEARTID|CLONE_CHILD_SETTID|SIGCHLD <unfinished ...>
12320 05:54:26 <... mmap resumed>)      = 0x7f1eefc23000
12319 05:54:26 <... mprotect resumed>)  = 0
12318 05:54:26 <... ioctl resumed>, {B38400 opost isig icanon echo ...}) = 0
12320 05:54:26 mmap(0x7f1eefc24000, 8192, PROT_READ|PROT_WRITE, MAP_PRIVATE|MAP_FIXED|MAP_DENYWRITE, 4, 0x2000 <unfinished ...>
12318 05:54:26 ioctl(2, TCGETS <unfinished ...>
12320 05:54:26 <... mmap resumed>)      = 0x7f1eefc24000
12318 05:54:26 <... ioctl resumed>, {B38400 opost isig icanon echo ...}) = 0
12320 05:54:26 close(4 <unfinished ...>
12318 05:54:26 rt_sigaction(SIGINT, {sa_handler=0xfcf0b0, sa_mask=~[RTMIN RT_1], sa_flags=SA_RESTORER|SA_RESETHAND|0xffffffff00000000, sa_restorer=0x7f675eed5520},  <unfinished ...>
12320 05:54:26 <... close resumed>)     = 0
12318 05:54:26 <... rt_sigaction resumed>NULL, 8) = 0
12320 05:54:26 openat(AT_FDCWD, "/lib/x86_64-linux-gnu/libstdc++.so.6", O_RDONLY|O_CLOEXEC <unfinished ...>
12318 05:54:26 rt_sigaction(SIGTERM, {sa_handler=0xfcf0b0, sa_mask=~[RTMIN RT_1], sa_flags=SA_RESTORER|SA_RESETHAND|0xffffffff00000000, sa_restorer=0x7f675eed5520},  <unfinished ...>
12320 05:54:26 <... openat resumed>)    = 4
12307 05:54:26 <... clone resumed>, child_tidptr=0x7fca4d6abb10) = 12321
12321 05:54:26 set_robust_list(0x7fca4d6abb20, 24 <unfinished ...>
12320 05:54:26 read(4,  <unfinished ...>
12319 05:54:26 mprotect(0x7f21f206f000, 4096, PROT_READ <unfinished ...>
12318 05:54:26 <... rt_sigaction resumed>NULL, 8) = 0
12307 05:54:26 rt_sigprocmask(SIG_SETMASK, [],  <unfinished ...>
12321 05:54:26 <... set_robust_list resumed>) = 0
12320 05:54:26 <... read resumed>"\177ELF\2\1\1\3\0\0\0\0\0\0\0\0\3\0>\0\1\0\0\0\0\0\0\0\0\0\0\0"..., 832) = 832
12319 05:54:26 <... mprotect resumed>)  = 0
12318 05:54:26 prlimit64(0, RLIMIT_NOFILE, NULL,  <unfinished ...>
12307 05:54:26 <... rt_sigprocmask resumed>NULL, 8) = 0
12320 05:54:26 newfstatat(4, "",  <unfinished ...>
12318 05:54:26 <... prlimit64 resumed>{rlim_cur=1024*1024, rlim_max=1024*1024}) = 0
12307 05:54:26 close(30 <unfinished ...>
12320 05:54:26 <... newfstatat resumed>{st_mode=S_IFREG|0644, st_size=2260296, ...}, AT_EMPTY_PATH) = 0
12319 05:54:26 mprotect(0x7f21f2156000, 4096, PROT_READ <unfinished ...>
12307 05:54:26 <... close resumed>)     = 0
12321 05:54:26 close(5 <unfinished ...>
12320 05:54:26 mmap(NULL, 2275520, PROT_READ, MAP_PRIVATE|MAP_DENYWRITE, 4, 0 <unfinished ...>
12319 05:54:26 <... mprotect resumed>)  = 0
12307 05:54:26 read(29,  <unfinished ...>
12321 05:54:26 <... close resumed>)     = 0
12320 05:54:26 <... mmap resumed>)      = 0x7f1eef9f5000
12321 05:54:26 close(6 <unfinished ...>
12318 05:54:26 fcntl(0, F_SETFD, FD_CLOEXEC <unfinished ...>
12320 05:54:26 mprotect(0x7f1eefa8f000, 1576960, PROT_NONE <unfinished ...>
12321 05:54:26 <... close resumed>)     = 0
12318 05:54:26 <... fcntl resumed>)     = 0
12321 05:54:26 pipe2( <unfinished ...>
12320 05:54:26 <... mprotect resumed>)  = 0
12318 05:54:26 fcntl(1, F_SETFD, FD_CLOEXEC <unfinished ...>
12321 05:54:26 <... pipe2 resumed>[5, 6], O_CLOEXEC) = 0
12320 05:54:26 mmap(0x7f1eefa8f000, 1118208, PROT_READ|PROT_EXEC, MAP_PRIVATE|MAP_FIXED|MAP_DENYWRITE, 4, 0x9a000 <unfinished ...>
12318 05:54:26 <... fcntl resumed>)     = 0
12321 05:54:26 write(6, "*", 1 <unfinished ...>
12320 05:54:26 <... mmap resumed>)      = 0x7f1eefa8f000
12318 05:54:26 fcntl(2, F_SETFD, FD_CLOEXEC <unfinished ...>
12321 05:54:26 <... write resumed>)     = 1
12320 05:54:26 mmap(0x7f1eefba0000, 454656, PROT_READ, MAP_PRIVATE|MAP_FIXED|MAP_DENYWRITE, 4, 0x1ab000 <unfinished ...>
12318 05:54:26 <... fcntl resumed>)     = 0
12321 05:54:26 rt_sigaction(SIGHUP, {sa_handler=SIG_DFL, sa_mask=[HUP], sa_flags=SA_RESTORER|SA_RESTART, sa_restorer=0x7fca4d6f2520},  <unfinished ...>
12320 05:54:26 <... mmap resumed>)      = 0x7f1eefba0000
12318 05:54:26 fcntl(3, F_SETFD, FD_CLOEXEC <unfinished ...>
12321 05:54:26 <... rt_sigaction resumed>{sa_handler=SIG_DFL, sa_mask=[], sa_flags=0}, 8) = 0
12320 05:54:26 mmap(0x7f1eefc10000, 57344, PROT_READ|PROT_WRITE, MAP_PRIVATE|MAP_FIXED|MAP_DENYWRITE, 4, 0x21a000 <unfinished ...>
12318 05:54:26 <... fcntl resumed>)     = 0
12321 05:54:26 rt_sigaction(SIGINT, {sa_handler=SIG_DFL, sa_mask=[INT], sa_flags=SA_RESTORER|SA_RESTART, sa_restorer=0x7fca4d6f2520},  <unfinished ...>
12320 05:54:26 <... mmap resumed>)      = 0x7f1eefc10000
12318 05:54:26 fcntl(4, F_SETFD, FD_CLOEXEC <unfinished ...>
12321 05:54:26 <... rt_sigaction resumed>{sa_handler=0xfcf0b0, sa_mask=~[KILL STOP RTMIN RT_1], sa_flags=SA_RESTORER|SA_RESETHAND, sa_restorer=0x7fca4d6f2520}, 8) = 0
12320 05:54:26 mmap(0x7f1eefc1e000, 10432, PROT_READ|PROT_WRITE, MAP_PRIVATE|MAP_FIXED|MAP_ANONYMOUS, -1, 0 <unfinished ...>
12318 05:54:26 <... fcntl resumed>)     = -1 EBADF (Bad file descriptor)
12321 05:54:26 rt_sigaction(SIGQUIT, {sa_handler=SIG_DFL, sa_mask=[QUIT], sa_flags=SA_RESTORER|SA_RESTART, sa_restorer=0x7fca4d6f2520},  <unfinished ...>
12320 05:54:26 <... mmap resumed>)      = 0x7f1eefc1e000
12318 05:54:26 fcntl(5, F_SETFD, FD_CLOEXEC <unfinished ...>
12321 05:54:26 <... rt_sigaction resumed>{sa_handler=SIG_DFL, sa_mask=[], sa_flags=0}, 8) = 0
12320 05:54:26 close(4 <unfinished ...>
12318 05:54:26 <... fcntl resumed>)     = -1 EBADF (Bad file descriptor)
12321 05:54:26 rt_sigaction(SIGILL, {sa_handler=SIG_DFL, sa_mask=[ILL], sa_flags=SA_RESTORER|SA_RESTART, sa_restorer=0x7fca4d6f2520},  <unfinished ...>
12320 05:54:26 <... close resumed>)     = 0
12321 05:54:26 <... rt_sigaction resumed>{sa_handler=SIG_DFL, sa_mask=[], sa_flags=0}, 8) = 0
12318 05:54:26 fcntl(6, F_SETFD, FD_CLOEXEC <unfinished ...>
12321 05:54:26 rt_sigaction(SIGTRAP, {sa_handler=SIG_DFL, sa_mask=[TRAP], sa_flags=SA_RESTORER|SA_RESTART, sa_restorer=0x7fca4d6f2520},  <unfinished ...>
12320 05:54:26 openat(AT_FDCWD, "/lib/x86_64-linux-gnu/libm.so.6", O_RDONLY|O_CLOEXEC <unfinished ...>
12318 05:54:26 <... fcntl resumed>)     = -1 EBADF (Bad file descriptor)
12321 05:54:26 <... rt_sigaction resumed>{sa_handler=SIG_DFL, sa_mask=[], sa_flags=0}, 8) = 0
12320 05:54:26 <... openat resumed>)    = 4
12319 05:54:26 mprotect(0x7f21f2373000, 45056, PROT_READ <unfinished ...>
12318 05:54:26 fcntl(7, F_SETFD, FD_CLOEXEC <unfinished ...>
12321 05:54:26 rt_sigaction(SIGABRT, {sa_handler=SIG_DFL, sa_mask=[ABRT], sa_flags=SA_RESTORER|SA_RESTART, sa_restorer=0x7fca4d6f2520},  <unfinished ...>
12320 05:54:26 read(4,  <unfinished ...>
12319 05:54:26 <... mprotect resumed>)  = 0
12318 05:54:26 <... fcntl resumed>)     = -1 EBADF (Bad file descriptor)
12321 05:54:26 <... rt_sigaction resumed>{sa_handler=SIG_DFL, sa_mask=[], sa_flags=0}, 8) = 0
12320 05:54:26 <... read resumed>"\177ELF\2\1\1\3\0\0\0\0\0\0\0\0\3\0>\0\1\0\0\0\0\0\0\0\0\0\0\0"..., 832) = 832
12319 05:54:26 mprotect(0x7f21f2387000, 4096, PROT_READ <unfinished ...>
12318 05:54:26 fcntl(8, F_SETFD, FD_CLOEXEC <unfinished ...>
12321 05:54:26 rt_sigaction(SIGBUS, {sa_handler=SIG_DFL, sa_mask=[BUS], sa_flags=SA_RESTORER|SA_RESTART, sa_restorer=0x7fca4d6f2520},  <unfinished ...>
12320 05:54:26 newfstatat(4, "",  <unfinished ...>
12319 05:54:26 <... mprotect resumed>)  = 0
12318 05:54:26 <... fcntl resumed>)     = -1 EBADF (Bad file descriptor)
12321 05:54:26 <... rt_sigaction resumed>{sa_handler=SIG_DFL, sa_mask=[], sa_flags=0}, 8) = 0
12320 05:54:26 <... newfstatat resumed>{st_mode=S_IFREG|0644, st_size=940560, ...}, AT_EMPTY_PATH) = 0
12318 05:54:26 fcntl(9, F_SETFD, FD_CLOEXEC <unfinished ...>
12321 05:54:26 rt_sigaction(SIGFPE, {sa_handler=SIG_DFL, sa_mask=[FPE], sa_flags=SA_RESTORER|SA_RESTART, sa_restorer=0x7fca4d6f2520},  <unfinished ...>
12320 05:54:26 mmap(NULL, 942344, PROT_READ, MAP_PRIVATE|MAP_DENYWRITE, 4, 0 <unfinished ...>
12318 05:54:26 <... fcntl resumed>)     = -1 EBADF (Bad file descriptor)
12321 05:54:26 <... rt_sigaction resumed>{sa_handler=SIG_DFL, sa_mask=[], sa_flags=0}, 8) = 0
12320 05:54:26 <... mmap resumed>)      = 0x7f1eef90e000
12318 05:54:26 fcntl(10, F_SETFD, FD_CLOEXEC <unfinished ...>
12321 05:54:26 rt_sigaction(SIGUSR1, {sa_handler=SIG_DFL, sa_mask=[USR1], sa_flags=SA_RESTORER|SA_RESTART, sa_restorer=0x7fca4d6f2520},  <unfinished ...>
12320 05:54:26 mmap(0x7f1eef91c000, 507904, PROT_READ|PROT_EXEC, MAP_PRIVATE|MAP_FIXED|MAP_DENYWRITE, 4, 0xe000 <unfinished ...>
12318 05:54:26 <... fcntl resumed>)     = -1 EBADF (Bad file descriptor)
12321 05:54:26 <... rt_sigaction resumed>{sa_handler=0x11c7100, sa_mask=~[KILL STOP RTMIN RT_1], sa_flags=SA_RESTORER, sa_restorer=0x7fca4d6f2520}, 8) = 0
12320 05:54:26 <... mmap resumed>)      = 0x7f1eef91c000
12318 05:54:26 fcntl(11, F_SETFD, FD_CLOEXEC <unfinished ...>
12321 05:54:26 rt_sigaction(SIGSEGV, {sa_handler=SIG_DFL, sa_mask=[SEGV], sa_flags=SA_RESTORER|SA_RESTART, sa_restorer=0x7fca4d6f2520},  <unfinished ...>
12320 05:54:26 mmap(0x7f1eef998000, 372736, PROT_READ, MAP_PRIVATE|MAP_FIXED|MAP_DENYWRITE, 4, 0x8a000 <unfinished ...>
12318 05:54:26 <... fcntl resumed>)     = -1 EBADF (Bad file descriptor)
12321 05:54:26 <... rt_sigaction resumed>{sa_handler=0xfcf220, sa_mask=[], sa_flags=SA_RESTORER|SA_SIGINFO, sa_restorer=0x7fca4d6f2520}, 8) = 0
12320 05:54:26 <... mmap resumed>)      = 0x7f1eef998000
12318 05:54:26 fcntl(12, F_SETFD, FD_CLOEXEC <unfinished ...>
12321 05:54:26 rt_sigaction(SIGUSR2, {sa_handler=SIG_DFL, sa_mask=[USR2], sa_flags=SA_RESTORER|SA_RESTART, sa_restorer=0x7fca4d6f2520},  <unfinished ...>
12320 05:54:26 mmap(0x7f1eef9f3000, 8192, PROT_READ|PROT_WRITE, MAP_PRIVATE|MAP_FIXED|MAP_DENYWRITE, 4, 0xe4000 <unfinished ...>
12318 05:54:26 <... fcntl resumed>)     = -1 EBADF (Bad file descriptor)
12321 05:54:26 <... rt_sigaction resumed>{sa_handler=SIG_DFL, sa_mask=[], sa_flags=0}, 8) = 0
12320 05:54:26 <... mmap resumed>)      = 0x7f1eef9f3000
12318 05:54:26 fcntl(13, F_SETFD, FD_CLOEXEC <unfinished ...>
12321 05:54:26 rt_sigaction(SIGPIPE, {sa_handler=SIG_DFL, sa_mask=[PIPE], sa_flags=SA_RESTORER|SA_RESTART, sa_restorer=0x7fca4d6f2520},  <unfinished ...>
12318 05:54:26 <... fcntl resumed>)     = -1 EBADF (Bad file descriptor)
12321 05:54:26 <... rt_sigaction resumed>{sa_handler=SIG_IGN, sa_mask=[], sa_flags=SA_RESTORER, sa_restorer=0x7fca4d6f2520}, 8) = 0
12320 05:54:26 close(4 <unfinished ...>
12318 05:54:26 fcntl(14, F_SETFD, FD_CLOEXEC <unfinished ...>
12321 05:54:26 rt_sigaction(SIGALRM, {sa_handler=SIG_DFL, sa_mask=[ALRM], sa_flags=SA_RESTORER|SA_RESTART, sa_restorer=0x7fca4d6f2520},  <unfinished ...>
12320 05:54:26 <... close resumed>)     = 0
12318 05:54:26 <... fcntl resumed>)     = -1 EBADF (Bad file descriptor)
12321 05:54:26 <... rt_sigaction resumed>{sa_handler=SIG_DFL, sa_mask=[], sa_flags=0}, 8) = 0
12320 05:54:26 openat(AT_FDCWD, "/lib/x86_64-linux-gnu/libgcc_s.so.1", O_RDONLY|O_CLOEXEC <unfinished ...>
12318 05:54:26 fcntl(15, F_SETFD, FD_CLOEXEC <unfinished ...>
12321 05:54:26 rt_sigaction(SIGTERM, {sa_handler=SIG_DFL, sa_mask=[TERM], sa_flags=SA_RESTORER|SA_RESTART, sa_restorer=0x7fca4d6f2520},  <unfinished ...>
12320 05:54:26 <... openat resumed>)    = 4
12319 05:54:26 mprotect(0x6936000, 16384, PROT_READ <unfinished ...>
12318 05:54:26 <... fcntl resumed>)     = -1 EBADF (Bad file descriptor)
12321 05:54:26 <... rt_sigaction resumed>{sa_handler=0xfcf0b0, sa_mask=~[KILL STOP RTMIN RT_1], sa_flags=SA_RESTORER|SA_RESETHAND, sa_restorer=0x7fca4d6f2520}, 8) = 0
12320 05:54:26 read(4,  <unfinished ...>
12319 05:54:26 <... mprotect resumed>)  = 0
12318 05:54:26 fcntl(16, F_SETFD, FD_CLOEXEC <unfinished ...>
12321 05:54:26 rt_sigaction(SIGSTKFLT, {sa_handler=SIG_DFL, sa_mask=[STKFLT], sa_flags=SA_RESTORER|SA_RESTART, sa_restorer=0x7fca4d6f2520},  <unfinished ...>
12320 05:54:26 <... read resumed>"\177ELF\2\1\1\0\0\0\0\0\0\0\0\0\3\0>\0\1\0\0\0\0\0\0\0\0\0\0\0"..., 832) = 832
12319 05:54:26 mmap(NULL, 8192, PROT_READ|PROT_WRITE, MAP_PRIVATE|MAP_ANONYMOUS, -1, 0 <unfinished ...>
12318 05:54:26 <... fcntl resumed>)     = -1 EBADF (Bad file descriptor)
12321 05:54:26 <... rt_sigaction resumed>{sa_handler=SIG_DFL, sa_mask=[], sa_flags=0}, 8) = 0
12320 05:54:26 newfstatat(4, "",  <unfinished ...>
12319 05:54:26 <... mmap resumed>)      = 0x7f21f1e1c000
12321 05:54:26 rt_sigaction(SIGCHLD, {sa_handler=SIG_DFL, sa_mask=[CHLD], sa_flags=SA_RESTORER|SA_RESTART, sa_restorer=0x7fca4d6f2520},  <unfinished ...>
12320 05:54:26 <... newfstatat resumed>{st_mode=S_IFREG|0644, st_size=125488, ...}, AT_EMPTY_PATH) = 0
12321 05:54:26 <... rt_sigaction resumed>{sa_handler=0x207bbc0, sa_mask=~[KILL STOP RTMIN RT_1], sa_flags=SA_RESTORER|SA_RESTART, sa_restorer=0x7fca4d6f2520}, 8) = 0
12319 05:54:26 mprotect(0x7f21f23c9000, 8192, PROT_READ <unfinished ...>
12320 05:54:26 mmap(NULL, 127720, PROT_READ, MAP_PRIVATE|MAP_DENYWRITE, 4, 0 <unfinished ...>
12321 05:54:26 rt_sigaction(SIGCONT, {sa_handler=SIG_DFL, sa_mask=[CONT], sa_flags=SA_RESTORER|SA_RESTART, sa_restorer=0x7fca4d6f2520},  <unfinished ...>
12319 05:54:26 <... mprotect resumed>)  = 0
12320 05:54:26 <... mmap resumed>)      = 0x7f1eef8ee000
12321 05:54:26 <... rt_sigaction resumed>{sa_handler=SIG_DFL, sa_mask=[], sa_flags=0}, 8) = 0
12320 05:54:26 mmap(0x7f1eef8f1000, 94208, PROT_READ|PROT_EXEC, MAP_PRIVATE|MAP_FIXED|MAP_DENYWRITE, 4, 0x3000 <unfinished ...>
12319 05:54:26 prlimit64(0, RLIMIT_STACK, NULL,  <unfinished ...>
12321 05:54:26 rt_sigaction(SIGTSTP, {sa_handler=SIG_DFL, sa_mask=[TSTP], sa_flags=SA_RESTORER|SA_RESTART, sa_restorer=0x7fca4d6f2520},  <unfinished ...>
12320 05:54:26 <... mmap resumed>)      = 0x7f1eef8f1000
12321 05:54:26 <... rt_sigaction resumed>{sa_handler=SIG_DFL, sa_mask=[], sa_flags=0}, 8) = 0
12319 05:54:26 <... prlimit64 resumed>{rlim_cur=8192*1024, rlim_max=RLIM64_INFINITY}) = 0
12321 05:54:26 rt_sigaction(SIGTTIN, {sa_handler=SIG_DFL, sa_mask=[TTIN], sa_flags=SA_RESTORER|SA_RESTART, sa_restorer=0x7fca4d6f2520},  <unfinished ...>
12320 05:54:26 mmap(0x7f1eef908000, 16384, PROT_READ, MAP_PRIVATE|MAP_FIXED|MAP_DENYWRITE, 4, 0x1a000 <unfinished ...>
12318 05:54:26 getpid( <unfinished ...>
12321 05:54:26 <... rt_sigaction resumed>{sa_handler=SIG_DFL, sa_mask=[], sa_flags=0}, 8) = 0
12320 05:54:26 <... mmap resumed>)      = 0x7f1eef908000
12319 05:54:26 munmap(0x7f21f2389000, 24095 <unfinished ...>
12318 05:54:26 <... getpid resumed>)    = 12318
12321 05:54:26 rt_sigaction(SIGTTOU, {sa_handler=SIG_DFL, sa_mask=[TTOU], sa_flags=SA_RESTORER|SA_RESTART, sa_restorer=0x7fca4d6f2520},  <unfinished ...>
12320 05:54:26 mmap(0x7f1eef90c000, 8192, PROT_READ|PROT_WRITE, MAP_PRIVATE|MAP_FIXED|MAP_DENYWRITE, 4, 0x1d000 <unfinished ...>
12319 05:54:26 <... munmap resumed>)    = 0
