12335 05:54:26 <... pipe2 resumed>[13, 14], O_NONBLOCK|O_CLOEXEC) = 0
12335 05:54:26 eventfd2(0, EFD_CLOEXEC|EFD_NONBLOCK) = 15
12335 05:54:26 futex(0x2b57f5a0, FUTEX_WAKE_PRIVATE, 1) = 1
12321 05:54:26 <... futex resumed>)     = 0
12335 05:54:26 io_uring_enter(12, 2, 2, IORING_ENTER_GETEVENTS, NULL, 0 <unfinished ...>
12321 05:54:26 prlimit64(0, RLIMIT_STACK, NULL,  <unfinished ...>
12335 05:54:26 <... io_uring_enter resumed>) = 2
12321 05:54:26 <... prlimit64 resumed>{rlim_cur=8192*1024, rlim_max=RLIM64_INFINITY}) = 0
12335 05:54:26 epoll_pwait(11,  <unfinished ...>
12321 05:54:26 mmap(NULL, 8392704, PROT_NONE, MAP_PRIVATE|MAP_ANONYMOUS|MAP_STACK, -1, 0 <unfinished ...>
12320 05:54:26 clone3({flags=CLONE_VM|CLONE_FS|CLONE_FILES|CLONE_SIGHAND|CLONE_THREAD|CLONE_SYSVSEM|CLONE_SETTLS|CLONE_PARENT_SETTID|CLONE_CHILD_CLEARTID, child_tid=0x7f1eed6ac910, parent_tid=0x7f1eed6ac910, exit_signal=0, stack=0x7f1eeceac000, stack_size=0x7ffe00, tls=0x7f1eed6ac640} <unfinished ...>
12319 05:54:26 brk(0x13c33000 <unfinished ...>
12321 05:54:26 <... mmap resumed>)      = 0x7f031a06b000
12321 05:54:26 mprotect(0x7f031a06c000, 8388608, PROT_READ|PROT_WRITE <unfinished ...>
12319 05:54:26 <... brk resumed>)       = 0x13c33000
12337 05:54:26 rseq(0x7f1eed6acfe0, 0x20, 0, 0x53053053 <unfinished ...>
12321 05:54:26 <... mprotect resumed>)  = 0
12320 05:54:26 <... clone3 resumed> => {parent_tid=[12337]}, 88) = 12337
12337 05:54:26 <... rseq resumed>)      = 0
12321 05:54:26 rt_sigprocmask(SIG_BLOCK, ~[],  <unfinished ...>
12337 05:54:26 set_robust_list(0x7f1eed6ac920, 24 <unfinished ...>
12321 05:54:26 <... rt_sigprocmask resumed>[USR1], 8) = 0
12320 05:54:26 rt_sigprocmask(SIG_SETMASK, [USR1],  <unfinished ...>
12319 05:54:26 getpid( <unfinished ...>
12337 05:54:26 <... set_robust_list resumed>) = 0
12321 05:54:26 clone3({flags=CLONE_VM|CLONE_FS|CLONE_FILES|CLONE_SIGHAND|CLONE_THREAD|CLONE_SYSVSEM|CLONE_SETTLS|CLONE_PARENT_SETTID|CLONE_CHILD_CLEARTID, child_tid=0x7f031a86b910, parent_tid=0x7f031a86b910, exit_signal=0, stack=0x7f031a06b000, stack_size=0x7ffe00, tls=0x7f031a86b640} <unfinished ...>
12320 05:54:26 <... rt_sigprocmask resumed>NULL, 8) = 0
12319 05:54:26 <... getpid resumed>)    = 12319
12337 05:54:26 rt_sigprocmask(SIG_SETMASK, [USR1],  <unfinished ...>
12320 05:54:26 futex(0x7ffc43bfb520, FUTEX_WAKE_PRIVATE, 1 <unfinished ...>
12319 05:54:26 getpid( <unfinished ...>
12337 05:54:26 <... rt_sigprocmask resumed>NULL, 8) = 0
12332 05:54:26 <... futex resumed>)     = 0
12321 05:54:26 <... clone3 resumed> => {parent_tid=[12338]}, 88) = 12338
12320 05:54:26 <... futex resumed>)     = 1
12319 05:54:26 <... getpid resumed>)    = 12319
12337 05:54:26 futex(0x7ffc43bfb578, FUTEX_WAKE_PRIVATE, 1 <unfinished ...>
12332 05:54:26 futex(0x7ffc43bfb520, FUTEX_WAIT_PRIVATE, 2, NULL <unfinished ...>
12321 05:54:26 rt_sigprocmask(SIG_SETMASK, [USR1],  <unfinished ...>
12320 05:54:26 futex(0x7ffc43bfb520, FUTEX_WAIT_PRIVATE, 2, NULL <unfinished ...>
12337 05:54:26 <... futex resumed>)     = 0
12321 05:54:26 <... rt_sigprocmask resumed>NULL, 8) = 0
12337 05:54:26 futex(0x7ffc43bfb520, FUTEX_WAKE_PRIVATE, 1 <unfinished ...>
12321 05:54:26 prlimit64(0, RLIMIT_STACK, NULL,  <unfinished ...>
12320 05:54:26 <... futex resumed>)     = -1 EAGAIN (Resource temporarily unavailable)
12337 05:54:26 <... futex resumed>)     = 1
12334 05:54:26 <... futex resumed>)     = 0
12319 05:54:26 mmap(NULL, 524288, PROT_NONE, MAP_PRIVATE|MAP_ANONYMOUS|MAP_NORESERVE, -1, 0 <unfinished ...>
12337 05:54:26 futex(0x173ae4e0, FUTEX_WAIT_BITSET_PRIVATE|FUTEX_CLOCK_REALTIME, 0, NULL, FUTEX_BITSET_MATCH_ANY <unfinished ...>
12334 05:54:26 futex(0x7ffc43bfb57c, FUTEX_WAKE_PRIVATE, 1 <unfinished ...>
12321 05:54:26 <... prlimit64 resumed>{rlim_cur=8192*1024, rlim_max=RLIM64_INFINITY}) = 0
12320 05:54:26 futex(0x7ffc43bfb520, FUTEX_WAKE_PRIVATE, 1 <unfinished ...>
12319 05:54:26 <... mmap resumed>)      = 0x7f21f0591000
12336 05:54:26 <... futex resumed>)     = 0
12334 05:54:26 <... futex resumed>)     = 0
12321 05:54:26 mmap(NULL, 8392704, PROT_NONE, MAP_PRIVATE|MAP_ANONYMOUS|MAP_STACK, -1, 0 <unfinished ...>
12320 05:54:26 <... futex resumed>)     = 1
12319 05:54:26 madvise(0x7f21f0591000, 524288, MADV_DONTFORK <unfinished ...>
12336 05:54:26 futex(0x7ffc43bfb520, FUTEX_WAIT_PRIVATE, 2, NULL <unfinished ...>
12334 05:54:26 futex(0x7ffc43bfb520, FUTEX_WAKE_PRIVATE, 1 <unfinished ...>
12321 05:54:26 <... mmap resumed>)      = 0x7f031986a000
12320 05:54:26 futex(0x7ffc43bfb520, FUTEX_WAKE_PRIVATE, 1 <unfinished ...>
12319 05:54:26 <... madvise resumed>)   = 0
12336 05:54:26 <... futex resumed>)     = -1 EAGAIN (Resource temporarily unavailable)
12334 05:54:26 <... futex resumed>)     = 1
12332 05:54:26 <... futex resumed>)     = 0
12321 05:54:26 mprotect(0x7f031986b000, 8388608, PROT_READ|PROT_WRITE <unfinished ...>
12320 05:54:26 <... futex resumed>)     = 0
12319 05:54:26 mprotect(0x7f21f0591000, 16384, PROT_READ|PROT_WRITE <unfinished ...>
12336 05:54:26 futex(0x7ffc43bfb578, FUTEX_WAKE_PRIVATE, 1 <unfinished ...>
12334 05:54:26 futex(0x173ae4e0, FUTEX_WAIT_BITSET_PRIVATE|FUTEX_CLOCK_REALTIME, 0, NULL, FUTEX_BITSET_MATCH_ANY <unfinished ...>
12332 05:54:26 futex(0x7ffc43bfb520, FUTEX_WAIT_PRIVATE, 2, NULL <unfinished ...>
12321 05:54:26 <... mprotect resumed>)  = 0
12320 05:54:26 futex(0x7ffc43bfb520, FUTEX_WAIT_PRIVATE, 2, NULL <unfinished ...>
12319 05:54:26 <... mprotect resumed>)  = 0
12336 05:54:26 <... futex resumed>)     = 0
12321 05:54:26 rt_sigprocmask(SIG_BLOCK, ~[],  <unfinished ...>
12319 05:54:26 rt_sigaction(SIGSEGV, {sa_handler=0xfcf220, sa_mask=[], sa_flags=SA_RESTORER|SA_SIGINFO, sa_restorer=0x7f21f1e65520},  <unfinished ...>
12336 05:54:26 futex(0x7ffc43bfb520, FUTEX_WAKE_PRIVATE, 1 <unfinished ...>
12321 05:54:26 <... rt_sigprocmask resumed>[USR1], 8) = 0
12319 05:54:26 <... rt_sigaction resumed>NULL, 8) = 0
12336 05:54:26 <... futex resumed>)     = 1
12332 05:54:26 <... futex resumed>)     = 0
12321 05:54:26 clone3({flags=CLONE_VM|CLONE_FS|CLONE_FILES|CLONE_SIGHAND|CLONE_THREAD|CLONE_SYSVSEM|CLONE_SETTLS|CLONE_PARENT_SETTID|CLONE_CHILD_CLEARTID, child_tid=0x7f031a06a910, parent_tid=0x7f031a06a910, exit_signal=0, stack=0x7f031986a000, stack_size=0x7ffe00, tls=0x7f031a06a640} <unfinished ...>
12336 05:54:26 futex(0x173ae4e0, FUTEX_WAIT_BITSET_PRIVATE|FUTEX_CLOCK_REALTIME, 0, NULL, FUTEX_BITSET_MATCH_ANY <unfinished ...>
12332 05:54:26 futex(0x7ffc43bfb520, FUTEX_WAKE_PRIVATE, 1 <unfinished ...>
12319 05:54:26 epoll_create1(EPOLL_CLOEXEC <unfinished ...>
12332 05:54:26 <... futex resumed>)     = 1
12320 05:54:26 <... futex resumed>)     = 0
12319 05:54:26 <... epoll_create1 resumed>) = 16
12318 05:54:26 mmap(0x30a15e080000, 520192, PROT_READ|PROT_WRITE, MAP_PRIVATE|MAP_ANONYMOUS, -1, 0 <unfinished ...>
12339 05:54:26 rseq(0x7f031a06afe0, 0x20, 0, 0x53053053 <unfinished ...>
12338 05:54:26 rseq(0x7f031a86bfe0, 0x20, 0, 0x53053053 <unfinished ...>
12332 05:54:26 futex(0x173ae4e0, FUTEX_WAIT_BITSET_PRIVATE|FUTEX_CLOCK_REALTIME, 0, NULL, FUTEX_BITSET_MATCH_ANY <unfinished ...>
12321 05:54:26 <... clone3 resumed> => {parent_tid=[12339]}, 88) = 12339
12320 05:54:26 futex(0x7ffc43bfb520, FUTEX_WAKE_PRIVATE, 1 <unfinished ...>
12319 05:54:26 io_uring_setup(256, {flags=0, sq_thread_cpu=0, sq_thread_idle=0 <unfinished ...>
12318 05:54:26 <... mmap resumed>)      = 0x30a15e080000
12339 05:54:26 <... rseq resumed>)      = 0
12338 05:54:26 <... rseq resumed>)      = 0
12321 05:54:26 rt_sigprocmask(SIG_SETMASK, [USR1],  <unfinished ...>
12320 05:54:26 <... futex resumed>)     = 0
12319 05:54:26 <... io_uring_setup resumed>, sq_entries=256, cq_entries=512, features=IORING_FEAT_SINGLE_MMAP|IORING_FEAT_NODROP|IORING_FEAT_SUBMIT_STABLE|IORING_FEAT_RW_CUR_POS|IORING_FEAT_CUR_PERSONALITY|IORING_FEAT_FAST_POLL|IORING_FEAT_POLL_32BITS|IORING_FEAT_SQPOLL_NONFIXED|IORING_FEAT_EXT_ARG|IORING_FEAT_NATIVE_WORKERS|IORING_FEAT_RSRC_TAGS, sq_off={head=0, tail=64, ring_mask=256, ring_entries=264, flags=276, dropped=272, array=8512}, cq_off={head=128, tail=192, ring_mask=260, ring_entries=268, overflow=284, cqes=320, flags=280}}) = 17
12318 05:54:26 madvise(0x30a15e080000, 520192, MADV_DONTFORK <unfinished ...>
12339 05:54:26 set_robust_list(0x7f031a06a920, 24 <unfinished ...>
12338 05:54:26 set_robust_list(0x7f031a86b920, 24 <unfinished ...>
12321 05:54:26 <... rt_sigprocmask resumed>NULL, 8) = 0
12318 05:54:26 <... madvise resumed>)   = 0
12339 05:54:26 <... set_robust_list resumed>) = 0
12338 05:54:26 <... set_robust_list resumed>) = 0
12321 05:54:26 prlimit64(0, RLIMIT_STACK, NULL,  <unfinished ...>
12320 05:54:26 futex(0x7f1eefc1e788, FUTEX_WAKE_PRIVATE, 2147483647 <unfinished ...>
12319 05:54:26 mmap(NULL, 9536, PROT_READ|PROT_WRITE, MAP_SHARED|MAP_POPULATE, 17, 0 <unfinished ...>
12318 05:54:26 munmap(0x30a15e0c0000, 258048 <unfinished ...>
12339 05:54:26 rt_sigprocmask(SIG_SETMASK, [USR1],  <unfinished ...>
12338 05:54:26 rt_sigprocmask(SIG_SETMASK, [USR1],  <unfinished ...>
12321 05:54:26 <... prlimit64 resumed>{rlim_cur=8192*1024, rlim_max=RLIM64_INFINITY}) = 0
12320 05:54:26 <... futex resumed>)     = 0
12319 05:54:26 <... mmap resumed>)      = 0x7f21f058e000
12318 05:54:26 <... munmap resumed>)    = 0
12339 05:54:26 <... rt_sigprocmask resumed>NULL, 8) = 0
12338 05:54:26 <... rt_sigprocmask resumed>NULL, 8) = 0
12321 05:54:26 mmap(NULL, 8392704, PROT_NONE, MAP_PRIVATE|MAP_ANONYMOUS|MAP_STACK, -1, 0 <unfinished ...>
12339 05:54:26 futex(0x7ffdda4e7520, FUTEX_WAIT_PRIVATE, 2, NULL <unfinished ...>
12338 05:54:26 futex(0x7ffdda4e7520, FUTEX_WAIT_PRIVATE, 2, NULL <unfinished ...>
12321 05:54:26 <... mmap resumed>)      = 0x7f0319069000
12321 05:54:26 mprotect(0x7f031906a000, 8388608, PROT_READ|PROT_WRITE) = 0
12318 05:54:26 mmap(0x2887e9ac0000, 520192, PROT_READ|PROT_WRITE, MAP_PRIVATE|MAP_ANONYMOUS, -1, 0 <unfinished ...>
12321 05:54:26 rt_sigprocmask(SIG_BLOCK, ~[],  <unfinished ...>
12318 05:54:26 <... mmap resumed>)      = 0x2887e9ac0000
12321 05:54:26 <... rt_sigprocmask resumed>[USR1], 8) = 0
12320 05:54:26 brk(0x173d3000 <unfinished ...>
12319 05:54:26 mmap(NULL, 16384, PROT_READ|PROT_WRITE, MAP_SHARED|MAP_POPULATE, 17, 0x10000000 <unfinished ...>
12321 05:54:26 clone3({flags=CLONE_VM|CLONE_FS|CLONE_FILES|CLONE_SIGHAND|CLONE_THREAD|CLONE_SYSVSEM|CLONE_SETTLS|CLONE_PARENT_SETTID|CLONE_CHILD_CLEARTID, child_tid=0x7f0319869910, parent_tid=0x7f0319869910, exit_signal=0, stack=0x7f0319069000, stack_size=0x7ffe00, tls=0x7f0319869640} <unfinished ...>
12318 05:54:26 madvise(0x2887e9ac0000, 520192, MADV_DONTFORK <unfinished ...>
12320 05:54:26 <... brk resumed>)       = 0x173d3000
12319 05:54:26 <... mmap resumed>)      = 0x7f21f058a000
12318 05:54:26 <... madvise resumed>)   = 0
12321 05:54:26 <... clone3 resumed> => {parent_tid=[12340]}, 88) = 12340
12318 05:54:26 munmap(0x2887e9b00000, 258048 <unfinished ...>
12340 05:54:26 rseq(0x7f0319869fe0, 0x20, 0, 0x53053053 <unfinished ...>
12321 05:54:26 rt_sigprocmask(SIG_SETMASK, [USR1],  <unfinished ...>
12320 05:54:26 getpid( <unfinished ...>
12319 05:54:26 pipe2( <unfinished ...>
12318 05:54:26 <... munmap resumed>)    = 0
12340 05:54:26 <... rseq resumed>)      = 0
12321 05:54:26 <... rt_sigprocmask resumed>NULL, 8) = 0
12320 05:54:26 <... getpid resumed>)    = 12320
12319 05:54:26 <... pipe2 resumed>[18, 19], O_NONBLOCK|O_CLOEXEC) = 0
12340 05:54:26 set_robust_list(0x7f0319869920, 24 <unfinished ...>
12321 05:54:26 prlimit64(0, RLIMIT_STACK, NULL,  <unfinished ...>
12320 05:54:26 getpid( <unfinished ...>
12319 05:54:26 eventfd2(0, EFD_CLOEXEC|EFD_NONBLOCK <unfinished ...>
12340 05:54:26 <... set_robust_list resumed>) = 0
12321 05:54:26 <... prlimit64 resumed>{rlim_cur=8192*1024, rlim_max=RLIM64_INFINITY}) = 0
12320 05:54:26 <... getpid resumed>)    = 12320
12319 05:54:26 <... eventfd2 resumed>)  = 20
12340 05:54:26 rt_sigprocmask(SIG_SETMASK, [USR1],  <unfinished ...>
12321 05:54:26 mmap(NULL, 8392704, PROT_NONE, MAP_PRIVATE|MAP_ANONYMOUS|MAP_STACK, -1, 0 <unfinished ...>
12340 05:54:26 <... rt_sigprocmask resumed>NULL, 8) = 0
12321 05:54:26 <... mmap resumed>)      = 0x7f0318868000
12340 05:54:26 futex(0x7ffdda4e7520, FUTEX_WAIT_PRIVATE, 2, NULL <unfinished ...>
12321 05:54:26 mprotect(0x7f0318869000, 8388608, PROT_READ|PROT_WRITE <unfinished ...>
12320 05:54:26 mmap(NULL, 524288, PROT_NONE, MAP_PRIVATE|MAP_ANONYMOUS|MAP_NORESERVE, -1, 0 <unfinished ...>
12321 05:54:26 <... mprotect resumed>)  = 0
12321 05:54:26 rt_sigprocmask(SIG_BLOCK, ~[], [USR1], 8) = 0
12321 05:54:26 clone3({flags=CLONE_VM|CLONE_FS|CLONE_FILES|CLONE_SIGHAND|CLONE_THREAD|CLONE_SYSVSEM|CLONE_SETTLS|CLONE_PARENT_SETTID|CLONE_CHILD_CLEARTID, child_tid=0x7f0319068910, parent_tid=0x7f0319068910, exit_signal=0, stack=0x7f0318868000, stack_size=0x7ffe00, tls=0x7f0319068640} <unfinished ...>
12320 05:54:26 <... mmap resumed>)      = 0x7f1eece2c000
12321 05:54:26 <... clone3 resumed> => {parent_tid=[12341]}, 88) = 12341
12319 05:54:26 brk(0x13c56000 <unfinished ...>
12341 05:54:26 rseq(0x7f0319068fe0, 0x20, 0, 0x53053053 <unfinished ...>
12321 05:54:26 rt_sigprocmask(SIG_SETMASK, [USR1],  <unfinished ...>
12341 05:54:26 <... rseq resumed>)      = 0
12320 05:54:26 madvise(0x7f1eece2c000, 524288, MADV_DONTFORK <unfinished ...>
12319 05:54:26 <... brk resumed>)       = 0x13c56000
12318 05:54:26 mmap(NULL, 266240, PROT_READ|PROT_WRITE, MAP_PRIVATE|MAP_ANONYMOUS, -1, 0 <unfinished ...>
12341 05:54:26 set_robust_list(0x7f0319068920, 24 <unfinished ...>
12321 05:54:26 <... rt_sigprocmask resumed>NULL, 8) = 0
12320 05:54:26 <... madvise resumed>)   = 0
12318 05:54:26 <... mmap resumed>)      = 0x7f675c5b7000
12341 05:54:26 <... set_robust_list resumed>) = 0
12321 05:54:26 futex(0x7ffdda4e7520, FUTEX_WAKE_PRIVATE, 1 <unfinished ...>
12320 05:54:26 mprotect(0x7f1eece2c000, 16384, PROT_READ|PROT_WRITE <unfinished ...>
12319 05:54:26 openat(AT_FDCWD, "/proc/self/cgroup", O_RDONLY|O_CLOEXEC <unfinished ...>
12341 05:54:26 rt_sigprocmask(SIG_SETMASK, [USR1],  <unfinished ...>
12339 05:54:26 <... futex resumed>)     = 0
12321 05:54:26 <... futex resumed>)     = 1
12320 05:54:26 <... mprotect resumed>)  = 0
12341 05:54:26 <... rt_sigprocmask resumed>NULL, 8) = 0
12339 05:54:26 futex(0x7ffdda4e7578, FUTEX_WAKE_PRIVATE, 1 <unfinished ...>
12321 05:54:26 futex(0x7ffdda4e7520, FUTEX_WAIT_PRIVATE, 2, NULL <unfinished ...>
12320 05:54:26 rt_sigaction(SIGSEGV, {sa_handler=0xfcf220, sa_mask=[], sa_flags=SA_RESTORER|SA_SIGINFO, sa_restorer=0x7f1eef702520},  <unfinished ...>
12319 05:54:26 <... openat resumed>)    = 21
12318 05:54:26 brk(0x3421a000 <unfinished ...>
12341 05:54:26 futex(0x7ffdda4e7520, FUTEX_WAIT_PRIVATE, 2, NULL <unfinished ...>
12339 05:54:26 <... futex resumed>)     = 0
12320 05:54:26 <... rt_sigaction resumed>NULL, 8) = 0
12319 05:54:26 read(21,  <unfinished ...>
12339 05:54:26 futex(0x7ffdda4e7520, FUTEX_WAKE_PRIVATE, 1 <unfinished ...>
12318 05:54:26 <... brk resumed>)       = 0x3421a000
12320 05:54:26 epoll_create1(EPOLL_CLOEXEC <unfinished ...>
12339 05:54:26 <... futex resumed>)     = 1
12338 05:54:26 <... futex resumed>)     = 0
12320 05:54:26 <... epoll_create1 resumed>) = 16
12319 05:54:26 <... read resumed>"0::/user.slice/user-1000.slice/s"..., 1023) = 48
12339 05:54:26 futex(0x2b57f4e0, FUTEX_WAIT_BITSET_PRIVATE|FUTEX_CLOCK_REALTIME, 0, NULL, FUTEX_BITSET_MATCH_ANY <unfinished ...>
12338 05:54:26 futex(0x7ffdda4e7520, FUTEX_WAKE_PRIVATE, 1 <unfinished ...>
12320 05:54:26 io_uring_setup(256, {flags=0, sq_thread_cpu=0, sq_thread_idle=0 <unfinished ...>
12319 05:54:26 close(21 <unfinished ...>
12340 05:54:26 <... futex resumed>)     = 0
12338 05:54:26 <... futex resumed>)     = 1
12320 05:54:26 <... io_uring_setup resumed>, sq_entries=256, cq_entries=512, features=IORING_FEAT_SINGLE_MMAP|IORING_FEAT_NODROP|IORING_FEAT_SUBMIT_STABLE|IORING_FEAT_RW_CUR_POS|IORING_FEAT_CUR_PERSONALITY|IORING_FEAT_FAST_POLL|IORING_FEAT_POLL_32BITS|IORING_FEAT_SQPOLL_NONFIXED|IORING_FEAT_EXT_ARG|IORING_FEAT_NATIVE_WORKERS|IORING_FEAT_RSRC_TAGS, sq_off={head=0, tail=64, ring_mask=256, ring_entries=264, flags=276, dropped=272, array=8512}, cq_off={head=128, tail=192, ring_mask=260, ring_entries=268, overflow=284, cqes=320, flags=280}}) = 17
12319 05:54:26 <... close resumed>)     = 0
12340 05:54:26 futex(0x7ffdda4e7520, FUTEX_WAKE_PRIVATE, 1 <unfinished ...>
12338 05:54:26 futex(0x2b57f4e0, FUTEX_WAIT_BITSET_PRIVATE|FUTEX_CLOCK_REALTIME, 0, NULL, FUTEX_BITSET_MATCH_ANY <unfinished ...>
12320 05:54:26 mmap(NULL, 9536, PROT_READ|PROT_WRITE, MAP_SHARED|MAP_POPULATE, 17, 0 <unfinished ...>
12319 05:54:26 openat(AT_FDCWD, "/sys/fs/cgroup/user.slice/user-1000.slice/session-91.scope/memory.max", O_RDONLY|O_CLOEXEC <unfinished ...>
12340 05:54:26 <... futex resumed>)     = 1
12321 05:54:26 <... futex resumed>)     = 0
12320 05:54:26 <... mmap resumed>)      = 0x7f1eece29000
12340 05:54:26 futex(0x2b57f4e0, FUTEX_WAIT_BITSET_PRIVATE|FUTEX_CLOCK_REALTIME, 0, NULL, FUTEX_BITSET_MATCH_ANY <unfinished ...>
12321 05:54:26 futex(0x7ffdda4e7520, FUTEX_WAKE_PRIVATE, 1 <unfinished ...>
12320 05:54:26 mmap(NULL, 16384, PROT_READ|PROT_WRITE, MAP_SHARED|MAP_POPULATE, 17, 0x10000000 <unfinished ...>
12319 05:54:26 <... openat resumed>)    = 21
12341 05:54:26 <... futex resumed>)     = 0
12321 05:54:26 <... futex resumed>)     = 1
12320 05:54:26 <... mmap resumed>)      = 0x7f1eece25000
12319 05:54:26 read(21,  <unfinished ...>
12341 05:54:26 futex(0x7ffdda4e757c, FUTEX_WAKE_PRIVATE, 1 <unfinished ...>
12321 05:54:26 futex(0x7ffdda4e7520, FUTEX_WAIT_PRIVATE, 2, NULL <unfinished ...>
12320 05:54:26 pipe2( <unfinished ...>
12319 05:54:26 <... read resumed>"max\n", 31) = 4
12341 05:54:26 <... futex resumed>)     = 0
12320 05:54:26 <... pipe2 resumed>[18, 19], O_NONBLOCK|O_CLOEXEC) = 0
12319 05:54:26 close(21 <unfinished ...>
12341 05:54:26 futex(0x7ffdda4e7520, FUTEX_WAKE_PRIVATE, 1 <unfinished ...>
12320 05:54:26 eventfd2(0, EFD_CLOEXEC|EFD_NONBLOCK <unfinished ...>
12319 05:54:26 <... close resumed>)     = 0
12341 05:54:26 <... futex resumed>)     = 1
12321 05:54:26 <... futex resumed>)     = 0
12320 05:54:26 <... eventfd2 resumed>)  = 20
12319 05:54:26 openat(AT_FDCWD, "/sys/fs/cgroup/user.slice/user-1000.slice/session-91.scope/memory.high", O_RDONLY|O_CLOEXEC <unfinished ...>
12341 05:54:26 futex(0x2b57f4e0, FUTEX_WAIT_BITSET_PRIVATE|FUTEX_CLOCK_REALTIME, 0, NULL, FUTEX_BITSET_MATCH_ANY <unfinished ...>
12321 05:54:26 futex(0x7ffdda4e7520, FUTEX_WAKE_PRIVATE, 1) = 0
12318 05:54:26 mmap(0x170e5f600000, 520192, PROT_READ|PROT_WRITE, MAP_PRIVATE|MAP_ANONYMOUS, -1, 0 <unfinished ...>
12321 05:54:26 futex(0x7f031b5da788, FUTEX_WAKE_PRIVATE, 2147483647 <unfinished ...>
12318 05:54:26 <... mmap resumed>)      = 0x170e5f600000
12321 05:54:26 <... futex resumed>)     = 0
12320 05:54:26 brk(0x173f6000 <unfinished ...>
12319 05:54:26 <... openat resumed>)    = 21
12318 05:54:26 madvise(0x170e5f600000, 520192, MADV_DONTFORK <unfinished ...>
12320 05:54:26 <... brk resumed>)       = 0x173f6000
12319 05:54:26 read(21,  <unfinished ...>
12318 05:54:26 <... madvise resumed>)   = 0
12318 05:54:26 munmap(0x170e5f640000, 258048 <unfinished ...>
12320 05:54:26 openat(AT_FDCWD, "/proc/self/cgroup", O_RDONLY|O_CLOEXEC <unfinished ...>
12319 05:54:26 <... read resumed>"max\n", 31) = 4
12318 05:54:26 <... munmap resumed>)    = 0
12320 05:54:26 <... openat resumed>)    = 21
12319 05:54:26 close(21 <unfinished ...>
12320 05:54:26 read(21,  <unfinished ...>
12319 05:54:26 <... close resumed>)     = 0
12321 05:54:26 brk(0x2b5a4000 <unfinished ...>
12320 05:54:26 <... read resumed>"0::/user.slice/user-1000.slice/s"..., 1023) = 48
12319 05:54:26 openat(AT_FDCWD, "/proc/meminfo", O_RDONLY|O_CLOEXEC <unfinished ...>
12321 05:54:26 <... brk resumed>)       = 0x2b5a4000
12320 05:54:26 close(21 <unfinished ...>
12319 05:54:26 <... openat resumed>)    = 21
12320 05:54:26 <... close resumed>)     = 0
12319 05:54:26 read(21,  <unfinished ...>
12321 05:54:26 getpid( <unfinished ...>
12320 05:54:26 openat(AT_FDCWD, "/sys/fs/cgroup/user.slice/user-1000.slice/session-91.scope/memory.max", O_RDONLY|O_CLOEXEC <unfinished ...>
12321 05:54:26 <... getpid resumed>)    = 12321
12319 05:54:26 <... read resumed>"MemTotal:        7991396 kB\nMemF"..., 4095) = 1419
12321 05:54:26 getpid( <unfinished ...>
12320 05:54:26 <... openat resumed>)    = 21
12319 05:54:26 close(21 <unfinished ...>
12321 05:54:26 <... getpid resumed>)    = 12321
12320 05:54:26 read(21,  <unfinished ...>
12319 05:54:26 <... close resumed>)     = 0
12320 05:54:26 <... read resumed>"max\n", 31) = 4
12318 05:54:26 brk(0x34243000)          = 0x34243000
12321 05:54:26 mmap(NULL, 524288, PROT_NONE, MAP_PRIVATE|MAP_ANONYMOUS|MAP_NORESERVE, -1, 0) = 0x7f03187e8000
12321 05:54:26 madvise(0x7f03187e8000, 524288, MADV_DONTFORK) = 0
12320 05:54:26 close(21 <unfinished ...>
12319 05:54:26 brk(0x13c83000 <unfinished ...>
12321 05:54:26 mprotect(0x7f03187e8000, 16384, PROT_READ|PROT_WRITE <unfinished ...>
12320 05:54:26 <... close resumed>)     = 0
12319 05:54:26 <... brk resumed>)       = 0x13c83000
12321 05:54:26 <... mprotect resumed>)  = 0
12320 05:54:26 openat(AT_FDCWD, "/sys/fs/cgroup/user.slice/user-1000.slice/session-91.scope/memory.high", O_RDONLY|O_CLOEXEC <unfinished ...>
12321 05:54:26 rt_sigaction(SIGSEGV, {sa_handler=0xfcf220, sa_mask=[], sa_flags=SA_RESTORER|SA_SIGINFO, sa_restorer=0x7f031b0be520}, NULL, 8) = 0
12321 05:54:26 epoll_create1(EPOLL_CLOEXEC) = 16
12319 05:54:26 getpid( <unfinished ...>
12321 05:54:26 io_uring_setup(256, {flags=0, sq_thread_cpu=0, sq_thread_idle=0 <unfinished ...>
12320 05:54:26 <... openat resumed>)    = 21
12319 05:54:26 <... getpid resumed>)    = 12319
12321 05:54:26 <... io_uring_setup resumed>, sq_entries=256, cq_entries=512, features=IORING_FEAT_SINGLE_MMAP|IORING_FEAT_NODROP|IORING_FEAT_SUBMIT_STABLE|IORING_FEAT_RW_CUR_POS|IORING_FEAT_CUR_PERSONALITY|IORING_FEAT_FAST_POLL|IORING_FEAT_POLL_32BITS|IORING_FEAT_SQPOLL_NONFIXED|IORING_FEAT_EXT_ARG|IORING_FEAT_NATIVE_WORKERS|IORING_FEAT_RSRC_TAGS, sq_off={head=0, tail=64, ring_mask=256, ring_entries=264, flags=276, dropped=272, array=8512}, cq_off={head=128, tail=192, ring_mask=260, ring_entries=268, overflow=284, cqes=320, flags=280}}) = 17
12320 05:54:26 read(21,  <unfinished ...>
12318 05:54:26 munmap(0x7f675c5b7000, 266240 <unfinished ...>
12321 05:54:26 mmap(NULL, 9536, PROT_READ|PROT_WRITE, MAP_SHARED|MAP_POPULATE, 17, 0 <unfinished ...>
12320 05:54:26 <... read resumed>"max\n", 31) = 4
12319 05:54:26 gettid( <unfinished ...>
12321 05:54:26 <... mmap resumed>)      = 0x7f03187e5000
12320 05:54:26 close(21 <unfinished ...>
12319 05:54:26 <... gettid resumed>)    = 12319
12318 05:54:26 <... munmap resumed>)    = 0
12321 05:54:26 mmap(NULL, 16384, PROT_READ|PROT_WRITE, MAP_SHARED|MAP_POPULATE, 17, 0x10000000 <unfinished ...>
12320 05:54:26 <... close resumed>)     = 0
12321 05:54:26 <... mmap resumed>)      = 0x7f03187e1000
12321 05:54:26 pipe2( <unfinished ...>
12318 05:54:26 munmap(0x170e5f601000, 258048 <unfinished ...>
12321 05:54:26 <... pipe2 resumed>[18, 19], O_NONBLOCK|O_CLOEXEC) = 0
12318 05:54:26 <... munmap resumed>)    = 0
12321 05:54:26 eventfd2(0, EFD_CLOEXEC|EFD_NONBLOCK <unfinished ...>
12320 05:54:26 openat(AT_FDCWD, "/proc/meminfo", O_RDONLY|O_CLOEXEC <unfinished ...>
12321 05:54:26 <... eventfd2 resumed>)  = 20
12319 05:54:26 openat(AT_FDCWD, "/proc/self/maps", O_RDONLY|O_CLOEXEC <unfinished ...>
12320 05:54:26 <... openat resumed>)    = 21
12319 05:54:26 <... openat resumed>)    = 21
12320 05:54:26 read(21,  <unfinished ...>
12319 05:54:26 prlimit64(0, RLIMIT_STACK, NULL,  <unfinished ...>
12320 05:54:26 <... read resumed>"MemTotal:        7991396 kB\nMemF"..., 4095) = 1419
12319 05:54:26 <... prlimit64 resumed>{rlim_cur=8192*1024, rlim_max=RLIM64_INFINITY}) = 0
12320 05:54:26 close(21 <unfinished ...>
12319 05:54:26 newfstatat(21, "",  <unfinished ...>
12321 05:54:26 brk(0x2b5c7000 <unfinished ...>
12320 05:54:26 <... close resumed>)     = 0
12319 05:54:26 <... newfstatat resumed>{st_mode=S_IFREG|0444, st_size=0, ...}, AT_EMPTY_PATH) = 0
12321 05:54:26 <... brk resumed>)       = 0x2b5c7000
12321 05:54:26 openat(AT_FDCWD, "/proc/self/cgroup", O_RDONLY|O_CLOEXEC) = 21
12320 05:54:26 brk(0x17423000 <unfinished ...>
12319 05:54:26 read(21,  <unfinished ...>
12321 05:54:26 read(21,  <unfinished ...>
12320 05:54:26 <... brk resumed>)       = 0x17423000
12319 05:54:26 <... read resumed>"00400000-00eae000 r--p 00000000 "..., 1024) = 1024
12321 05:54:26 <... read resumed>"0::/user.slice/user-1000.slice/s"..., 1023) = 48
12321 05:54:26 close(21)                = 0
12321 05:54:26 openat(AT_FDCWD, "/sys/fs/cgroup/user.slice/user-1000.slice/session-91.scope/memory.max", O_RDONLY|O_CLOEXEC <unfinished ...>
12320 05:54:26 getpid( <unfinished ...>
12321 05:54:26 <... openat resumed>)    = 21
12320 05:54:26 <... getpid resumed>)    = 12320
12319 05:54:26 read(21,  <unfinished ...>
12321 05:54:26 read(21,  <unfinished ...>
12320 05:54:26 gettid( <unfinished ...>
12321 05:54:26 <... read resumed>"max\n", 31) = 4
12320 05:54:26 <... gettid resumed>)    = 12320
12319 05:54:26 <... read resumed>"7f21f058a000-7f21f058e000 rw-s 1"..., 1024) = 1024
12321 05:54:26 close(21)                = 0
12321 05:54:26 openat(AT_FDCWD, "/sys/fs/cgroup/user.slice/user-1000.slice/session-91.scope/memory.high", O_RDONLY|O_CLOEXEC) = 21
12321 05:54:26 read(21,  <unfinished ...>
12320 05:54:26 openat(AT_FDCWD, "/proc/self/maps", O_RDONLY|O_CLOEXEC <unfinished ...>
12321 05:54:26 <... read resumed>"max\n", 31) = 4
12320 05:54:26 <... openat resumed>)    = 21
12319 05:54:26 read(21,  <unfinished ...>
12321 05:54:26 close(21 <unfinished ...>
12320 05:54:26 prlimit64(0, RLIMIT_STACK, NULL,  <unfinished ...>
12321 05:54:26 <... close resumed>)     = 0
12319 05:54:26 <... read resumed>"-gnu/libc.so.6\n7f21f1fe0000-7f21"..., 1024) = 1024
12321 05:54:26 openat(AT_FDCWD, "/proc/meminfo", O_RDONLY|O_CLOEXEC <unfinished ...>
12320 05:54:26 <... prlimit64 resumed>{rlim_cur=8192*1024, rlim_max=RLIM64_INFINITY}) = 0
12318 05:54:26 gettid( <unfinished ...>
12321 05:54:26 <... openat resumed>)    = 21
12320 05:54:26 newfstatat(21, "",  <unfinished ...>
12319 05:54:26 read(21,  <unfinished ...>
12318 05:54:26 <... gettid resumed>)    = 12318
12321 05:54:26 read(21,  <unfinished ...>
12320 05:54:26 <... newfstatat resumed>{st_mode=S_IFREG|0444, st_size=0, ...}, AT_EMPTY_PATH) = 0
12319 05:54:26 <... read resumed>"         /usr/lib/x86_64-linux-g"..., 1024) = 1024
12318 05:54:26 gettid( <unfinished ...>
12321 05:54:26 <... read resumed>"MemTotal:        7991396 kB\nMemF"..., 4095) = 1419
12320 05:54:26 read(21,  <unfinished ...>
12319 05:54:26 read(21,  <unfinished ...>
12318 05:54:26 <... gettid resumed>)    = 12318
12321 05:54:26 close(21 <unfinished ...>
12320 05:54:26 <... read resumed>"00400000-00eae000 r--p 00000000 "..., 1024) = 1024
12319 05:54:26 <... read resumed>"/x86_64-linux-gnu/libm.so.6\n7f21"..., 1024) = 1024
12318 05:54:26 gettid( <unfinished ...>
12321 05:54:26 <... close resumed>)     = 0
12320 05:54:26 read(21,  <unfinished ...>
12319 05:54:26 read(21,  <unfinished ...>
12318 05:54:26 <... gettid resumed>)    = 12318
12320 05:54:26 <... read resumed>"e2c000-7f1eece30000 rw-p 0000000"..., 1024) = 1024
12319 05:54:26 <... read resumed>"f21f2386000 r-xp 00001000 08:05 "..., 1024) = 1024
12320 05:54:26 read(21,  <unfinished ...>
12319 05:54:26 read(21,  <unfinished ...>
12318 05:54:26 readlink("/proc/self/exe",  <unfinished ...>
12320 05:54:26 <... read resumed>"-gnu/libc.so.6\n7f1eef87d000-7f1e"..., 1024) = 1024
12319 05:54:26 <... read resumed>"\n7f21f23c9000-7f21f23cb000 r--p "..., 1024) = 566
12321 05:54:26 brk(0x2b5f4000 <unfinished ...>
12320 05:54:26 read(21,  <unfinished ...>
12318 05:54:26 <... readlink resumed>"/usr/bin/node", 8191) = 13
12319 05:54:26 close(21 <unfinished ...>
12321 05:54:26 <... brk resumed>)       = 0x2b5f4000
12320 05:54:26 <... read resumed>"         /usr/lib/x86_64-linux-g"..., 1024) = 1024
12319 05:54:26 <... close resumed>)     = 0
12320 05:54:26 read(21,  <unfinished ...>
12318 05:54:26 getpid( <unfinished ...>
12319 05:54:26 sched_getaffinity(12319, 32,  <unfinished ...>
12320 05:54:26 <... read resumed>"/x86_64-linux-gnu/libm.so.6\n7f1e"..., 1024) = 1024
12318 05:54:26 <... getpid resumed>)    = 12318
12319 05:54:26 <... sched_getaffinity resumed>[0, 1, 2, 3]) = 8
12321 05:54:26 getpid( <unfinished ...>
12320 05:54:26 read(21,  <unfinished ...>
12318 05:54:26 capget({version=_LINUX_CAPABILITY_VERSION_3, pid=12318},  <unfinished ...>
12321 05:54:26 <... getpid resumed>)    = 12321
12320 05:54:26 <... read resumed>"f1eefc23000 r-xp 00001000 08:05 "..., 1024) = 1024
12319 05:54:26 openat(AT_FDCWD, "/proc/self/maps", O_RDONLY <unfinished ...>
12318 05:54:26 <... capget resumed>{effective=0, permitted=0, inheritable=0}) = 0
12321 05:54:26 gettid( <unfinished ...>
12320 05:54:26 read(21,  <unfinished ...>
12319 05:54:26 <... openat resumed>)    = 21
12318 05:54:26 getuid( <unfinished ...>
12321 05:54:26 <... gettid resumed>)    = 12321
12320 05:54:26 <... read resumed>"\n7f1eefc66000-7f1eefc68000 r--p "..., 1024) = 566
12319 05:54:26 newfstatat(21, "",  <unfinished ...>
12318 05:54:26 <... getuid resumed>)    = 1000
12320 05:54:26 close(21 <unfinished ...>
12319 05:54:26 <... newfstatat resumed>{st_mode=S_IFREG|0444, st_size=0, ...}, AT_EMPTY_PATH) = 0
12318 05:54:26 geteuid( <unfinished ...>
12320 05:54:26 <... close resumed>)     = 0
12319 05:54:26 read(21,  <unfinished ...>
12318 05:54:26 <... geteuid resumed>)   = 1000
12320 05:54:26 sched_getaffinity(12320, 32,  <unfinished ...>
12321 05:54:26 openat(AT_FDCWD, "/proc/self/maps", O_RDONLY|O_CLOEXEC <unfinished ...>
12319 05:54:26 <... read resumed>"00400000-00eae000 r--p 00000000 "..., 1024) = 1024
12318 05:54:26 getgid( <unfinished ...>
12321 05:54:26 <... openat resumed>)    = 21
12320 05:54:26 <... sched_getaffinity resumed>[0, 1, 2, 3]) = 8
12318 05:54:26 <... getgid resumed>)    = 1000
12321 05:54:26 prlimit64(0, RLIMIT_STACK, NULL,  <unfinished ...>
12320 05:54:26 openat(AT_FDCWD, "/proc/self/maps", O_RDONLY <unfinished ...>
12319 05:54:26 close(21 <unfinished ...>
12318 05:54:26 getegid( <unfinished ...>
12321 05:54:26 <... prlimit64 resumed>{rlim_cur=8192*1024, rlim_max=RLIM64_INFINITY}) = 0
12320 05:54:26 <... openat resumed>)    = 21
12319 05:54:26 <... close resumed>)     = 0
12318 05:54:26 <... getegid resumed>)   = 1000
12321 05:54:26 newfstatat(21, "",  <unfinished ...>
12320 05:54:26 newfstatat(21, "",  <unfinished ...>
12319 05:54:26 mmap(0x13c80000, 537128960, PROT_NONE, MAP_PRIVATE|MAP_ANONYMOUS|MAP_NORESERVE, -1, 0 <unfinished ...>
12321 05:54:26 <... newfstatat resumed>{st_mode=S_IFREG|0444, st_size=0, ...}, AT_EMPTY_PATH) = 0
12320 05:54:26 <... newfstatat resumed>{st_mode=S_IFREG|0444, st_size=0, ...}, AT_EMPTY_PATH) = 0
12319 05:54:26 <... mmap resumed>)      = 0x7f21cafbf000
12318 05:54:26 mmap(0x20d63f200000, 520192, PROT_READ|PROT_WRITE, MAP_PRIVATE|MAP_ANONYMOUS, -1, 0 <unfinished ...>
12321 05:54:26 read(21,  <unfinished ...>
12320 05:54:26 read(21,  <unfinished ...>
12319 05:54:26 madvise(0x7f21cafbf000, 537128960, MADV_DONTFORK <unfinished ...>
12318 05:54:26 <... mmap resumed>)      = 0x20d63f200000
12321 05:54:26 <... read resumed>"00400000-00eae000 r--p 00000000 "..., 1024) = 1024
12320 05:54:26 <... read resumed>"00400000-00eae000 r--p 00000000 "..., 1024) = 1024
12319 05:54:26 <... madvise resumed>)   = 0
12318 05:54:26 madvise(0x20d63f200000, 520192, MADV_DONTFORK <unfinished ...>
12321 05:54:26 read(21,  <unfinished ...>
12320 05:54:26 close(21 <unfinished ...>
12319 05:54:26 munmap(0x7f21cafbf000, 4096 <unfinished ...>
12318 05:54:26 <... madvise resumed>)   = 0
12321 05:54:26 <... read resumed>"7e8000-7f03187ec000 rw-p 0000000"..., 1024) = 1024
12320 05:54:26 <... close resumed>)     = 0
12319 05:54:26 <... munmap resumed>)    = 0
12318 05:54:26 munmap(0x20d63f240000, 258048 <unfinished ...>
12321 05:54:26 read(21,  <unfinished ...>
12320 05:54:26 mmap(0x17400000, 537128960, PROT_NONE, MAP_PRIVATE|MAP_ANONYMOUS|MAP_NORESERVE, -1, 0 <unfinished ...>
12319 05:54:26 munmap(0x7f21eafc0000, 253952 <unfinished ...>
12318 05:54:26 <... munmap resumed>)    = 0
12321 05:54:26 <... read resumed>"-gnu/libc.so.6\n7f031b239000-7f03"..., 1024) = 1024
12320 05:54:26 <... mmap resumed>)      = 0x7f1ec7fc1000
12319 05:54:26 <... munmap resumed>)    = 0
12321 05:54:26 read(21,  <unfinished ...>
12320 05:54:26 madvise(0x7f1ec7fc1000, 537128960, MADV_DONTFORK <unfinished ...>
12319 05:54:26 mprotect(0x7f21cafc0000, 536870912, PROT_READ|PROT_WRITE|PROT_EXEC <unfinished ...>
12321 05:54:26 <... read resumed>"         /usr/lib/x86_64-linux-g"..., 1024) = 1024
12320 05:54:26 <... madvise resumed>)   = 0
12321 05:54:26 read(21,  <unfinished ...>
12319 05:54:26 <... mprotect resumed>)  = 0
12320 05:54:26 munmap(0x7f1ec7fc1000, 258048 <unfinished ...>
12321 05:54:26 <... read resumed>"/x86_64-linux-gnu/libm.so.6\n7f03"..., 1024) = 1024
12319 05:54:26 madvise(0x7f21cafc0000, 536870912, MADV_DONTNEED <unfinished ...>
12320 05:54:26 <... munmap resumed>)    = 0
12321 05:54:26 read(21,  <unfinished ...>
12319 05:54:26 <... madvise resumed>)   = 0
12321 05:54:26 <... read resumed>"f031b5df000 r-xp 00001000 08:05 "..., 1024) = 1024
12320 05:54:26 mprotect(0x7f1ec8000000, 536870912, PROT_READ|PROT_WRITE|PROT_EXEC <unfinished ...>
12321 05:54:26 read(21,  <unfinished ...>
12319 05:54:26 brk(0x13ca4000 <unfinished ...>
12320 05:54:26 <... mprotect resumed>)  = 0
12321 05:54:26 <... read resumed>"\n7f031b622000-7f031b624000 r--p "..., 1024) = 566
12319 05:54:26 <... brk resumed>)       = 0x13ca4000
12320 05:54:26 madvise(0x7f1ec8000000, 536870912, MADV_DONTNEED <unfinished ...>
12321 05:54:26 close(21 <unfinished ...>
12319 05:54:26 openat(AT_FDCWD, "/proc/self/maps", O_RDONLY <unfinished ...>
12321 05:54:26 <... close resumed>)     = 0
12320 05:54:26 <... madvise resumed>)   = 0
12321 05:54:26 sched_getaffinity(12321, 32,  <unfinished ...>
12319 05:54:26 <... openat resumed>)    = 21
12321 05:54:26 <... sched_getaffinity resumed>[0, 1, 2, 3]) = 8
12320 05:54:26 brk(0x17444000 <unfinished ...>
12319 05:54:26 newfstatat(21, "",  <unfinished ...>
12321 05:54:26 openat(AT_FDCWD, "/proc/self/maps", O_RDONLY <unfinished ...>
12320 05:54:26 <... brk resumed>)       = 0x17444000
12319 05:54:26 <... newfstatat resumed>{st_mode=S_IFREG|0444, st_size=0, ...}, AT_EMPTY_PATH) = 0
12321 05:54:26 <... openat resumed>)    = 21
12320 05:54:26 openat(AT_FDCWD, "/proc/self/maps", O_RDONLY <unfinished ...>
12319 05:54:26 read(21,  <unfinished ...>
12318 05:54:26 mmap(0x2272ef100000, 520192, PROT_READ|PROT_WRITE, MAP_PRIVATE|MAP_ANONYMOUS, -1, 0 <unfinished ...>
12321 05:54:26 newfstatat(21, "",  <unfinished ...>
12320 05:54:26 <... openat resumed>)    = 21
12319 05:54:26 <... read resumed>"00400000-00eae000 r--p 00000000 "..., 1024) = 1024
12318 05:54:26 <... mmap resumed>)      = 0x2272ef100000
12321 05:54:26 <... newfstatat resumed>{st_mode=S_IFREG|0444, st_size=0, ...}, AT_EMPTY_PATH) = 0
12320 05:54:26 newfstatat(21, "",  <unfinished ...>
12319 05:54:26 close(21 <unfinished ...>
12318 05:54:26 madvise(0x2272ef100000, 520192, MADV_DONTFORK <unfinished ...>
12321 05:54:26 read(21,  <unfinished ...>
12320 05:54:26 <... newfstatat resumed>{st_mode=S_IFREG|0444, st_size=0, ...}, AT_EMPTY_PATH) = 0
12319 05:54:26 <... close resumed>)     = 0
12318 05:54:26 <... madvise resumed>)   = 0
12321 05:54:26 <... read resumed>"00400000-00eae000 r--p 00000000 "..., 1024) = 1024
12320 05:54:26 read(21,  <unfinished ...>
12319 05:54:26 openat(AT_FDCWD, "/usr/bin/node", O_RDONLY <unfinished ...>
12318 05:54:26 munmap(0x2272ef140000, 258048 <unfinished ...>
12321 05:54:26 close(21 <unfinished ...>
12320 05:54:26 <... read resumed>"00400000-00eae000 r--p 00000000 "..., 1024) = 1024
12319 05:54:26 <... openat resumed>)    = 21
12318 05:54:26 <... munmap resumed>)    = 0
12321 05:54:26 <... close resumed>)     = 0
12320 05:54:26 close(21 <unfinished ...>
12319 05:54:26 fstat(21,  <unfinished ...>
12321 05:54:26 mmap(0x6980000, 537128960, PROT_NONE, MAP_PRIVATE|MAP_ANONYMOUS|MAP_NORESERVE, -1, 0 <unfinished ...>
12320 05:54:26 <... close resumed>)     = 0
12321 05:54:26 <... mmap resumed>)      = 0x7f02f3fc1000
12319 05:54:26 <... fstat resumed>{st_mode=S_IFREG|0755, st_size=123503312, ...}) = 0
12320 05:54:26 openat(AT_FDCWD, "/usr/bin/node", O_RDONLY <unfinished ...>
12321 05:54:26 madvise(0x7f02f3fc1000, 537128960, MADV_DONTFORK <unfinished ...>
12319 05:54:26 mmap(0x7f21eadc0000, 1986560, PROT_READ|PROT_EXEC, MAP_PRIVATE|MAP_FIXED, 21, 0x1c8a000 <unfinished ...>
12320 05:54:26 <... openat resumed>)    = 21
12321 05:54:26 <... madvise resumed>)   = 0
12320 05:54:26 fstat(21,  <unfinished ...>
12319 05:54:26 <... mmap resumed>)      = 0x7f21eadc0000
12321 05:54:26 munmap(0x7f02f3fc1000, 258048 <unfinished ...>
12320 05:54:26 <... fstat resumed>{st_mode=S_IFREG|0755, st_size=123503312, ...}) = 0
12319 05:54:26 close(21 <unfinished ...>
12321 05:54:26 <... munmap resumed>)    = 0
12320 05:54:26 mmap(0x7f1ee7e00000, 1986560, PROT_READ|PROT_EXEC, MAP_PRIVATE|MAP_FIXED, 21, 0x1c8a000 <unfinished ...>
12319 05:54:26 <... close resumed>)     = 0
12321 05:54:26 mprotect(0x7f02f4000000, 536870912, PROT_READ|PROT_WRITE|PROT_EXEC <unfinished ...>
12320 05:54:26 <... mmap resumed>)      = 0x7f1ee7e00000
12321 05:54:26 <... mprotect resumed>)  = 0
12319 05:54:26 mmap(0x3ff905280000, 520192, PROT_READ|PROT_WRITE, MAP_PRIVATE|MAP_ANONYMOUS, -1, 0 <unfinished ...>
12321 05:54:26 madvise(0x7f02f4000000, 536870912, MADV_DONTNEED <unfinished ...>
12320 05:54:26 close(21 <unfinished ...>
12319 05:54:26 <... mmap resumed>)      = 0x3ff905280000
12321 05:54:26 <... madvise resumed>)   = 0
12320 05:54:26 <... close resumed>)     = 0
12319 05:54:26 madvise(0x3ff905280000, 520192, MADV_DONTFORK <unfinished ...>
12318 05:54:26 mmap(0xd0b864c0000, 520192, PROT_READ|PROT_WRITE, MAP_PRIVATE|MAP_ANONYMOUS, -1, 0 <unfinished ...>
12321 05:54:26 brk(0x2b615000 <unfinished ...>
12320 05:54:26 mmap(0x3ae422400000, 520192, PROT_READ|PROT_WRITE, MAP_PRIVATE|MAP_ANONYMOUS, -1, 0 <unfinished ...>
12319 05:54:26 <... madvise resumed>)   = 0
12318 05:54:26 <... mmap resumed>)      = 0xd0b864c0000
12321 05:54:26 <... brk resumed>)       = 0x2b615000
12320 05:54:26 <... mmap resumed>)      = 0x3ae422400000
12319 05:54:26 munmap(0x3ff9052c0000, 258048 <unfinished ...>
12318 05:54:26 madvise(0xd0b864c0000, 520192, MADV_DONTFORK <unfinished ...>
12321 05:54:26 openat(AT_FDCWD, "/proc/self/maps", O_RDONLY <unfinished ...>
12320 05:54:26 madvise(0x3ae422400000, 520192, MADV_DONTFORK <unfinished ...>
12319 05:54:26 <... munmap resumed>)    = 0
12318 05:54:26 <... madvise resumed>)   = 0
12321 05:54:26 <... openat resumed>)    = 21
12320 05:54:26 <... madvise resumed>)   = 0
12318 05:54:26 munmap(0xd0b86500000, 258048 <unfinished ...>
12321 05:54:26 newfstatat(21, "",  <unfinished ...>
12318 05:54:26 <... munmap resumed>)    = 0
12321 05:54:26 <... newfstatat resumed>{st_mode=S_IFREG|0444, st_size=0, ...}, AT_EMPTY_PATH) = 0
12321 05:54:26 read(21, "00400000-00eae000 r--p 00000000 "..., 1024) = 1024
12321 05:54:26 close(21 <unfinished ...>
12320 05:54:26 munmap(0x3ae422440000, 258048 <unfinished ...>
12319 05:54:26 munmap(0x3ff90529d000, 143360 <unfinished ...>
12321 05:54:26 <... close resumed>)     = 0
12320 05:54:26 <... munmap resumed>)    = 0
12319 05:54:26 <... munmap resumed>)    = 0
12321 05:54:26 openat(AT_FDCWD, "/usr/bin/node", O_RDONLY) = 21
12321 05:54:26 fstat(21, {st_mode=S_IFREG|0755, st_size=123503312, ...}) = 0
12321 05:54:26 mmap(0x7f0313e00000, 1986560, PROT_READ|PROT_EXEC, MAP_PRIVATE|MAP_FIXED, 21, 0x1c8a000) = 0x7f0313e00000
12321 05:54:26 close(21)                = 0
12320 05:54:26 munmap(0x3ae42241d000, 143360 <unfinished ...>
12321 05:54:26 mmap(0x1189c0540000, 520192, PROT_READ|PROT_WRITE, MAP_PRIVATE|MAP_ANONYMOUS, -1, 0) = 0x1189c0540000
12321 05:54:26 madvise(0x1189c0540000, 520192, MADV_DONTFORK) = 0
12321 05:54:26 munmap(0x1189c0580000, 258048 <unfinished ...>
12319 05:54:26 getpid( <unfinished ...>
12320 05:54:26 <... munmap resumed>)    = 0
12321 05:54:26 <... munmap resumed>)    = 0
12319 05:54:26 <... getpid resumed>)    = 12319
12320 05:54:26 getpid( <unfinished ...>
12321 05:54:26 munmap(0x1189c055d000, 143360) = 0
12320 05:54:26 <... getpid resumed>)    = 12320
12319 05:54:26 mprotect(0x3ff905280000, 118784, PROT_READ <unfinished ...>
12320 05:54:26 mprotect(0x3ae422400000, 118784, PROT_READ <unfinished ...>
12321 05:54:26 getpid( <unfinished ...>
12319 05:54:26 <... mprotect resumed>)  = 0
12321 05:54:26 <... getpid resumed>)    = 12321
12320 05:54:26 <... mprotect resumed>)  = 0
12318 05:54:26 mmap(0x344d87780000, 520192, PROT_READ|PROT_WRITE, MAP_PRIVATE|MAP_ANONYMOUS, -1, 0 <unfinished ...>
12320 05:54:26 mmap(0x332084d40000, 520192, PROT_READ|PROT_WRITE, MAP_PRIVATE|MAP_ANONYMOUS, -1, 0 <unfinished ...>
12319 05:54:26 mmap(0x1ca233800000, 520192, PROT_READ|PROT_WRITE, MAP_PRIVATE|MAP_ANONYMOUS, -1, 0 <unfinished ...>
12318 05:54:26 <... mmap resumed>)      = 0x344d87780000
12320 05:54:26 <... mmap resumed>)      = 0x332084d40000
12319 05:54:26 <... mmap resumed>)      = 0x1ca233800000
12318 05:54:26 madvise(0x344d87780000, 520192, MADV_DONTFORK <unfinished ...>
12321 05:54:26 mprotect(0x1189c0540000, 118784, PROT_READ <unfinished ...>
12320 05:54:26 madvise(0x332084d40000, 520192, MADV_DONTFORK <unfinished ...>
12319 05:54:26 madvise(0x1ca233800000, 520192, MADV_DONTFORK <unfinished ...>
12318 05:54:26 <... madvise resumed>)   = 0
12321 05:54:26 <... mprotect resumed>)  = 0
12320 05:54:26 <... madvise resumed>)   = 0
12319 05:54:26 <... madvise resumed>)   = 0
12318 05:54:26 munmap(0x344d877c0000, 258048 <unfinished ...>
12321 05:54:26 mmap(0x2a7471500000, 520192, PROT_READ|PROT_WRITE, MAP_PRIVATE|MAP_ANONYMOUS, -1, 0 <unfinished ...>
12320 05:54:26 munmap(0x332084d80000, 258048 <unfinished ...>
12319 05:54:26 munmap(0x1ca233840000, 258048 <unfinished ...>
12318 05:54:26 <... munmap resumed>)    = 0
12321 05:54:26 <... mmap resumed>)      = 0x2a7471500000
12320 05:54:26 <... munmap resumed>)    = 0
12319 05:54:26 <... munmap resumed>)    = 0
12321 05:54:26 madvise(0x2a7471500000, 520192, MADV_DONTFORK <unfinished ...>
12320 05:54:26 mmap(0x17ad24d40000, 520192, PROT_READ|PROT_WRITE, MAP_PRIVATE|MAP_ANONYMOUS, -1, 0 <unfinished ...>
12321 05:54:26 <... madvise resumed>)   = 0
12319 05:54:26 mmap(0x26e4d88c0000, 520192, PROT_READ|PROT_WRITE, MAP_PRIVATE|MAP_ANONYMOUS, -1, 0 <unfinished ...>
12320 05:54:26 <... mmap resumed>)      = 0x17ad24d40000
12321 05:54:26 munmap(0x2a7471540000, 258048 <unfinished ...>
12319 05:54:26 <... mmap resumed>)      = 0x26e4d88c0000
12320 05:54:26 madvise(0x17ad24d40000, 520192, MADV_DONTFORK <unfinished ...>
12321 05:54:26 <... munmap resumed>)    = 0
12320 05:54:26 <... madvise resumed>)   = 0
12319 05:54:26 madvise(0x26e4d88c0000, 520192, MADV_DONTFORK <unfinished ...>
12321 05:54:26 mmap(0x1b1ace80000, 520192, PROT_READ|PROT_WRITE, MAP_PRIVATE|MAP_ANONYMOUS, -1, 0 <unfinished ...>
12320 05:54:26 munmap(0x17ad24d80000, 258048 <unfinished ...>
12319 05:54:26 <... madvise resumed>)   = 0
12321 05:54:26 <... mmap resumed>)      = 0x1b1ace80000
12320 05:54:26 <... munmap resumed>)    = 0
12319 05:54:26 munmap(0x26e4d8900000, 258048 <unfinished ...>
12321 05:54:26 madvise(0x1b1ace80000, 520192, MADV_DONTFORK <unfinished ...>
12320 05:54:26 mmap(0x2afb2acc0000, 520192, PROT_READ|PROT_WRITE, MAP_PRIVATE|MAP_ANONYMOUS, -1, 0 <unfinished ...>
12319 05:54:26 <... munmap resumed>)    = 0
12321 05:54:26 <... madvise resumed>)   = 0
12320 05:54:26 <... mmap resumed>)      = 0x2afb2acc0000
12321 05:54:26 munmap(0x1b1acec0000, 258048 <unfinished ...>
12319 05:54:26 mmap(0x22f46e900000, 520192, PROT_READ|PROT_WRITE, MAP_PRIVATE|MAP_ANONYMOUS, -1, 0 <unfinished ...>
12320 05:54:26 madvise(0x2afb2acc0000, 520192, MADV_DONTFORK <unfinished ...>
12321 05:54:26 <... munmap resumed>)    = 0
12320 05:54:26 <... madvise resumed>)   = 0
12319 05:54:26 <... mmap resumed>)      = 0x22f46e900000
12321 05:54:26 mmap(0x1baf6f1c0000, 520192, PROT_READ|PROT_WRITE, MAP_PRIVATE|MAP_ANONYMOUS, -1, 0 <unfinished ...>
12320 05:54:26 munmap(0x2afb2ad00000, 258048 <unfinished ...>
12319 05:54:26 madvise(0x22f46e900000, 520192, MADV_DONTFORK <unfinished ...>
12321 05:54:26 <... mmap resumed>)      = 0x1baf6f1c0000
12320 05:54:26 <... munmap resumed>)    = 0
12319 05:54:26 <... madvise resumed>)   = 0
12318 05:54:26 brk(0x34273000 <unfinished ...>
12321 05:54:26 madvise(0x1baf6f1c0000, 520192, MADV_DONTFORK <unfinished ...>
12320 05:54:26 mmap(0x1170df040000, 520192, PROT_READ|PROT_WRITE, MAP_PRIVATE|MAP_ANONYMOUS, -1, 0 <unfinished ...>
12319 05:54:26 munmap(0x22f46e940000, 258048 <unfinished ...>
12318 05:54:26 <... brk resumed>)       = 0x34273000
12321 05:54:26 <... madvise resumed>)   = 0
12320 05:54:26 <... mmap resumed>)      = 0x1170df040000
12319 05:54:26 <... munmap resumed>)    = 0
12321 05:54:26 munmap(0x1baf6f200000, 258048 <unfinished ...>
12320 05:54:26 madvise(0x1170df040000, 520192, MADV_DONTFORK <unfinished ...>
12321 05:54:26 <... munmap resumed>)    = 0
12320 05:54:26 <... madvise resumed>)   = 0
12319 05:54:26 mmap(0x27ec3f800000, 520192, PROT_READ|PROT_WRITE, MAP_PRIVATE|MAP_ANONYMOUS, -1, 0 <unfinished ...>
12321 05:54:26 mmap(0x2554e3840000, 520192, PROT_READ|PROT_WRITE, MAP_PRIVATE|MAP_ANONYMOUS, -1, 0 <unfinished ...>
12320 05:54:26 munmap(0x1170df080000, 258048 <unfinished ...>
12319 05:54:26 <... mmap resumed>)      = 0x27ec3f800000
12321 05:54:26 <... mmap resumed>)      = 0x2554e3840000
12320 05:54:26 <... munmap resumed>)    = 0
12319 05:54:26 madvise(0x27ec3f800000, 520192, MADV_DONTFORK <unfinished ...>
12321 05:54:26 madvise(0x2554e3840000, 520192, MADV_DONTFORK <unfinished ...>
12320 05:54:26 getpid( <unfinished ...>
12321 05:54:26 <... madvise resumed>)   = 0
12319 05:54:26 <... madvise resumed>)   = 0
12321 05:54:26 munmap(0x2554e3880000, 258048 <unfinished ...>
12320 05:54:26 <... getpid resumed>)    = 12320
12319 05:54:26 munmap(0x27ec3f840000, 258048 <unfinished ...>
12321 05:54:26 <... munmap resumed>)    = 0
12320 05:54:26 mmap(0x3d4399880000, 520192, PROT_READ|PROT_WRITE, MAP_PRIVATE|MAP_ANONYMOUS, -1, 0 <unfinished ...>
12319 05:54:26 <... munmap resumed>)    = 0
12321 05:54:26 getpid( <unfinished ...>
12320 05:54:26 <... mmap resumed>)      = 0x3d4399880000
12321 05:54:26 <... getpid resumed>)    = 12321
12319 05:54:26 getpid( <unfinished ...>
12320 05:54:26 madvise(0x3d4399880000, 520192, MADV_DONTFORK <unfinished ...>
12319 05:54:26 <... getpid resumed>)    = 12319
12320 05:54:26 <... madvise resumed>)   = 0
12321 05:54:26 mmap(0x3682a5200000, 520192, PROT_READ|PROT_WRITE, MAP_PRIVATE|MAP_ANONYMOUS, -1, 0 <unfinished ...>
12319 05:54:26 mmap(0x106a9ce80000, 520192, PROT_READ|PROT_WRITE, MAP_PRIVATE|MAP_ANONYMOUS, -1, 0 <unfinished ...>
12318 05:54:26 mmap(0x12d02d800000, 520192, PROT_READ|PROT_WRITE, MAP_PRIVATE|MAP_ANONYMOUS, -1, 0 <unfinished ...>
12321 05:54:26 <... mmap resumed>)      = 0x3682a5200000
12320 05:54:26 munmap(0x3d43998c0000, 258048 <unfinished ...>
12319 05:54:26 <... mmap resumed>)      = 0x106a9ce80000
12321 05:54:26 madvise(0x3682a5200000, 520192, MADV_DONTFORK <unfinished ...>
12318 05:54:26 <... mmap resumed>)      = 0x12d02d800000
12321 05:54:26 <... madvise resumed>)   = 0
12320 05:54:26 <... munmap resumed>)    = 0
12319 05:54:26 madvise(0x106a9ce80000, 520192, MADV_DONTFORK <unfinished ...>
12318 05:54:26 madvise(0x12d02d800000, 520192, MADV_DONTFORK <unfinished ...>
12321 05:54:26 munmap(0x3682a5240000, 258048 <unfinished ...>
12318 05:54:26 <... madvise resumed>)   = 0
12321 05:54:26 <... munmap resumed>)    = 0
12318 05:54:26 munmap(0x12d02d840000, 258048) = 0
12320 05:54:26 brk(0x1746c000 <unfinished ...>
12319 05:54:26 <... madvise resumed>)   = 0
12320 05:54:26 <... brk resumed>)       = 0x1746c000
12319 05:54:26 munmap(0x106a9cec0000, 258048 <unfinished ...>
12321 05:54:26 brk(0x2b63d000)          = 0x2b63d000
12320 05:54:26 brk(0x17494000 <unfinished ...>
12319 05:54:26 <... munmap resumed>)    = 0
12320 05:54:26 <... brk resumed>)       = 0x17494000
12321 05:54:26 brk(0x2b665000)          = 0x2b665000
12319 05:54:26 brk(0x13ccc000 <unfinished ...>
12318 05:54:26 mmap(0x2b8803e40000, 520192, PROT_READ|PROT_WRITE, MAP_PRIVATE|MAP_ANONYMOUS, -1, 0) = 0x2b8803e40000
12318 05:54:26 madvise(0x2b8803e40000, 520192, MADV_DONTFORK) = 0
12318 05:54:26 munmap(0x2b8803e80000, 258048) = 0
12321 05:54:26 mmap(0x26de146c0000, 520192, PROT_READ|PROT_WRITE, MAP_PRIVATE|MAP_ANONYMOUS, -1, 0) = 0x26de146c0000
12321 05:54:26 madvise(0x26de146c0000, 520192, MADV_DONTFORK) = 0
12321 05:54:26 munmap(0x26de14700000, 258048) = 0
12321 05:54:26 mmap(0x3a6cdc580000, 524288, PROT_READ|PROT_WRITE, MAP_PRIVATE|MAP_ANONYMOUS, -1, 0 <unfinished ...>
12320 05:54:26 mmap(0x3af0a0b40000, 520192, PROT_READ|PROT_WRITE, MAP_PRIVATE|MAP_ANONYMOUS, -1, 0 <unfinished ...>
12321 05:54:26 <... mmap resumed>)      = 0x3a6cdc580000
12319 05:54:26 <... brk resumed>)       = 0x13ccc000
12320 05:54:26 <... mmap resumed>)      = 0x3af0a0b40000
12321 05:54:26 madvise(0x3a6cdc580000, 524288, MADV_DONTFORK) = 0
12321 05:54:26 munmap(0x3a6cdc5c1000, 258048) = 0
12318 05:54:26 mmap(0x2cf0f0ac0000, 520192, PROT_READ|PROT_WRITE, MAP_PRIVATE|MAP_ANONYMOUS, -1, 0) = 0x2cf0f0ac0000
12318 05:54:26 madvise(0x2cf0f0ac0000, 520192, MADV_DONTFORK) = 0
12318 05:54:26 munmap(0x2cf0f0b00000, 258048) = 0
12319 05:54:26 brk(0x13cf4000 <unfinished ...>
12320 05:54:26 madvise(0x3af0a0b40000, 520192, MADV_DONTFORK <unfinished ...>
12319 05:54:26 <... brk resumed>)       = 0x13cf4000
12320 05:54:26 <... madvise resumed>)   = 0
12321 05:54:26 mmap(0x30a2ba4c0000, 520192, PROT_READ|PROT_WRITE, MAP_PRIVATE|MAP_ANONYMOUS, -1, 0) = 0x30a2ba4c0000
12321 05:54:26 madvise(0x30a2ba4c0000, 520192, MADV_DONTFORK) = 0
12321 05:54:26 munmap(0x30a2ba500000, 258048) = 0
