54883 15:40:04 futex(0x7fff5be52cac, FUTEX_WAKE_PRIVATE, 1 <unfinished ...>
54865 15:40:04 <... read resumed>"00400000-00eae000 r--p 00000000 "..., 1024) = 1024
54883 15:40:04 <... futex resumed>)     = 1
54866 15:40:04 <... futex resumed>)     = 0
54865 15:40:04 close(21 <unfinished ...>
54866 15:40:04 futex(0x7fff5be52c50, FUTEX_WAIT_PRIVATE, 2, NULL <unfinished ...>
54865 15:40:04 <... close resumed>)     = 0
54863 15:40:04 mmap(0x14fb41140000, 520192, PROT_READ|PROT_WRITE, MAP_PRIVATE|MAP_ANONYMOUS, -1, 0 <unfinished ...>
54865 15:40:04 openat(AT_FDCWD, "/usr/bin/node", O_RDONLY <unfinished ...>
54863 15:40:04 <... mmap resumed>)      = 0x14fb41140000
54865 15:40:04 <... openat resumed>)    = 21
54863 15:40:04 madvise(0x14fb41140000, 520192, MADV_DONTFORK <unfinished ...>
54865 15:40:04 fstat(21,  <unfinished ...>
54863 15:40:04 <... madvise resumed>)   = 0
54865 15:40:04 <... fstat resumed>{st_mode=S_IFREG|0755, st_size=123503312, ...}) = 0
54863 15:40:04 munmap(0x14fb41180000, 258048 <unfinished ...>
54865 15:40:04 mmap(0x7fd1db5c0000, 1986560, PROT_READ|PROT_EXEC, MAP_PRIVATE|MAP_FIXED, 21, 0x1c8a000 <unfinished ...>
54863 15:40:04 <... munmap resumed>)    = 0
54865 15:40:04 <... mmap resumed>)      = 0x7fd1db5c0000
54883 15:40:04 futex(0x7fff5be52c50, FUTEX_WAKE_PRIVATE, 1 <unfinished ...>
54865 15:40:04 close(21 <unfinished ...>
54883 15:40:04 <... futex resumed>)     = 1
54866 15:40:04 <... futex resumed>)     = 0
54865 15:40:04 <... close resumed>)     = 0
54883 15:40:04 futex(0xb4054e0, FUTEX_WAIT_BITSET_PRIVATE|FUTEX_CLOCK_REALTIME, 0, NULL, FUTEX_BITSET_MATCH_ANY <unfinished ...>
54866 15:40:04 futex(0x7fff5be52c50, FUTEX_WAKE_PRIVATE, 1 <unfinished ...>
54865 15:40:04 mmap(0x38aaca5c0000, 520192, PROT_READ|PROT_WRITE, MAP_PRIVATE|MAP_ANONYMOUS, -1, 0 <unfinished ...>
54864 15:40:04 mmap(0x319580880000, 520192, PROT_READ|PROT_WRITE, MAP_PRIVATE|MAP_ANONYMOUS, -1, 0 <unfinished ...>
54865 15:40:04 <... mmap resumed>)      = 0x38aaca5c0000
54864 15:40:04 <... mmap resumed>)      = 0x319580880000
54865 15:40:04 madvise(0x38aaca5c0000, 520192, MADV_DONTFORK <unfinished ...>
54864 15:40:04 madvise(0x319580880000, 520192, MADV_DONTFORK <unfinished ...>
54865 15:40:04 <... madvise resumed>)   = 0
54864 15:40:04 <... madvise resumed>)   = 0
54865 15:40:04 munmap(0x38aaca600000, 258048 <unfinished ...>
54864 15:40:04 munmap(0x3195808c0000, 258048 <unfinished ...>
54865 15:40:04 <... munmap resumed>)    = 0
54864 15:40:04 <... munmap resumed>)    = 0
54866 15:40:04 <... futex resumed>)     = 0
54864 15:40:04 mmap(0xbbe66c80000, 524288, PROT_READ|PROT_WRITE, MAP_PRIVATE|MAP_ANONYMOUS, -1, 0 <unfinished ...>
54866 15:40:04 futex(0x7f7e063ae788, FUTEX_WAKE_PRIVATE, 2147483647 <unfinished ...>
54864 15:40:04 <... mmap resumed>)      = 0xbbe66c80000
54863 15:40:04 mmap(NULL, 266240, PROT_READ|PROT_WRITE, MAP_PRIVATE|MAP_ANONYMOUS, -1, 0 <unfinished ...>
54864 15:40:04 madvise(0xbbe66c80000, 524288, MADV_DONTFORK <unfinished ...>
54865 15:40:04 munmap(0x38aaca5dd000, 143360 <unfinished ...>
54864 15:40:04 <... madvise resumed>)   = 0
54863 15:40:04 <... mmap resumed>)      = 0x7f9ef5a17000
54865 15:40:04 <... munmap resumed>)    = 0
54864 15:40:04 munmap(0xbbe66cc1000, 258048 <unfinished ...>
54866 15:40:04 <... futex resumed>)     = 0
54864 15:40:04 <... munmap resumed>)    = 0
54866 15:40:04 brk(0xb42a000 <unfinished ...>
54865 15:40:04 getpid( <unfinished ...>
54863 15:40:04 brk(0x1a427000 <unfinished ...>
54865 15:40:04 <... getpid resumed>)    = 54865
54863 15:40:04 <... brk resumed>)       = 0x1a427000
54866 15:40:04 <... brk resumed>)       = 0xb42a000
54866 15:40:04 getpid( <unfinished ...>
54865 15:40:04 mprotect(0x38aaca5c0000, 118784, PROT_READ <unfinished ...>
54864 15:40:04 mmap(0x25f979940000, 520192, PROT_READ|PROT_WRITE, MAP_PRIVATE|MAP_ANONYMOUS, -1, 0 <unfinished ...>
54865 15:40:04 <... mprotect resumed>)  = 0
54864 15:40:04 <... mmap resumed>)      = 0x25f979940000
54865 15:40:04 mmap(0x2f634a040000, 520192, PROT_READ|PROT_WRITE, MAP_PRIVATE|MAP_ANONYMOUS, -1, 0 <unfinished ...>
54864 15:40:04 madvise(0x25f979940000, 520192, MADV_DONTFORK <unfinished ...>
54865 15:40:04 <... mmap resumed>)      = 0x2f634a040000
54864 15:40:04 <... madvise resumed>)   = 0
54865 15:40:04 madvise(0x2f634a040000, 520192, MADV_DONTFORK <unfinished ...>
54864 15:40:04 munmap(0x25f979980000, 258048 <unfinished ...>
54865 15:40:04 <... madvise resumed>)   = 0
54864 15:40:04 <... munmap resumed>)    = 0
54865 15:40:04 munmap(0x2f634a080000, 258048 <unfinished ...>
54866 15:40:04 <... getpid resumed>)    = 54866
54865 15:40:04 <... munmap resumed>)    = 0
54866 15:40:04 getpid( <unfinished ...>
54865 15:40:04 mmap(0x191a3d840000, 520192, PROT_READ|PROT_WRITE, MAP_PRIVATE|MAP_ANONYMOUS, -1, 0 <unfinished ...>
54866 15:40:04 <... getpid resumed>)    = 54866
54865 15:40:04 <... mmap resumed>)      = 0x191a3d840000
54866 15:40:04 mmap(NULL, 524288, PROT_NONE, MAP_PRIVATE|MAP_ANONYMOUS|MAP_NORESERVE, -1, 0 <unfinished ...>
54865 15:40:04 madvise(0x191a3d840000, 520192, MADV_DONTFORK <unfinished ...>
54866 15:40:04 <... mmap resumed>)      = 0x7f7e045be000
54865 15:40:04 <... madvise resumed>)   = 0
54866 15:40:04 madvise(0x7f7e045be000, 524288, MADV_DONTFORK <unfinished ...>
54865 15:40:04 munmap(0x191a3d880000, 258048 <unfinished ...>
54866 15:40:04 <... madvise resumed>)   = 0
54865 15:40:04 <... munmap resumed>)    = 0
54866 15:40:04 mprotect(0x7f7e045be000, 16384, PROT_READ|PROT_WRITE <unfinished ...>
54865 15:40:04 mmap(0x370f41d00000, 520192, PROT_READ|PROT_WRITE, MAP_PRIVATE|MAP_ANONYMOUS, -1, 0 <unfinished ...>
54863 15:40:04 mmap(0x305671b80000, 520192, PROT_READ|PROT_WRITE, MAP_PRIVATE|MAP_ANONYMOUS, -1, 0 <unfinished ...>
54865 15:40:04 <... mmap resumed>)      = 0x370f41d00000
54863 15:40:04 <... mmap resumed>)      = 0x305671b80000
54865 15:40:04 madvise(0x370f41d00000, 520192, MADV_DONTFORK <unfinished ...>
54863 15:40:04 madvise(0x305671b80000, 520192, MADV_DONTFORK <unfinished ...>
54865 15:40:04 <... madvise resumed>)   = 0
54863 15:40:04 <... madvise resumed>)   = 0
54865 15:40:04 munmap(0x370f41d40000, 258048 <unfinished ...>
54863 15:40:04 munmap(0x305671bc0000, 258048 <unfinished ...>
54865 15:40:04 <... munmap resumed>)    = 0
54863 15:40:04 <... munmap resumed>)    = 0
54865 15:40:04 mmap(0x38e96600000, 520192, PROT_READ|PROT_WRITE, MAP_PRIVATE|MAP_ANONYMOUS, -1, 0 <unfinished ...>
54866 15:40:04 <... mprotect resumed>)  = 0
54865 15:40:04 <... mmap resumed>)      = 0x38e96600000
54866 15:40:04 rt_sigaction(SIGSEGV, {sa_handler=0xfcf220, sa_mask=[], sa_flags=SA_RESTORER|SA_SIGINFO, sa_restorer=0x7f7e05e92520},  <unfinished ...>
54865 15:40:04 madvise(0x38e96600000, 520192, MADV_DONTFORK <unfinished ...>
54866 15:40:04 <... rt_sigaction resumed>NULL, 8) = 0
54865 15:40:04 <... madvise resumed>)   = 0
54866 15:40:04 epoll_create1(EPOLL_CLOEXEC <unfinished ...>
54865 15:40:04 munmap(0x38e96640000, 258048 <unfinished ...>
54866 15:40:04 <... epoll_create1 resumed>) = 16
54865 15:40:04 <... munmap resumed>)    = 0
54864 15:40:04 brk(0xd387000 <unfinished ...>
54866 15:40:04 io_uring_setup(256, {flags=0, sq_thread_cpu=0, sq_thread_idle=0 <unfinished ...>
54865 15:40:04 getpid( <unfinished ...>
54864 15:40:04 <... brk resumed>)       = 0xd387000
54865 15:40:04 <... getpid resumed>)    = 54865
54866 15:40:04 <... io_uring_setup resumed>, sq_entries=256, cq_entries=512, features=IORING_FEAT_SINGLE_MMAP|IORING_FEAT_NODROP|IORING_FEAT_SUBMIT_STABLE|IORING_FEAT_RW_CUR_POS|IORING_FEAT_CUR_PERSONALITY|IORING_FEAT_FAST_POLL|IORING_FEAT_POLL_32BITS|IORING_FEAT_SQPOLL_NONFIXED|IORING_FEAT_EXT_ARG|IORING_FEAT_NATIVE_WORKERS|IORING_FEAT_RSRC_TAGS, sq_off={head=0, tail=64, ring_mask=256, ring_entries=264, flags=276, dropped=272, array=8512}, cq_off={head=128, tail=192, ring_mask=260, ring_entries=268, overflow=284, cqes=320, flags=280}}) = 17
54865 15:40:04 mmap(0x41d8a0c0000, 520192, PROT_READ|PROT_WRITE, MAP_PRIVATE|MAP_ANONYMOUS, -1, 0 <unfinished ...>
54863 15:40:04 brk(0x1a450000 <unfinished ...>
54865 15:40:04 <... mmap resumed>)      = 0x41d8a0c0000
54863 15:40:04 <... brk resumed>)       = 0x1a450000
54865 15:40:04 madvise(0x41d8a0c0000, 520192, MADV_DONTFORK <unfinished ...>
54866 15:40:04 mmap(NULL, 9536, PROT_READ|PROT_WRITE, MAP_SHARED|MAP_POPULATE, 17, 0 <unfinished ...>
54865 15:40:04 <... madvise resumed>)   = 0
54866 15:40:04 <... mmap resumed>)      = 0x7f7e045bb000
54865 15:40:04 munmap(0x41d8a100000, 258048 <unfinished ...>
54866 15:40:04 mmap(NULL, 16384, PROT_READ|PROT_WRITE, MAP_SHARED|MAP_POPULATE, 17, 0x10000000 <unfinished ...>
54865 15:40:04 <... munmap resumed>)    = 0
54866 15:40:04 <... mmap resumed>)      = 0x7f7e045b7000
54866 15:40:04 pipe2([18, 19], O_NONBLOCK|O_CLOEXEC) = 0
54866 15:40:04 eventfd2(0, EFD_CLOEXEC|EFD_NONBLOCK) = 20
54866 15:40:04 brk(0xb44d000 <unfinished ...>
54865 15:40:04 brk(0x172ff000 <unfinished ...>
54863 15:40:04 munmap(0x7f9ef5a17000, 266240 <unfinished ...>
54865 15:40:04 <... brk resumed>)       = 0x172ff000
54866 15:40:04 <... brk resumed>)       = 0xb44d000
54863 15:40:04 <... munmap resumed>)    = 0
54866 15:40:04 openat(AT_FDCWD, "/proc/self/cgroup", O_RDONLY|O_CLOEXEC <unfinished ...>
54864 15:40:04 mmap(0x21ea33780000, 520192, PROT_READ|PROT_WRITE, MAP_PRIVATE|MAP_ANONYMOUS, -1, 0 <unfinished ...>
54863 15:40:04 munmap(0x305671b81000, 258048 <unfinished ...>
54864 15:40:04 <... mmap resumed>)      = 0x21ea33780000
54863 15:40:04 <... munmap resumed>)    = 0
54864 15:40:04 madvise(0x21ea33780000, 520192, MADV_DONTFORK <unfinished ...>
54866 15:40:04 <... openat resumed>)    = 21
54864 15:40:04 <... madvise resumed>)   = 0
54866 15:40:04 read(21,  <unfinished ...>
54864 15:40:04 munmap(0x21ea337c0000, 258048 <unfinished ...>
54866 15:40:04 <... read resumed>"0::/user.slice/user-1000.slice/s"..., 1023) = 49
54865 15:40:04 brk(0x17327000 <unfinished ...>
54864 15:40:04 <... munmap resumed>)    = 0
54865 15:40:04 <... brk resumed>)       = 0x17327000
54866 15:40:04 close(21 <unfinished ...>
54864 15:40:04 mmap(0x2173cb7c0000, 520192, PROT_READ|PROT_WRITE, MAP_PRIVATE|MAP_ANONYMOUS, -1, 0 <unfinished ...>
54866 15:40:04 <... close resumed>)     = 0
54864 15:40:04 <... mmap resumed>)      = 0x2173cb7c0000
54866 15:40:04 openat(AT_FDCWD, "/sys/fs/cgroup/user.slice/user-1000.slice/session-316.scope/memory.max", O_RDONLY|O_CLOEXEC <unfinished ...>
54864 15:40:04 madvise(0x2173cb7c0000, 520192, MADV_DONTFORK <unfinished ...>
54866 15:40:04 <... openat resumed>)    = 21
54864 15:40:04 <... madvise resumed>)   = 0
54866 15:40:04 read(21,  <unfinished ...>
54864 15:40:04 munmap(0x2173cb800000, 258048 <unfinished ...>
54866 15:40:04 <... read resumed>"max\n", 31) = 4
54864 15:40:04 <... munmap resumed>)    = 0
54866 15:40:04 close(21)                = 0
54866 15:40:04 openat(AT_FDCWD, "/sys/fs/cgroup/user.slice/user-1000.slice/session-316.scope/memory.high", O_RDONLY|O_CLOEXEC) = 21
54866 15:40:04 read(21, "max\n", 31)    = 4
54866 15:40:04 close(21)                = 0
54866 15:40:04 openat(AT_FDCWD, "/proc/meminfo", O_RDONLY|O_CLOEXEC) = 21
54866 15:40:04 read(21, "MemTotal:        7991396 kB\nMemF"..., 4095) = 1419
54866 15:40:04 close(21)                = 0
54866 15:40:04 brk(0xb47a000 <unfinished ...>
54863 15:40:04 gettid( <unfinished ...>
54866 15:40:04 <... brk resumed>)       = 0xb47a000
54863 15:40:04 <... gettid resumed>)    = 54863
54866 15:40:04 getpid( <unfinished ...>
54863 15:40:04 gettid( <unfinished ...>
54866 15:40:04 <... getpid resumed>)    = 54866
54863 15:40:04 <... gettid resumed>)    = 54863
54866 15:40:04 gettid( <unfinished ...>
54863 15:40:04 gettid( <unfinished ...>
54866 15:40:04 <... gettid resumed>)    = 54866
54863 15:40:04 <... gettid resumed>)    = 54863
54866 15:40:04 openat(AT_FDCWD, "/proc/self/maps", O_RDONLY|O_CLOEXEC <unfinished ...>
54863 15:40:04 readlink("/proc/self/exe",  <unfinished ...>
54866 15:40:04 <... openat resumed>)    = 21
54865 15:40:04 mmap(0x1155e7340000, 520192, PROT_READ|PROT_WRITE, MAP_PRIVATE|MAP_ANONYMOUS, -1, 0 <unfinished ...>
54863 15:40:04 <... readlink resumed>"/usr/bin/node", 8191) = 13
54865 15:40:04 <... mmap resumed>)      = 0x1155e7340000
54866 15:40:04 prlimit64(0, RLIMIT_STACK, NULL,  <unfinished ...>
54865 15:40:04 madvise(0x1155e7340000, 520192, MADV_DONTFORK <unfinished ...>
54866 15:40:04 <... prlimit64 resumed>{rlim_cur=8192*1024, rlim_max=RLIM64_INFINITY}) = 0
54865 15:40:04 <... madvise resumed>)   = 0
54863 15:40:04 getpid( <unfinished ...>
54865 15:40:04 munmap(0x1155e7380000, 258048 <unfinished ...>
54863 15:40:04 <... getpid resumed>)    = 54863
54865 15:40:04 <... munmap resumed>)    = 0
54863 15:40:04 capget({version=_LINUX_CAPABILITY_VERSION_3, pid=54863},  <unfinished ...>
54865 15:40:04 mmap(0x1ca4ab80000, 524288, PROT_READ|PROT_WRITE, MAP_PRIVATE|MAP_ANONYMOUS, -1, 0 <unfinished ...>
54863 15:40:04 <... capget resumed>{effective=0, permitted=0, inheritable=0}) = 0
54865 15:40:04 <... mmap resumed>)      = 0x1ca4ab80000
54863 15:40:04 getuid( <unfinished ...>
54865 15:40:04 madvise(0x1ca4ab80000, 524288, MADV_DONTFORK <unfinished ...>
54863 15:40:04 <... getuid resumed>)    = 1000
54865 15:40:04 <... madvise resumed>)   = 0
54863 15:40:04 geteuid( <unfinished ...>
54865 15:40:04 munmap(0x1ca4abc1000, 258048 <unfinished ...>
54863 15:40:04 <... geteuid resumed>)   = 1000
54865 15:40:04 <... munmap resumed>)    = 0
54863 15:40:04 getgid( <unfinished ...>
54866 15:40:04 newfstatat(21, "",  <unfinished ...>
54863 15:40:04 <... getgid resumed>)    = 1000
54866 15:40:04 <... newfstatat resumed>{st_mode=S_IFREG|0444, st_size=0, ...}, AT_EMPTY_PATH) = 0
54864 15:40:04 mmap(0x16efeafc0000, 520192, PROT_READ|PROT_WRITE, MAP_PRIVATE|MAP_ANONYMOUS, -1, 0 <unfinished ...>
54863 15:40:04 getegid( <unfinished ...>
54866 15:40:04 read(21,  <unfinished ...>
54864 15:40:04 <... mmap resumed>)      = 0x16efeafc0000
54863 15:40:04 <... getegid resumed>)   = 1000
54866 15:40:04 <... read resumed>"00400000-00eae000 r--p 00000000 "..., 1024) = 1024
54864 15:40:04 madvise(0x16efeafc0000, 520192, MADV_DONTFORK <unfinished ...>
54866 15:40:04 read(21,  <unfinished ...>
54864 15:40:04 <... madvise resumed>)   = 0
54863 15:40:04 mmap(0x969f400000, 520192, PROT_READ|PROT_WRITE, MAP_PRIVATE|MAP_ANONYMOUS, -1, 0 <unfinished ...>
54866 15:40:04 <... read resumed>"7f7e045b7000-7f7e045bb000 rw-s 1"..., 1024) = 1024
54864 15:40:04 munmap(0x16efeb000000, 258048 <unfinished ...>
54863 15:40:04 <... mmap resumed>)      = 0x969f400000
54866 15:40:04 read(21,  <unfinished ...>
54864 15:40:04 <... munmap resumed>)    = 0
54863 15:40:04 madvise(0x969f400000, 520192, MADV_DONTFORK <unfinished ...>
54866 15:40:04 <... read resumed>"-gnu/libc.so.6\n7f7e0600d000-7f7e"..., 1024) = 1024
54865 15:40:04 mmap(0x3ba255100000, 520192, PROT_READ|PROT_WRITE, MAP_PRIVATE|MAP_ANONYMOUS, -1, 0 <unfinished ...>
54863 15:40:04 <... madvise resumed>)   = 0
54866 15:40:04 read(21,  <unfinished ...>
54865 15:40:04 <... mmap resumed>)      = 0x3ba255100000
54863 15:40:04 munmap(0x969f440000, 258048 <unfinished ...>
54866 15:40:04 <... read resumed>"         /usr/lib/x86_64-linux-g"..., 1024) = 1024
54865 15:40:04 madvise(0x3ba255100000, 520192, MADV_DONTFORK <unfinished ...>
54864 15:40:04 mmap(0x2d8513f00000, 520192, PROT_READ|PROT_WRITE, MAP_PRIVATE|MAP_ANONYMOUS, -1, 0 <unfinished ...>
54863 15:40:04 <... munmap resumed>)    = 0
54866 15:40:04 read(21,  <unfinished ...>
54865 15:40:04 <... madvise resumed>)   = 0
54864 15:40:04 <... mmap resumed>)      = 0x2d8513f00000
54866 15:40:04 <... read resumed>"/x86_64-linux-gnu/libm.so.6\n7f7e"..., 1024) = 1024
54865 15:40:04 munmap(0x3ba255140000, 258048 <unfinished ...>
54864 15:40:04 madvise(0x2d8513f00000, 520192, MADV_DONTFORK <unfinished ...>
54866 15:40:04 read(21,  <unfinished ...>
54865 15:40:04 <... munmap resumed>)    = 0
54864 15:40:04 <... madvise resumed>)   = 0
54866 15:40:04 <... read resumed>"f7e063b3000 r-xp 00001000 08:05 "..., 1024) = 1024
54866 15:40:04 read(21,  <unfinished ...>
54864 15:40:04 munmap(0x2d8513f40000, 258048 <unfinished ...>
54866 15:40:04 <... read resumed>"\n7f7e063f6000-7f7e063f8000 r--p "..., 1024) = 566
54866 15:40:04 close(21 <unfinished ...>
54864 15:40:04 <... munmap resumed>)    = 0
54866 15:40:04 <... close resumed>)     = 0
54866 15:40:04 sched_getaffinity(54866, 32, [0, 1, 2, 3]) = 8
54866 15:40:04 openat(AT_FDCWD, "/proc/self/maps", O_RDONLY) = 21
54866 15:40:04 newfstatat(21, "", {st_mode=S_IFREG|0444, st_size=0, ...}, AT_EMPTY_PATH) = 0
54866 15:40:04 read(21, "00400000-00eae000 r--p 00000000 "..., 1024) = 1024
54866 15:40:04 close(21 <unfinished ...>
54863 15:40:04 mmap(0x1f3a83ac0000, 520192, PROT_READ|PROT_WRITE, MAP_PRIVATE|MAP_ANONYMOUS, -1, 0 <unfinished ...>
54866 15:40:04 <... close resumed>)     = 0
54866 15:40:04 mmap(0xb440000, 537128960, PROT_NONE, MAP_PRIVATE|MAP_ANONYMOUS|MAP_NORESERVE, -1, 0 <unfinished ...>
54863 15:40:04 <... mmap resumed>)      = 0x1f3a83ac0000
54866 15:40:04 <... mmap resumed>)      = 0x7f7ddefbf000
54866 15:40:04 madvise(0x7f7ddefbf000, 537128960, MADV_DONTFORK <unfinished ...>
54863 15:40:04 madvise(0x1f3a83ac0000, 520192, MADV_DONTFORK <unfinished ...>
54866 15:40:04 <... madvise resumed>)   = 0
54863 15:40:04 <... madvise resumed>)   = 0
54866 15:40:04 munmap(0x7f7ddefbf000, 4096) = 0
54864 15:40:04 mmap(NULL, 266240, PROT_READ|PROT_WRITE, MAP_PRIVATE|MAP_ANONYMOUS, -1, 0 <unfinished ...>
54863 15:40:04 munmap(0x1f3a83b00000, 258048 <unfinished ...>
54866 15:40:04 munmap(0x7f7dfefc0000, 253952 <unfinished ...>
54864 15:40:04 <... mmap resumed>)      = 0x7f405c369000
54863 15:40:04 <... munmap resumed>)    = 0
54866 15:40:04 <... munmap resumed>)    = 0
54866 15:40:04 mprotect(0x7f7ddefc0000, 536870912, PROT_READ|PROT_WRITE|PROT_EXEC) = 0
54866 15:40:04 madvise(0x7f7ddefc0000, 536870912, MADV_DONTNEED) = 0
54866 15:40:04 brk(0xb49b000 <unfinished ...>
54865 15:40:04 brk(0x17357000 <unfinished ...>
54864 15:40:04 brk(0xd382000 <unfinished ...>
54866 15:40:04 <... brk resumed>)       = 0xb49b000
54865 15:40:04 <... brk resumed>)       = 0x17357000
54866 15:40:04 openat(AT_FDCWD, "/proc/self/maps", O_RDONLY <unfinished ...>
54864 15:40:04 <... brk resumed>)       = 0xd382000
54866 15:40:04 <... openat resumed>)    = 21
54866 15:40:04 newfstatat(21, "", {st_mode=S_IFREG|0444, st_size=0, ...}, AT_EMPTY_PATH) = 0
54866 15:40:04 read(21, "00400000-00eae000 r--p 00000000 "..., 1024) = 1024
54866 15:40:04 close(21 <unfinished ...>
54863 15:40:04 mmap(0x29245ac00000, 520192, PROT_READ|PROT_WRITE, MAP_PRIVATE|MAP_ANONYMOUS, -1, 0 <unfinished ...>
54866 15:40:04 <... close resumed>)     = 0
54866 15:40:04 openat(AT_FDCWD, "/usr/bin/node", O_RDONLY <unfinished ...>
54863 15:40:04 <... mmap resumed>)      = 0x29245ac00000
54866 15:40:04 <... openat resumed>)    = 21
54866 15:40:04 fstat(21,  <unfinished ...>
54863 15:40:04 madvise(0x29245ac00000, 520192, MADV_DONTFORK <unfinished ...>
54866 15:40:04 <... fstat resumed>{st_mode=S_IFREG|0755, st_size=123503312, ...}) = 0
54863 15:40:04 <... madvise resumed>)   = 0
54866 15:40:04 mmap(0x7f7dfedc0000, 1986560, PROT_READ|PROT_EXEC, MAP_PRIVATE|MAP_FIXED, 21, 0x1c8a000) = 0x7f7dfedc0000
54863 15:40:04 munmap(0x29245ac40000, 258048 <unfinished ...>
54866 15:40:04 close(21)                = 0
54863 15:40:04 <... munmap resumed>)    = 0
54866 15:40:04 mmap(0x18ca6d2c0000, 520192, PROT_READ|PROT_WRITE, MAP_PRIVATE|MAP_ANONYMOUS, -1, 0) = 0x18ca6d2c0000
54866 15:40:04 madvise(0x18ca6d2c0000, 520192, MADV_DONTFORK) = 0
54866 15:40:04 munmap(0x18ca6d300000, 258048) = 0
54866 15:40:04 munmap(0x18ca6d2dd000, 143360 <unfinished ...>
54865 15:40:04 mmap(0x66cdaac0000, 520192, PROT_READ|PROT_WRITE, MAP_PRIVATE|MAP_ANONYMOUS, -1, 0 <unfinished ...>
54864 15:40:04 mmap(0xbbfda180000, 520192, PROT_READ|PROT_WRITE, MAP_PRIVATE|MAP_ANONYMOUS, -1, 0 <unfinished ...>
54866 15:40:04 <... munmap resumed>)    = 0
54865 15:40:04 <... mmap resumed>)      = 0x66cdaac0000
54864 15:40:04 <... mmap resumed>)      = 0xbbfda180000
54866 15:40:04 getpid( <unfinished ...>
54865 15:40:04 madvise(0x66cdaac0000, 520192, MADV_DONTFORK <unfinished ...>
54864 15:40:04 madvise(0xbbfda180000, 520192, MADV_DONTFORK <unfinished ...>
54866 15:40:04 <... getpid resumed>)    = 54866
54865 15:40:04 <... madvise resumed>)   = 0
54864 15:40:04 <... madvise resumed>)   = 0
54866 15:40:04 mprotect(0x18ca6d2c0000, 118784, PROT_READ <unfinished ...>
54865 15:40:04 munmap(0x66cdab00000, 258048 <unfinished ...>
54864 15:40:04 munmap(0xbbfda1c0000, 258048 <unfinished ...>
54866 15:40:04 <... mprotect resumed>)  = 0
54865 15:40:04 <... munmap resumed>)    = 0
54864 15:40:04 <... munmap resumed>)    = 0
54866 15:40:04 mmap(0x212322800000, 520192, PROT_READ|PROT_WRITE, MAP_PRIVATE|MAP_ANONYMOUS, -1, 0) = 0x212322800000
54865 15:40:04 mmap(0xfe2da500000, 520192, PROT_READ|PROT_WRITE, MAP_PRIVATE|MAP_ANONYMOUS, -1, 0 <unfinished ...>
54866 15:40:04 madvise(0x212322800000, 520192, MADV_DONTFORK <unfinished ...>
54865 15:40:04 <... mmap resumed>)      = 0xfe2da500000
54863 15:40:04 mmap(0x3f46aa800000, 520192, PROT_READ|PROT_WRITE, MAP_PRIVATE|MAP_ANONYMOUS, -1, 0 <unfinished ...>
54866 15:40:04 <... madvise resumed>)   = 0
54865 15:40:04 madvise(0xfe2da500000, 520192, MADV_DONTFORK <unfinished ...>
54863 15:40:04 <... mmap resumed>)      = 0x3f46aa800000
54866 15:40:04 munmap(0x212322840000, 258048 <unfinished ...>
54865 15:40:04 <... madvise resumed>)   = 0
54863 15:40:04 madvise(0x3f46aa800000, 520192, MADV_DONTFORK <unfinished ...>
54866 15:40:04 <... munmap resumed>)    = 0
54865 15:40:04 munmap(0xfe2da540000, 258048 <unfinished ...>
54863 15:40:04 <... madvise resumed>)   = 0
54866 15:40:04 mmap(0xc2673480000, 520192, PROT_READ|PROT_WRITE, MAP_PRIVATE|MAP_ANONYMOUS, -1, 0 <unfinished ...>
54865 15:40:04 <... munmap resumed>)    = 0
54863 15:40:04 munmap(0x3f46aa840000, 258048 <unfinished ...>
54866 15:40:04 <... mmap resumed>)      = 0xc2673480000
54866 15:40:04 madvise(0xc2673480000, 520192, MADV_DONTFORK <unfinished ...>
54863 15:40:04 <... munmap resumed>)    = 0
54866 15:40:04 <... madvise resumed>)   = 0
54866 15:40:04 munmap(0xc26734c0000, 258048) = 0
54864 15:40:04 brk(0xd3ab000 <unfinished ...>
54866 15:40:04 mmap(0x390744a40000, 520192, PROT_READ|PROT_WRITE, MAP_PRIVATE|MAP_ANONYMOUS, -1, 0) = 0x390744a40000
54864 15:40:04 <... brk resumed>)       = 0xd3ab000
54866 15:40:04 madvise(0x390744a40000, 520192, MADV_DONTFORK) = 0
54866 15:40:04 munmap(0x390744a80000, 258048) = 0
54866 15:40:04 mmap(0x3950ffa40000, 520192, PROT_READ|PROT_WRITE, MAP_PRIVATE|MAP_ANONYMOUS, -1, 0) = 0x3950ffa40000
54866 15:40:04 madvise(0x3950ffa40000, 520192, MADV_DONTFORK) = 0
54866 15:40:04 munmap(0x3950ffa80000, 258048) = 0
54866 15:40:04 getpid()                 = 54866
54866 15:40:04 mmap(0x293e75580000, 520192, PROT_READ|PROT_WRITE, MAP_PRIVATE|MAP_ANONYMOUS, -1, 0) = 0x293e75580000
54866 15:40:04 madvise(0x293e75580000, 520192, MADV_DONTFORK <unfinished ...>
54864 15:40:04 munmap(0x7f405c369000, 266240 <unfinished ...>
54866 15:40:04 <... madvise resumed>)   = 0
54863 15:40:04 brk(0x1a480000 <unfinished ...>
54866 15:40:04 munmap(0x293e755c0000, 258048 <unfinished ...>
54864 15:40:04 <... munmap resumed>)    = 0
54863 15:40:04 <... brk resumed>)       = 0x1a480000
54866 15:40:04 <... munmap resumed>)    = 0
54866 15:40:04 brk(0xb4c3000 <unfinished ...>
54864 15:40:04 munmap(0xbbfda181000, 258048 <unfinished ...>
54866 15:40:04 <... brk resumed>)       = 0xb4c3000
54866 15:40:04 brk(0xb4eb000 <unfinished ...>
54864 15:40:04 <... munmap resumed>)    = 0
54863 15:40:04 mmap(0x2f6667600000, 520192, PROT_READ|PROT_WRITE, MAP_PRIVATE|MAP_ANONYMOUS, -1, 0 <unfinished ...>
54866 15:40:04 <... brk resumed>)       = 0xb4eb000
54866 15:40:04 mmap(0x36f2a3100000, 520192, PROT_READ|PROT_WRITE, MAP_PRIVATE|MAP_ANONYMOUS, -1, 0 <unfinished ...>
54865 15:40:04 mmap(0x1dcfde300000, 520192, PROT_READ|PROT_WRITE, MAP_PRIVATE|MAP_ANONYMOUS, -1, 0 <unfinished ...>
54864 15:40:04 gettid( <unfinished ...>
54863 15:40:04 <... mmap resumed>)      = 0x2f6667600000
54866 15:40:04 <... mmap resumed>)      = 0x36f2a3100000
54865 15:40:04 <... mmap resumed>)      = 0x1dcfde300000
54864 15:40:04 <... gettid resumed>)    = 54864
54863 15:40:04 madvise(0x2f6667600000, 520192, MADV_DONTFORK <unfinished ...>
54866 15:40:04 madvise(0x36f2a3100000, 520192, MADV_DONTFORK <unfinished ...>
54865 15:40:04 madvise(0x1dcfde300000, 520192, MADV_DONTFORK <unfinished ...>
54864 15:40:04 gettid( <unfinished ...>
54863 15:40:04 <... madvise resumed>)   = 0
54866 15:40:04 <... madvise resumed>)   = 0
54865 15:40:04 <... madvise resumed>)   = 0
54864 15:40:04 <... gettid resumed>)    = 54864
54863 15:40:04 munmap(0x2f6667640000, 258048 <unfinished ...>
54866 15:40:04 munmap(0x36f2a3140000, 258048 <unfinished ...>
54865 15:40:04 munmap(0x1dcfde340000, 258048 <unfinished ...>
54864 15:40:04 gettid( <unfinished ...>
54863 15:40:04 <... munmap resumed>)    = 0
54866 15:40:04 <... munmap resumed>)    = 0
54865 15:40:04 <... munmap resumed>)    = 0
54864 15:40:04 <... gettid resumed>)    = 54864
54866 15:40:04 mmap(0xa37f9c0000, 524288, PROT_READ|PROT_WRITE, MAP_PRIVATE|MAP_ANONYMOUS, -1, 0) = 0xa37f9c0000
54866 15:40:04 madvise(0xa37f9c0000, 524288, MADV_DONTFORK) = 0
54864 15:40:04 readlink("/proc/self/exe",  <unfinished ...>
54866 15:40:04 munmap(0xa37fa01000, 258048) = 0
54865 15:40:04 mmap(0x340f13f00000, 520192, PROT_READ|PROT_WRITE, MAP_PRIVATE|MAP_ANONYMOUS, -1, 0 <unfinished ...>
54864 15:40:04 <... readlink resumed>"/usr/bin/node", 8191) = 13
54866 15:40:04 mmap(0x36b3e09c0000, 520192, PROT_READ|PROT_WRITE, MAP_PRIVATE|MAP_ANONYMOUS, -1, 0 <unfinished ...>
54865 15:40:04 <... mmap resumed>)      = 0x340f13f00000
54866 15:40:04 <... mmap resumed>)      = 0x36b3e09c0000
54866 15:40:04 madvise(0x36b3e09c0000, 520192, MADV_DONTFORK <unfinished ...>
54865 15:40:04 madvise(0x340f13f00000, 520192, MADV_DONTFORK <unfinished ...>
54866 15:40:04 <... madvise resumed>)   = 0
54865 15:40:04 <... madvise resumed>)   = 0
54864 15:40:04 getpid( <unfinished ...>
54866 15:40:04 munmap(0x36b3e0a00000, 258048 <unfinished ...>
54865 15:40:04 munmap(0x340f13f40000, 258048 <unfinished ...>
54864 15:40:04 <... getpid resumed>)    = 54864
54866 15:40:04 <... munmap resumed>)    = 0
54865 15:40:04 <... munmap resumed>)    = 0
54864 15:40:04 capget({version=_LINUX_CAPABILITY_VERSION_3, pid=54864},  <unfinished ...>
54866 15:40:04 brk(0xb51b000 <unfinished ...>
54864 15:40:04 <... capget resumed>{effective=0, permitted=0, inheritable=0}) = 0
54863 15:40:04 mmap(0x2d987f280000, 520192, PROT_READ|PROT_WRITE, MAP_PRIVATE|MAP_ANONYMOUS, -1, 0 <unfinished ...>
54864 15:40:04 getuid( <unfinished ...>
54863 15:40:04 <... mmap resumed>)      = 0x2d987f280000
54864 15:40:04 <... getuid resumed>)    = 1000
54863 15:40:04 madvise(0x2d987f280000, 520192, MADV_DONTFORK <unfinished ...>
54864 15:40:04 geteuid( <unfinished ...>
54863 15:40:04 <... madvise resumed>)   = 0
54864 15:40:04 <... geteuid resumed>)   = 1000
54863 15:40:04 munmap(0x2d987f2c0000, 258048 <unfinished ...>
54864 15:40:04 getgid( <unfinished ...>
54863 15:40:04 <... munmap resumed>)    = 0
54864 15:40:04 <... getgid resumed>)    = 1000
54866 15:40:04 <... brk resumed>)       = 0xb51b000
54864 15:40:04 getegid( <unfinished ...>
54866 15:40:04 mmap(0x2fbf4b100000, 520192, PROT_READ|PROT_WRITE, MAP_PRIVATE|MAP_ANONYMOUS, -1, 0 <unfinished ...>
54865 15:40:04 mmap(NULL, 266240, PROT_READ|PROT_WRITE, MAP_PRIVATE|MAP_ANONYMOUS, -1, 0 <unfinished ...>
54864 15:40:04 <... getegid resumed>)   = 1000
54866 15:40:04 <... mmap resumed>)      = 0x2fbf4b100000
54865 15:40:04 <... mmap resumed>)      = 0x7fd1e05f3000
54864 15:40:04 mmap(0x37c1b9540000, 520192, PROT_READ|PROT_WRITE, MAP_PRIVATE|MAP_ANONYMOUS, -1, 0 <unfinished ...>
54866 15:40:04 madvise(0x2fbf4b100000, 520192, MADV_DONTFORK <unfinished ...>
54864 15:40:04 <... mmap resumed>)      = 0x37c1b9540000
54866 15:40:04 <... madvise resumed>)   = 0
54864 15:40:04 madvise(0x37c1b9540000, 520192, MADV_DONTFORK <unfinished ...>
54866 15:40:04 munmap(0x2fbf4b140000, 258048 <unfinished ...>
54864 15:40:04 <... madvise resumed>)   = 0
54865 15:40:04 brk(0x17352000 <unfinished ...>
54864 15:40:04 munmap(0x37c1b9580000, 258048 <unfinished ...>
54866 15:40:04 <... munmap resumed>)    = 0
54864 15:40:04 <... munmap resumed>)    = 0
54865 15:40:04 <... brk resumed>)       = 0x17352000
54866 15:40:04 mmap(0x2af43f400000, 520192, PROT_READ|PROT_WRITE, MAP_PRIVATE|MAP_ANONYMOUS, -1, 0) = 0x2af43f400000
54866 15:40:04 madvise(0x2af43f400000, 520192, MADV_DONTFORK) = 0
54866 15:40:04 munmap(0x2af43f440000, 258048) = 0
54866 15:40:04 mmap(0x1e0da4240000, 520192, PROT_READ|PROT_WRITE, MAP_PRIVATE|MAP_ANONYMOUS, -1, 0 <unfinished ...>
54865 15:40:04 mmap(0x327384740000, 520192, PROT_READ|PROT_WRITE, MAP_PRIVATE|MAP_ANONYMOUS, -1, 0 <unfinished ...>
54864 15:40:04 mmap(0x2d3379b40000, 520192, PROT_READ|PROT_WRITE, MAP_PRIVATE|MAP_ANONYMOUS, -1, 0 <unfinished ...>
54863 15:40:04 mmap(0x2815a9100000, 520192, PROT_READ|PROT_WRITE, MAP_PRIVATE|MAP_ANONYMOUS, -1, 0 <unfinished ...>
54865 15:40:04 <... mmap resumed>)      = 0x327384740000
54864 15:40:04 <... mmap resumed>)      = 0x2d3379b40000
54865 15:40:04 madvise(0x327384740000, 520192, MADV_DONTFORK <unfinished ...>
54863 15:40:04 <... mmap resumed>)      = 0x2815a9100000
54864 15:40:04 madvise(0x2d3379b40000, 520192, MADV_DONTFORK <unfinished ...>
54865 15:40:04 <... madvise resumed>)   = 0
54863 15:40:04 madvise(0x2815a9100000, 520192, MADV_DONTFORK <unfinished ...>
54866 15:40:04 <... mmap resumed>)      = 0x1e0da4240000
54864 15:40:04 <... madvise resumed>)   = 0
54866 15:40:04 madvise(0x1e0da4240000, 520192, MADV_DONTFORK <unfinished ...>
54865 15:40:04 munmap(0x327384780000, 258048 <unfinished ...>
54864 15:40:04 munmap(0x2d3379b80000, 258048 <unfinished ...>
54863 15:40:04 <... madvise resumed>)   = 0
54866 15:40:04 <... madvise resumed>)   = 0
54865 15:40:04 <... munmap resumed>)    = 0
54864 15:40:04 <... munmap resumed>)    = 0
54863 15:40:04 munmap(0x2815a9140000, 258048 <unfinished ...>
54866 15:40:04 munmap(0x1e0da4280000, 258048 <unfinished ...>
54863 15:40:04 <... munmap resumed>)    = 0
54865 15:40:04 brk(0x1737b000)          = 0x1737b000
54866 15:40:04 <... munmap resumed>)    = 0
54864 15:40:04 mmap(0x33eaf3cc0000, 520192, PROT_READ|PROT_WRITE, MAP_PRIVATE|MAP_ANONYMOUS, -1, 0 <unfinished ...>
54866 15:40:04 mmap(0x4bda7380000, 520192, PROT_READ|PROT_WRITE, MAP_PRIVATE|MAP_ANONYMOUS, -1, 0 <unfinished ...>
54864 15:40:04 <... mmap resumed>)      = 0x33eaf3cc0000
54866 15:40:04 <... mmap resumed>)      = 0x4bda7380000
54864 15:40:04 madvise(0x33eaf3cc0000, 520192, MADV_DONTFORK <unfinished ...>
54866 15:40:04 madvise(0x4bda7380000, 520192, MADV_DONTFORK <unfinished ...>
54864 15:40:04 <... madvise resumed>)   = 0
54866 15:40:04 <... madvise resumed>)   = 0
54864 15:40:04 munmap(0x33eaf3d00000, 258048 <unfinished ...>
54866 15:40:04 munmap(0x4bda73c0000, 258048 <unfinished ...>
54864 15:40:04 <... munmap resumed>)    = 0
54866 15:40:04 <... munmap resumed>)    = 0
54865 15:40:04 munmap(0x7fd1e05f3000, 266240) = 0
54863 15:40:04 getpid()                 = 54863
54865 15:40:04 munmap(0x327384741000, 258048 <unfinished ...>
54863 15:40:04 futex(0x697ece8, FUTEX_WAKE_PRIVATE, 2147483647 <unfinished ...>
54865 15:40:04 <... munmap resumed>)    = 0
54863 15:40:04 <... futex resumed>)     = 0
54863 15:40:04 rt_sigprocmask(SIG_SETMASK, ~[RTMIN RT_1], [USR1], 8) = 0
54863 15:40:04 mmap(NULL, 36864, PROT_NONE, MAP_PRIVATE|MAP_ANONYMOUS|MAP_STACK, -1, 0) = 0x7f9ef5a4f000
54863 15:40:04 mprotect(0x7f9ef5a50000, 32768, PROT_READ|PROT_WRITE) = 0
54863 15:40:04 rt_sigprocmask(SIG_BLOCK, ~[], ~[KILL STOP RTMIN RT_1], 8) = 0
54863 15:40:04 clone3({flags=CLONE_VM|CLONE_FS|CLONE_FILES|CLONE_SIGHAND|CLONE_THREAD|CLONE_SYSVSEM|CLONE_SETTLS|CLONE_PARENT_SETTID|CLONE_CHILD_CLEARTID, child_tid=0x7f9ef5a57910, parent_tid=0x7f9ef5a57910, exit_signal=0, stack=0x7f9ef5a4f000, stack_size=0x7e00, tls=0x7f9ef5a57640} <unfinished ...>
54887 15:40:04 rseq(0x7f9ef5a57fe0, 0x20, 0, 0x53053053 <unfinished ...>
54863 15:40:04 <... clone3 resumed> => {parent_tid=[54887]}, 88) = 54887
54887 15:40:04 <... rseq resumed>)      = 0
54863 15:40:04 rt_sigprocmask(SIG_SETMASK, ~[KILL STOP RTMIN RT_1],  <unfinished ...>
54887 15:40:04 set_robust_list(0x7f9ef5a57920, 24 <unfinished ...>
54863 15:40:04 <... rt_sigprocmask resumed>NULL, 8) = 0
54887 15:40:04 <... set_robust_list resumed>) = 0
54863 15:40:04 rt_sigprocmask(SIG_SETMASK, [USR1],  <unfinished ...>
54887 15:40:04 rt_sigprocmask(SIG_SETMASK, ~[KILL STOP RTMIN RT_1],  <unfinished ...>
54863 15:40:04 <... rt_sigprocmask resumed>NULL, 8) = 0
54887 15:40:04 <... rt_sigprocmask resumed>NULL, 8) = 0
54863 15:40:04 rt_sigaction(SIGUSR1, {sa_handler=0x11c7100, sa_mask=~[RTMIN RT_1], sa_flags=SA_RESTORER, sa_restorer=0x7f9ef8335520},  <unfinished ...>
54887 15:40:04 futex(0x6969580, FUTEX_WAIT_BITSET_PRIVATE|FUTEX_CLOCK_REALTIME, 0, NULL, FUTEX_BITSET_MATCH_ANY <unfinished ...>
54864 15:40:04 mmap(0x2af257b40000, 520192, PROT_READ|PROT_WRITE, MAP_PRIVATE|MAP_ANONYMOUS, -1, 0 <unfinished ...>
54863 15:40:04 <... rt_sigaction resumed>NULL, 8) = 0
54863 15:40:04 rt_sigprocmask(SIG_UNBLOCK, [USR1], NULL, 8) = 0
54863 15:40:04 sysinfo({uptime=993036, loads=[128, 0, 0], totalram=8183189504, freeram=4622348288, sharedram=2105344, bufferram=68845568, totalswap=4294963200, freeswap=4294963200, procs=253, totalhigh=0, freehigh=0, mem_unit=1}) = 0
54863 15:40:04 futex(0x697ed4c, FUTEX_WAKE_PRIVATE, 2147483647) = 0
54863 15:40:04 futex(0x697ee2c, FUTEX_WAKE_PRIVATE, 2147483647) = 0
54865 15:40:04 gettid( <unfinished ...>
54863 15:40:04 futex(0x697f584, FUTEX_WAKE_PRIVATE, 2147483647 <unfinished ...>
54865 15:40:04 <... gettid resumed>)    = 54865
54863 15:40:04 <... futex resumed>)     = 0
54865 15:40:04 gettid( <unfinished ...>
54863 15:40:04 futex(0x697f57c, FUTEX_WAKE_PRIVATE, 2147483647 <unfinished ...>
54865 15:40:04 <... gettid resumed>)    = 54865
54863 15:40:04 <... futex resumed>)     = 0
54865 15:40:04 gettid( <unfinished ...>
54863 15:40:04 futex(0x697f574, FUTEX_WAKE_PRIVATE, 2147483647 <unfinished ...>
54865 15:40:04 <... gettid resumed>)    = 54865
54863 15:40:04 <... futex resumed>)     = 0
54863 15:40:04 futex(0x6969748, FUTEX_WAKE_PRIVATE, 2147483647 <unfinished ...>
54866 15:40:04 mmap(NULL, 266240, PROT_READ|PROT_WRITE, MAP_PRIVATE|MAP_ANONYMOUS, -1, 0 <unfinished ...>
54864 15:40:04 <... mmap resumed>)      = 0x2af257b40000
54865 15:40:04 readlink("/proc/self/exe",  <unfinished ...>
54863 15:40:04 <... futex resumed>)     = 0
54866 15:40:04 <... mmap resumed>)      = 0x7f7e04576000
54864 15:40:04 madvise(0x2af257b40000, 520192, MADV_DONTFORK <unfinished ...>
54865 15:40:04 <... readlink resumed>"/usr/bin/node", 8191) = 13
54863 15:40:04 getpid()                 = 54863
54863 15:40:04 capget({version=_LINUX_CAPABILITY_VERSION_3, pid=54863}, {effective=0, permitted=0, inheritable=0}) = 0
54866 15:40:04 brk(0xb516000 <unfinished ...>
54865 15:40:04 getpid( <unfinished ...>
54864 15:40:04 <... madvise resumed>)   = 0
54863 15:40:04 getuid( <unfinished ...>
54866 15:40:04 <... brk resumed>)       = 0xb516000
54865 15:40:04 <... getpid resumed>)    = 54865
54864 15:40:04 munmap(0x2af257b80000, 258048 <unfinished ...>
54863 15:40:04 <... getuid resumed>)    = 1000
54865 15:40:04 capget({version=_LINUX_CAPABILITY_VERSION_3, pid=54865},  <unfinished ...>
54863 15:40:04 geteuid( <unfinished ...>
54865 15:40:04 <... capget resumed>{effective=0, permitted=0, inheritable=0}) = 0
54863 15:40:04 <... geteuid resumed>)   = 1000
54865 15:40:04 getuid( <unfinished ...>
54863 15:40:04 getgid( <unfinished ...>
54865 15:40:04 <... getuid resumed>)    = 1000
54863 15:40:04 <... getgid resumed>)    = 1000
54865 15:40:04 geteuid( <unfinished ...>
54863 15:40:04 getegid( <unfinished ...>
54865 15:40:04 <... geteuid resumed>)   = 1000
54863 15:40:04 <... getegid resumed>)   = 1000
54865 15:40:04 getgid()                 = 1000
54865 15:40:04 getegid()                = 1000
54865 15:40:04 mmap(0xb8a92fc0000, 520192, PROT_READ|PROT_WRITE, MAP_PRIVATE|MAP_ANONYMOUS, -1, 0) = 0xb8a92fc0000
54865 15:40:04 madvise(0xb8a92fc0000, 520192, MADV_DONTFORK) = 0
54865 15:40:04 munmap(0xb8a93000000, 258048) = 0
54863 15:40:04 getpid( <unfinished ...>
54866 15:40:04 mmap(0x39646c540000, 520192, PROT_READ|PROT_WRITE, MAP_PRIVATE|MAP_ANONYMOUS, -1, 0 <unfinished ...>
54864 15:40:04 <... munmap resumed>)    = 0
54863 15:40:04 <... getpid resumed>)    = 54863
54866 15:40:04 <... mmap resumed>)      = 0x39646c540000
54865 15:40:04 mmap(0x1c5773a00000, 520192, PROT_READ|PROT_WRITE, MAP_PRIVATE|MAP_ANONYMOUS, -1, 0) = 0x1c5773a00000
54865 15:40:04 madvise(0x1c5773a00000, 520192, MADV_DONTFORK) = 0
54865 15:40:04 munmap(0x1c5773a40000, 258048) = 0
54866 15:40:04 madvise(0x39646c540000, 520192, MADV_DONTFORK <unfinished ...>
54864 15:40:04 brk(0xd3db000 <unfinished ...>
54866 15:40:04 <... madvise resumed>)   = 0
54864 15:40:04 <... brk resumed>)       = 0xd3db000
54866 15:40:04 munmap(0x39646c580000, 258048 <unfinished ...>
54865 15:40:04 mmap(0x1c4b64500000, 520192, PROT_READ|PROT_WRITE, MAP_PRIVATE|MAP_ANONYMOUS, -1, 0) = 0x1c4b64500000
54866 15:40:04 <... munmap resumed>)    = 0
54865 15:40:04 madvise(0x1c4b64500000, 520192, MADV_DONTFORK <unfinished ...>
54864 15:40:04 mmap(0x3c62bddc0000, 520192, PROT_READ|PROT_WRITE, MAP_PRIVATE|MAP_ANONYMOUS, -1, 0) = 0x3c62bddc0000
54864 15:40:04 madvise(0x3c62bddc0000, 520192, MADV_DONTFORK) = 0
54864 15:40:04 munmap(0x3c62bde00000, 258048) = 0
54866 15:40:04 brk(0xb53f000 <unfinished ...>
54865 15:40:04 <... madvise resumed>)   = 0
54866 15:40:04 <... brk resumed>)       = 0xb53f000
54865 15:40:04 munmap(0x1c4b64540000, 258048 <unfinished ...>
54866 15:40:04 munmap(0x7f7e04576000, 266240 <unfinished ...>
54865 15:40:04 <... munmap resumed>)    = 0
54866 15:40:04 <... munmap resumed>)    = 0
54864 15:40:04 mmap(0x2b377f080000, 520192, PROT_READ|PROT_WRITE, MAP_PRIVATE|MAP_ANONYMOUS, -1, 0) = 0x2b377f080000
54864 15:40:04 madvise(0x2b377f080000, 520192, MADV_DONTFORK) = 0
54864 15:40:04 munmap(0x2b377f0c0000, 258048) = 0
54865 15:40:04 mmap(0x296c7e140000, 520192, PROT_READ|PROT_WRITE, MAP_PRIVATE|MAP_ANONYMOUS, -1, 0 <unfinished ...>
54866 15:40:04 munmap(0x39646c541000, 258048 <unfinished ...>
54865 15:40:04 <... mmap resumed>)      = 0x296c7e140000
54866 15:40:04 <... munmap resumed>)    = 0
54865 15:40:04 madvise(0x296c7e140000, 520192, MADV_DONTFORK <unfinished ...>
54864 15:40:04 mmap(0x383a35780000, 520192, PROT_READ|PROT_WRITE, MAP_PRIVATE|MAP_ANONYMOUS, -1, 0 <unfinished ...>
54863 15:40:04 mmap(0x1debf6100000, 520192, PROT_READ|PROT_WRITE, MAP_PRIVATE|MAP_ANONYMOUS, -1, 0 <unfinished ...>
54864 15:40:04 <... mmap resumed>)      = 0x383a35780000
54863 15:40:04 <... mmap resumed>)      = 0x1debf6100000
54864 15:40:04 madvise(0x383a35780000, 520192, MADV_DONTFORK <unfinished ...>
54866 15:40:04 gettid( <unfinished ...>
54865 15:40:04 <... madvise resumed>)   = 0
54864 15:40:04 <... madvise resumed>)   = 0
54863 15:40:04 madvise(0x1debf6100000, 520192, MADV_DONTFORK <unfinished ...>
54866 15:40:04 <... gettid resumed>)    = 54866
54865 15:40:04 munmap(0x296c7e180000, 258048 <unfinished ...>
54864 15:40:04 munmap(0x383a357c0000, 258048 <unfinished ...>
54863 15:40:04 <... madvise resumed>)   = 0
54866 15:40:04 gettid( <unfinished ...>
54865 15:40:04 <... munmap resumed>)    = 0
54864 15:40:04 <... munmap resumed>)    = 0
54863 15:40:04 munmap(0x1debf6140000, 258048 <unfinished ...>
54866 15:40:04 <... gettid resumed>)    = 54866
54863 15:40:04 <... munmap resumed>)    = 0
54866 15:40:04 gettid( <unfinished ...>
54865 15:40:04 brk(0x173ab000 <unfinished ...>
54866 15:40:04 <... gettid resumed>)    = 54866
54865 15:40:04 <... brk resumed>)       = 0x173ab000
54866 15:40:04 readlink("/proc/self/exe",  <unfinished ...>
54864 15:40:04 getpid()                 = 54864
54864 15:40:04 futex(0x697ece8, FUTEX_WAKE_PRIVATE, 2147483647) = 0
54864 15:40:04 rt_sigprocmask(SIG_SETMASK, ~[RTMIN RT_1], [USR1], 8) = 0
54864 15:40:04 mmap(NULL, 36864, PROT_NONE, MAP_PRIVATE|MAP_ANONYMOUS|MAP_STACK, -1, 0 <unfinished ...>
54865 15:40:04 mmap(0xb9f0e380000, 520192, PROT_READ|PROT_WRITE, MAP_PRIVATE|MAP_ANONYMOUS, -1, 0 <unfinished ...>
54866 15:40:04 <... readlink resumed>"/usr/bin/node", 8191) = 13
54864 15:40:04 <... mmap resumed>)      = 0x7f405c3a1000
54865 15:40:04 <... mmap resumed>)      = 0xb9f0e380000
54864 15:40:04 mprotect(0x7f405c3a2000, 32768, PROT_READ|PROT_WRITE) = 0
54866 15:40:04 getpid( <unfinished ...>
54865 15:40:04 madvise(0xb9f0e380000, 520192, MADV_DONTFORK <unfinished ...>
54864 15:40:04 rt_sigprocmask(SIG_BLOCK, ~[],  <unfinished ...>
54866 15:40:04 <... getpid resumed>)    = 54866
54865 15:40:04 <... madvise resumed>)   = 0
54864 15:40:04 <... rt_sigprocmask resumed>~[KILL STOP RTMIN RT_1], 8) = 0
54866 15:40:04 capget({version=_LINUX_CAPABILITY_VERSION_3, pid=54866},  <unfinished ...>
54865 15:40:04 munmap(0xb9f0e3c0000, 258048 <unfinished ...>
54864 15:40:04 clone3({flags=CLONE_VM|CLONE_FS|CLONE_FILES|CLONE_SIGHAND|CLONE_THREAD|CLONE_SYSVSEM|CLONE_SETTLS|CLONE_PARENT_SETTID|CLONE_CHILD_CLEARTID, child_tid=0x7f405c3a9910, parent_tid=0x7f405c3a9910, exit_signal=0, stack=0x7f405c3a1000, stack_size=0x7e00, tls=0x7f405c3a9640} <unfinished ...>
54866 15:40:04 <... capget resumed>{effective=0, permitted=0, inheritable=0}) = 0
54865 15:40:04 <... munmap resumed>)    = 0
54866 15:40:04 getuid( <unfinished ...>
54888 15:40:04 rseq(0x7f405c3a9fe0, 0x20, 0, 0x53053053 <unfinished ...>
54864 15:40:04 <... clone3 resumed> => {parent_tid=[54888]}, 88) = 54888
54888 15:40:04 <... rseq resumed>)      = 0
54864 15:40:04 rt_sigprocmask(SIG_SETMASK, ~[KILL STOP RTMIN RT_1],  <unfinished ...>
54888 15:40:04 set_robust_list(0x7f405c3a9920, 24 <unfinished ...>
54864 15:40:04 <... rt_sigprocmask resumed>NULL, 8) = 0
54888 15:40:04 <... set_robust_list resumed>) = 0
54864 15:40:04 rt_sigprocmask(SIG_SETMASK, [USR1],  <unfinished ...>
54888 15:40:04 rt_sigprocmask(SIG_SETMASK, ~[KILL STOP RTMIN RT_1],  <unfinished ...>
54864 15:40:04 <... rt_sigprocmask resumed>NULL, 8) = 0
54888 15:40:04 <... rt_sigprocmask resumed>NULL, 8) = 0
54864 15:40:04 rt_sigaction(SIGUSR1, {sa_handler=0x11c7100, sa_mask=~[RTMIN RT_1], sa_flags=SA_RESTORER, sa_restorer=0x7f405d484520},  <unfinished ...>
54863 15:40:04 openat(AT_FDCWD, "/dev/null", O_RDONLY|O_CLOEXEC <unfinished ...>
54888 15:40:04 futex(0x6969580, FUTEX_WAIT_BITSET_PRIVATE|FUTEX_CLOCK_REALTIME, 0, NULL, FUTEX_BITSET_MATCH_ANY <unfinished ...>
54864 15:40:04 <... rt_sigaction resumed>NULL, 8) = 0
54863 15:40:04 <... openat resumed>)    = 21
54864 15:40:04 rt_sigprocmask(SIG_UNBLOCK, [USR1],  <unfinished ...>
54863 15:40:04 fcntl(3, F_GETFL <unfinished ...>
54864 15:40:04 <... rt_sigprocmask resumed>NULL, 8) = 0
54863 15:40:04 <... fcntl resumed>)     = 0x2 (flags O_RDWR)
54864 15:40:04 sysinfo( <unfinished ...>
54863 15:40:04 ioctl(3, FIONBIO, [1] <unfinished ...>
54864 15:40:04 <... sysinfo resumed>{uptime=993036, loads=[128, 0, 0], totalram=8183189504, freeram=4622090240, sharedram=2105344, bufferram=68845568, totalswap=4294963200, freeswap=4294963200, procs=254, totalhigh=0, freehigh=0, mem_unit=1}) = 0
54863 15:40:04 <... ioctl resumed>)     = 0
54864 15:40:04 futex(0x697ed4c, FUTEX_WAKE_PRIVATE, 2147483647) = 0
54864 15:40:04 futex(0x697ee2c, FUTEX_WAKE_PRIVATE, 2147483647) = 0
54864 15:40:04 futex(0x697f584, FUTEX_WAKE_PRIVATE, 2147483647) = 0
54864 15:40:04 futex(0x697f57c, FUTEX_WAKE_PRIVATE, 2147483647) = 0
54864 15:40:04 futex(0x697f574, FUTEX_WAKE_PRIVATE, 2147483647) = 0
54864 15:40:04 futex(0x6969748, FUTEX_WAKE_PRIVATE, 2147483647) = 0
54864 15:40:04 getpid()                 = 54864
54864 15:40:04 capget({version=_LINUX_CAPABILITY_VERSION_3, pid=54864}, {effective=0, permitted=0, inheritable=0}) = 0
54864 15:40:04 getuid()                 = 1000
54866 15:40:04 <... getuid resumed>)    = 1000
54865 15:40:04 mmap(0x14399bac0000, 520192, PROT_READ|PROT_WRITE, MAP_PRIVATE|MAP_ANONYMOUS, -1, 0 <unfinished ...>
54864 15:40:04 geteuid( <unfinished ...>
54866 15:40:04 geteuid( <unfinished ...>
54865 15:40:04 <... mmap resumed>)      = 0x14399bac0000
54864 15:40:04 <... geteuid resumed>)   = 1000
54866 15:40:04 <... geteuid resumed>)   = 1000
54865 15:40:04 madvise(0x14399bac0000, 520192, MADV_DONTFORK <unfinished ...>
54864 15:40:04 getgid( <unfinished ...>
54866 15:40:04 getgid( <unfinished ...>
54865 15:40:04 <... madvise resumed>)   = 0
54864 15:40:04 <... getgid resumed>)    = 1000
54866 15:40:04 <... getgid resumed>)    = 1000
54865 15:40:04 munmap(0x14399bb00000, 258048 <unfinished ...>
54864 15:40:04 getegid( <unfinished ...>
54866 15:40:04 getegid( <unfinished ...>
54865 15:40:04 <... munmap resumed>)    = 0
54864 15:40:04 <... getegid resumed>)   = 1000
54866 15:40:04 <... getegid resumed>)   = 1000
54864 15:40:04 getpid()                 = 54864
54865 15:40:04 mmap(0x21449c240000, 520192, PROT_READ|PROT_WRITE, MAP_PRIVATE|MAP_ANONYMOUS, -1, 0 <unfinished ...>
54866 15:40:04 mmap(0x1f49d840000, 520192, PROT_READ|PROT_WRITE, MAP_PRIVATE|MAP_ANONYMOUS, -1, 0 <unfinished ...>
54865 15:40:04 <... mmap resumed>)      = 0x21449c240000
54866 15:40:04 <... mmap resumed>)      = 0x1f49d840000
54865 15:40:04 madvise(0x21449c240000, 520192, MADV_DONTFORK <unfinished ...>
54866 15:40:04 madvise(0x1f49d840000, 520192, MADV_DONTFORK <unfinished ...>
54865 15:40:04 <... madvise resumed>)   = 0
54866 15:40:04 <... madvise resumed>)   = 0
54863 15:40:04 write(3, "{\"cmd\":\"NODE_CLUSTER\",\"act\":\"onl"..., 46 <unfinished ...>
54865 15:40:04 munmap(0x21449c280000, 258048 <unfinished ...>
54866 15:40:04 munmap(0x1f49d880000, 258048 <unfinished ...>
54856 15:40:04 <... epoll_pwait resumed>[{events=EPOLLIN, data={u32=23, u64=23}}], 1024, -1, NULL, 8) = 1
54865 15:40:04 <... munmap resumed>)    = 0
54866 15:40:04 <... munmap resumed>)    = 0
54863 15:40:04 <... write resumed>)     = 46
54856 15:40:04 recvmsg(23, {msg_name=NULL, msg_namelen=0, msg_iov=[{iov_base="{\"cmd\":\"NODE_CLUSTER\",\"act\":\"onl"..., iov_len=65536}], msg_iovlen=1, msg_controllen=0, msg_flags=MSG_CMSG_CLOEXEC}, MSG_CMSG_CLOEXEC) = 46
54865 15:40:04 getpid( <unfinished ...>
54856 15:40:04 epoll_pwait(15, [], 1024, 0, NULL, 8) = 0
54863 15:40:04 getpid( <unfinished ...>
54856 15:40:04 epoll_pwait(15,  <unfinished ...>
54863 15:40:04 <... getpid resumed>)    = 54863
54863 15:40:04 capget({version=_LINUX_CAPABILITY_VERSION_3, pid=54863}, {effective=0, permitted=0, inheritable=0}) = 0
54863 15:40:04 getuid()                 = 1000
54863 15:40:04 geteuid()                = 1000
54863 15:40:04 getgid()                 = 1000
54863 15:40:04 getegid()                = 1000
54863 15:40:04 getpid()                 = 54863
54863 15:40:04 capget({version=_LINUX_CAPABILITY_VERSION_3, pid=54863},  <unfinished ...>
54866 15:40:04 mmap(0x272bd0280000, 520192, PROT_READ|PROT_WRITE, MAP_PRIVATE|MAP_ANONYMOUS, -1, 0 <unfinished ...>
54865 15:40:04 <... getpid resumed>)    = 54865
54863 15:40:04 <... capget resumed>{effective=0, permitted=0, inheritable=0}) = 0
54866 15:40:04 <... mmap resumed>)      = 0x272bd0280000
54865 15:40:04 futex(0x697ece8, FUTEX_WAKE_PRIVATE, 2147483647 <unfinished ...>
54863 15:40:04 getuid( <unfinished ...>
54866 15:40:04 madvise(0x272bd0280000, 520192, MADV_DONTFORK <unfinished ...>
54865 15:40:04 <... futex resumed>)     = 0
54863 15:40:04 <... getuid resumed>)    = 1000
54866 15:40:04 <... madvise resumed>)   = 0
54863 15:40:04 geteuid()                = 1000
54863 15:40:04 getgid( <unfinished ...>
54865 15:40:04 rt_sigprocmask(SIG_SETMASK, ~[RTMIN RT_1],  <unfinished ...>
54863 15:40:04 <... getgid resumed>)    = 1000
54866 15:40:04 munmap(0x272bd02c0000, 258048 <unfinished ...>
54865 15:40:04 <... rt_sigprocmask resumed>[USR1], 8) = 0
54863 15:40:04 getegid( <unfinished ...>
54866 15:40:04 <... munmap resumed>)    = 0
54865 15:40:04 mmap(NULL, 36864, PROT_NONE, MAP_PRIVATE|MAP_ANONYMOUS|MAP_STACK, -1, 0 <unfinished ...>
54863 15:40:04 <... getegid resumed>)   = 1000
54863 15:40:04 statx(AT_FDCWD, "/home/hussein/node-course-content/22-child-process/225-cluster.js", AT_STATX_SYNC_AS_STAT, STATX_ALL, {stx_mask=STATX_ALL|STATX_MNT_ID, stx_attributes=0, stx_mode=S_IFREG|0664, stx_size=1360, ...}) = 0
54863 15:40:04 statx(AT_FDCWD, "/home", AT_STATX_SYNC_AS_STAT|AT_SYMLINK_NOFOLLOW, STATX_ALL, {stx_mask=STATX_ALL|STATX_MNT_ID, stx_attributes=0, stx_mode=S_IFDIR|0755, stx_size=4096, ...}) = 0
54866 15:40:04 mmap(0x31ac59040000, 520192, PROT_READ|PROT_WRITE, MAP_PRIVATE|MAP_ANONYMOUS, -1, 0 <unfinished ...>
54865 15:40:04 <... mmap resumed>)      = 0x7fd1e062b000
54866 15:40:04 <... mmap resumed>)      = 0x31ac59040000
54863 15:40:04 statx(AT_FDCWD, "/home/hussein", AT_STATX_SYNC_AS_STAT|AT_SYMLINK_NOFOLLOW, STATX_ALL,  <unfinished ...>
54865 15:40:04 mprotect(0x7fd1e062c000, 32768, PROT_READ|PROT_WRITE <unfinished ...>
54866 15:40:04 madvise(0x31ac59040000, 520192, MADV_DONTFORK <unfinished ...>
54863 15:40:04 <... statx resumed>{stx_mask=STATX_ALL|STATX_MNT_ID, stx_attributes=0, stx_mode=S_IFDIR|0750, stx_size=4096, ...}) = 0
54866 15:40:04 <... madvise resumed>)   = 0
54865 15:40:04 <... mprotect resumed>)  = 0
54866 15:40:04 munmap(0x31ac59080000, 258048 <unfinished ...>
54863 15:40:04 statx(AT_FDCWD, "/home/hussein/node-course-content", AT_STATX_SYNC_AS_STAT|AT_SYMLINK_NOFOLLOW, STATX_ALL,  <unfinished ...>
54866 15:40:04 <... munmap resumed>)    = 0
54865 15:40:04 rt_sigprocmask(SIG_BLOCK, ~[],  <unfinished ...>
54863 15:40:04 <... statx resumed>{stx_mask=STATX_ALL|STATX_MNT_ID, stx_attributes=0, stx_mode=S_IFDIR|0775, stx_size=4096, ...}) = 0
54863 15:40:04 statx(AT_FDCWD, "/home/hussein/node-course-content/22-child-process", AT_STATX_SYNC_AS_STAT|AT_SYMLINK_NOFOLLOW, STATX_ALL, {stx_mask=STATX_ALL|STATX_MNT_ID, stx_attributes=0, stx_mode=S_IFDIR|0775, stx_size=4096, ...}) = 0
